2025-07-09 01:36:31,362 - root - INFO - PersonDetector initialized with device: cuda
2025-07-09 01:36:38,118 - root - INFO - EmbeddingExtractor initialized with resnet50
2025-07-09 01:36:38,120 - root - INFO - ReIDMatcher initialized with threshold: 0.7
2025-07-09 01:36:38,124 - root - INFO - PersistentTracker initialized
2025-07-09 01:36:38,126 - root - INFO - Visualizer initialized
2025-07-09 01:36:44,774 - root - INFO - Started new tracking session at 0.0
2025-07-09 01:36:45,775 - root - INFO - Person matching: HISTORY | Score: 0.999 | Person ID: 0 | Status: RE_IDENTIFIED
2025-07-09 01:36:46,183 - root - INFO - Person matching: HISTORY | Score: 1.000 | Person ID: 0 | Status: RE_IDENTIFIED
2025-07-09 01:36:46,651 - root - INFO - Person matching: HISTORY | Score: 0.999 | Person ID: 0 | Status: RE_IDENTIFIED
2025-07-09 01:36:48,146 - root - INFO - Person matching: HISTORY | Score: 0.999 | Person ID: 0 | Status: RE_IDENTIFIED
2025-07-09 01:36:49,413 - root - INFO - Person matching: HISTORY | Score: 0.999 | Person ID: 0 | Status: RE_IDENTIFIED
2025-07-09 01:36:50,289 - root - INFO - Person matching: HISTORY | Score: 0.999 | Person ID: 0 | Status: RE_IDENTIFIED
2025-07-09 01:36:50,901 - root - INFO - Person matching: HISTORY | Score: 0.999 | Person ID: 0 | Status: RE_IDENTIFIED
2025-07-09 01:36:51,552 - root - INFO - Person matching: HISTORY | Score: 0.999 | Person ID: 0 | Status: RE_IDENTIFIED
2025-07-09 01:36:52,005 - root - INFO - Person matching: HISTORY | Score: 0.999 | Person ID: 0 | Status: RE_IDENTIFIED
2025-07-09 01:36:52,439 - root - INFO - Person matching: HISTORY | Score: 0.999 | Person ID: 0 | Status: RE_IDENTIFIED
2025-07-09 01:36:52,798 - root - INFO - Person matching: HISTORY | Score: 0.999 | Person ID: 0 | Status: RE_IDENTIFIED
2025-07-09 01:36:53,326 - root - INFO - Person matching: HISTORY | Score: 0.999 | Person ID: 0 | Status: RE_IDENTIFIED
2025-07-09 01:36:53,739 - root - INFO - Person matching: HISTORY | Score: 0.998 | Person ID: 0 | Status: RE_IDENTIFIED
2025-07-09 01:36:54,104 - root - INFO - Person matching: HISTORY | Score: 0.999 | Person ID: 0 | Status: RE_IDENTIFIED
2025-07-09 01:36:54,617 - root - INFO - Person matching: HISTORY | Score: 0.998 | Person ID: 0 | Status: RE_IDENTIFIED
2025-07-09 01:36:55,099 - root - INFO - Person matching: HISTORY | Score: 0.998 | Person ID: 0 | Status: RE_IDENTIFIED
2025-07-09 01:36:55,610 - root - INFO - Person matching: HISTORY | Score: 0.998 | Person ID: 0 | Status: RE_IDENTIFIED
2025-07-09 01:36:56,325 - root - INFO - Person matching: HISTORY | Score: 0.998 | Person ID: 0 | Status: RE_IDENTIFIED
2025-07-09 01:36:56,925 - root - INFO - Person matching: HISTORY | Score: 0.997 | Person ID: 0 | Status: RE_IDENTIFIED
2025-07-09 01:36:58,120 - root - INFO - Person matching: HISTORY | Score: 0.997 | Person ID: 0 | Status: RE_IDENTIFIED
2025-07-09 01:36:59,535 - root - INFO - Person matching: HISTORY | Score: 0.997 | Person ID: 0 | Status: RE_IDENTIFIED
2025-07-09 01:37:00,643 - root - INFO - Person matching: HISTORY | Score: 0.997 | Person ID: 0 | Status: RE_IDENTIFIED
2025-07-09 01:37:01,638 - root - INFO - Person matching: HISTORY | Score: 0.997 | Person ID: 0 | Status: RE_IDENTIFIED
2025-07-09 01:37:02,648 - root - INFO - Person matching: HISTORY | Score: 0.997 | Person ID: 0 | Status: RE_IDENTIFIED
2025-07-09 01:37:04,130 - root - INFO - Person matching: HISTORY | Score: 0.997 | Person ID: 0 | Status: RE_IDENTIFIED
2025-07-09 01:37:05,121 - root - INFO - Person matching: HISTORY | Score: 0.996 | Person ID: 0 | Status: RE_IDENTIFIED
2025-07-09 01:37:06,179 - root - INFO - Person matching: HISTORY | Score: 0.996 | Person ID: 0 | Status: RE_IDENTIFIED
2025-07-09 01:37:07,186 - root - INFO - Person matching: HISTORY | Score: 0.996 | Person ID: 0 | Status: RE_IDENTIFIED
2025-07-09 01:37:07,969 - root - INFO - Person matching: HISTORY | Score: 0.995 | Person ID: 0 | Status: RE_IDENTIFIED
2025-07-09 01:37:08,923 - root - INFO - Person matching: HISTORY | Score: 0.995 | Person ID: 0 | Status: RE_IDENTIFIED
2025-07-09 01:37:09,617 - root - INFO - Person matching: HISTORY | Score: 0.995 | Person ID: 0 | Status: RE_IDENTIFIED
2025-07-09 01:37:10,553 - root - INFO - Person matching: HISTORY | Score: 0.994 | Person ID: 0 | Status: RE_IDENTIFIED
2025-07-09 01:37:11,584 - root - INFO - Person matching: HISTORY | Score: 0.994 | Person ID: 0 | Status: RE_IDENTIFIED
2025-07-09 01:37:12,495 - root - INFO - Person matching: HISTORY | Score: 0.993 | Person ID: 0 | Status: RE_IDENTIFIED
2025-07-09 01:37:13,495 - root - INFO - Person matching: HISTORY | Score: 0.992 | Person ID: 0 | Status: RE_IDENTIFIED
2025-07-09 01:37:14,651 - root - INFO - Person matching: HISTORY | Score: 0.991 | Person ID: 0 | Status: RE_IDENTIFIED
2025-07-09 01:37:15,517 - root - INFO - Person matching: HISTORY | Score: 0.988 | Person ID: 0 | Status: RE_IDENTIFIED
2025-07-09 01:37:16,138 - root - INFO - Person matching: HISTORY | Score: 0.985 | Person ID: 0 | Status: RE_IDENTIFIED
2025-07-09 01:37:16,603 - root - INFO - Person matching: HISTORY | Score: 0.985 | Person ID: 0 | Status: RE_IDENTIFIED
2025-07-09 01:37:17,242 - root - INFO - Person matching: HISTORY | Score: 0.985 | Person ID: 0 | Status: RE_IDENTIFIED
2025-07-09 01:37:18,019 - root - INFO - Person matching: HISTORY | Score: 0.984 | Person ID: 0 | Status: RE_IDENTIFIED
2025-07-09 01:37:18,622 - root - INFO - Person matching: HISTORY | Score: 0.983 | Person ID: 0 | Status: RE_IDENTIFIED
2025-07-09 01:37:19,069 - root - INFO - Person matching: HISTORY | Score: 0.982 | Person ID: 0 | Status: RE_IDENTIFIED
2025-07-09 01:37:19,457 - root - INFO - Person matching: HISTORY | Score: 0.982 | Person ID: 0 | Status: RE_IDENTIFIED
2025-07-09 01:37:19,943 - root - INFO - Person matching: HISTORY | Score: 0.982 | Person ID: 0 | Status: RE_IDENTIFIED
2025-07-09 01:37:20,589 - root - INFO - Person matching: HISTORY | Score: 0.980 | Person ID: 0 | Status: RE_IDENTIFIED
2025-07-09 01:37:21,169 - root - INFO - Person matching: HISTORY | Score: 0.978 | Person ID: 0 | Status: RE_IDENTIFIED
2025-07-09 01:37:21,788 - root - INFO - Person matching: HISTORY | Score: 0.976 | Person ID: 0 | Status: RE_IDENTIFIED
2025-07-09 01:37:22,795 - root - INFO - Person matching: HISTORY | Score: 0.974 | Person ID: 0 | Status: RE_IDENTIFIED
2025-07-09 01:37:23,625 - root - INFO - Person matching: HISTORY | Score: 0.969 | Person ID: 0 | Status: RE_IDENTIFIED
2025-07-09 01:37:24,257 - root - INFO - Person matching: HISTORY | Score: 0.967 | Person ID: 0 | Status: RE_IDENTIFIED
2025-07-09 01:37:24,755 - root - INFO - Person matching: HISTORY | Score: 0.965 | Person ID: 0 | Status: RE_IDENTIFIED
2025-07-09 01:37:25,136 - root - INFO - Person matching: HISTORY | Score: 0.962 | Person ID: 0 | Status: RE_IDENTIFIED
2025-07-09 01:37:25,643 - root - INFO - Person matching: HISTORY | Score: 0.958 | Person ID: 0 | Status: RE_IDENTIFIED
2025-07-09 01:37:26,030 - root - INFO - Person matching: HISTORY | Score: 0.956 | Person ID: 0 | Status: RE_IDENTIFIED
2025-07-09 01:37:26,495 - root - INFO - Person matching: HISTORY | Score: 0.952 | Person ID: 0 | Status: RE_IDENTIFIED
2025-07-09 01:37:27,011 - root - INFO - Person matching: HISTORY | Score: 0.949 | Person ID: 0 | Status: RE_IDENTIFIED
2025-07-09 01:37:27,662 - root - INFO - Person matching: HISTORY | Score: 0.944 | Person ID: 0 | Status: RE_IDENTIFIED
2025-07-09 01:37:28,203 - root - INFO - Person matching: HISTORY | Score: 0.938 | Person ID: 0 | Status: RE_IDENTIFIED
2025-07-09 01:37:28,918 - root - INFO - Person matching: HISTORY | Score: 0.935 | Person ID: 0 | Status: RE_IDENTIFIED
2025-07-09 01:37:29,365 - root - INFO - Person matching: HISTORY | Score: 0.929 | Person ID: 0 | Status: RE_IDENTIFIED
2025-07-09 01:37:29,832 - root - INFO - Person matching: HISTORY | Score: 0.923 | Person ID: 0 | Status: RE_IDENTIFIED
2025-07-09 01:37:30,519 - root - INFO - Person matching: HISTORY | Score: 0.918 | Person ID: 0 | Status: RE_IDENTIFIED
2025-07-09 01:37:31,302 - root - INFO - Person matching: HISTORY | Score: 0.913 | Person ID: 0 | Status: RE_IDENTIFIED
2025-07-09 01:37:31,864 - root - INFO - Person matching: HISTORY | Score: 0.903 | Person ID: 0 | Status: RE_IDENTIFIED
2025-07-09 01:37:32,440 - root - INFO - Person matching: HISTORY | Score: 0.898 | Person ID: 0 | Status: RE_IDENTIFIED
2025-07-09 01:37:33,283 - root - INFO - Person matching: HISTORY | Score: 0.884 | Person ID: 0 | Status: RE_IDENTIFIED
2025-07-09 01:37:34,098 - root - INFO - Person matching: HISTORY | Score: 0.877 | Person ID: 0 | Status: RE_IDENTIFIED
2025-07-09 01:37:35,038 - root - INFO - Person matching: HISTORY | Score: 0.870 | Person ID: 0 | Status: RE_IDENTIFIED
2025-07-09 01:37:35,918 - root - INFO - Person matching: HISTORY | Score: 0.852 | Person ID: 0 | Status: RE_IDENTIFIED
2025-07-09 01:37:36,613 - root - INFO - Person matching: HISTORY | Score: 0.803 | Person ID: 0 | Status: RE_IDENTIFIED
2025-07-09 01:37:37,353 - root - INFO - Person matching: HISTORY | Score: 0.789 | Person ID: 0 | Status: RE_IDENTIFIED
2025-07-09 01:37:38,051 - root - INFO - Person matching: HISTORY | Score: 0.775 | Person ID: 0 | Status: RE_IDENTIFIED
2025-07-09 01:37:38,708 - root - INFO - Person matching: HISTORY | Score: 0.772 | Person ID: 0 | Status: RE_IDENTIFIED
2025-07-09 01:37:38,711 - root - INFO - Person matching: HISTORY | Score: 0.999 | Person ID: 1 | Status: RE_IDENTIFIED
2025-07-09 01:37:39,395 - root - INFO - Person matching: HISTORY | Score: 0.757 | Person ID: 0 | Status: RE_IDENTIFIED
2025-07-09 01:37:39,400 - root - INFO - Person matching: HISTORY | Score: 0.997 | Person ID: 1 | Status: RE_IDENTIFIED
2025-07-09 01:37:40,123 - root - INFO - Person matching: HISTORY | Score: 0.762 | Person ID: 0 | Status: RE_IDENTIFIED
2025-07-09 01:37:40,125 - root - INFO - Person matching: HISTORY | Score: 0.991 | Person ID: 1 | Status: RE_IDENTIFIED
2025-07-09 01:37:40,874 - root - INFO - Person matching: HISTORY | Score: 0.993 | Person ID: 1 | Status: RE_IDENTIFIED
2025-07-09 01:37:41,583 - root - INFO - Person matching: HISTORY | Score: 0.992 | Person ID: 2 | Status: RE_IDENTIFIED
2025-07-09 01:37:41,586 - root - INFO - Person matching: HISTORY | Score: 0.992 | Person ID: 1 | Status: RE_IDENTIFIED
2025-07-09 01:37:42,226 - root - INFO - Person matching: HISTORY | Score: 0.990 | Person ID: 2 | Status: RE_IDENTIFIED
2025-07-09 01:37:42,229 - root - INFO - Person matching: HISTORY | Score: 0.979 | Person ID: 1 | Status: RE_IDENTIFIED
2025-07-09 01:37:42,874 - root - INFO - Person matching: HISTORY | Score: 0.984 | Person ID: 2 | Status: RE_IDENTIFIED
2025-07-09 01:37:42,877 - root - INFO - Person matching: HISTORY | Score: 0.977 | Person ID: 1 | Status: RE_IDENTIFIED
2025-07-09 01:37:43,562 - root - INFO - Person matching: HISTORY | Score: 0.973 | Person ID: 2 | Status: RE_IDENTIFIED
2025-07-09 01:37:43,567 - root - INFO - Person matching: HISTORY | Score: 0.991 | Person ID: 1 | Status: RE_IDENTIFIED
2025-07-09 01:37:44,104 - root - INFO - Person matching: HISTORY | Score: 0.984 | Person ID: 1 | Status: RE_IDENTIFIED
2025-07-09 01:37:44,639 - root - INFO - Person matching: HISTORY | Score: 0.985 | Person ID: 1 | Status: RE_IDENTIFIED
2025-07-09 01:37:45,180 - root - INFO - Person matching: HISTORY | Score: 0.990 | Person ID: 1 | Status: RE_IDENTIFIED
2025-07-09 01:37:45,743 - root - INFO - Person matching: HISTORY | Score: 0.988 | Person ID: 1 | Status: RE_IDENTIFIED
2025-07-09 01:37:46,299 - root - INFO - Person matching: HISTORY | Score: 0.983 | Person ID: 1 | Status: RE_IDENTIFIED
2025-07-09 01:37:46,786 - root - INFO - Person matching: HISTORY | Score: 0.981 | Person ID: 1 | Status: RE_IDENTIFIED
2025-07-09 01:37:47,273 - root - INFO - Person matching: HISTORY | Score: 0.982 | Person ID: 1 | Status: RE_IDENTIFIED
2025-07-09 01:37:47,715 - root - INFO - Person matching: HISTORY | Score: 0.977 | Person ID: 1 | Status: RE_IDENTIFIED
2025-07-09 01:37:48,167 - root - INFO - Person matching: HISTORY | Score: 0.971 | Person ID: 1 | Status: RE_IDENTIFIED
2025-07-09 01:37:48,690 - root - INFO - Person matching: HISTORY | Score: 0.967 | Person ID: 1 | Status: RE_IDENTIFIED
2025-07-09 01:37:49,165 - root - INFO - Person matching: HISTORY | Score: 0.947 | Person ID: 1 | Status: RE_IDENTIFIED
2025-07-09 01:37:49,686 - root - INFO - Person matching: HISTORY | Score: 0.945 | Person ID: 1 | Status: RE_IDENTIFIED
2025-07-09 01:37:50,172 - root - INFO - Person matching: HISTORY | Score: 0.956 | Person ID: 1 | Status: RE_IDENTIFIED
2025-07-09 01:37:50,707 - root - INFO - Person matching: HISTORY | Score: 0.959 | Person ID: 1 | Status: RE_IDENTIFIED
2025-07-09 01:37:51,219 - root - INFO - Person matching: HISTORY | Score: 0.963 | Person ID: 1 | Status: RE_IDENTIFIED
2025-07-09 01:37:51,708 - root - INFO - Person matching: HISTORY | Score: 0.967 | Person ID: 1 | Status: RE_IDENTIFIED
2025-07-09 01:37:52,172 - root - INFO - Person matching: HISTORY | Score: 0.969 | Person ID: 1 | Status: RE_IDENTIFIED
2025-07-09 01:37:52,613 - root - INFO - Person matching: HISTORY | Score: 0.968 | Person ID: 1 | Status: RE_IDENTIFIED
2025-07-09 01:37:53,056 - root - INFO - Person matching: HISTORY | Score: 0.970 | Person ID: 1 | Status: RE_IDENTIFIED
2025-07-09 01:37:53,514 - root - INFO - Person matching: HISTORY | Score: 0.969 | Person ID: 1 | Status: RE_IDENTIFIED
2025-07-09 01:37:53,923 - root - INFO - Person matching: HISTORY | Score: 0.972 | Person ID: 1 | Status: RE_IDENTIFIED
2025-07-09 01:37:54,402 - root - INFO - Person matching: HISTORY | Score: 0.972 | Person ID: 1 | Status: RE_IDENTIFIED
2025-07-09 01:37:54,931 - root - INFO - Person matching: HISTORY | Score: 0.973 | Person ID: 1 | Status: RE_IDENTIFIED
2025-07-09 01:37:55,441 - root - INFO - Person matching: HISTORY | Score: 0.975 | Person ID: 1 | Status: RE_IDENTIFIED
2025-07-09 01:37:55,967 - root - INFO - Person matching: HISTORY | Score: 0.977 | Person ID: 1 | Status: RE_IDENTIFIED
2025-07-09 01:37:56,455 - root - INFO - Person matching: HISTORY | Score: 0.981 | Person ID: 1 | Status: RE_IDENTIFIED
2025-07-09 01:37:56,893 - root - INFO - Person matching: HISTORY | Score: 0.977 | Person ID: 1 | Status: RE_IDENTIFIED
2025-07-09 01:37:57,298 - root - INFO - Person matching: HISTORY | Score: 0.980 | Person ID: 1 | Status: RE_IDENTIFIED
2025-07-09 01:37:57,896 - root - INFO - Person matching: HISTORY | Score: 0.981 | Person ID: 1 | Status: RE_IDENTIFIED
2025-07-09 01:37:58,466 - root - INFO - Person matching: HISTORY | Score: 0.983 | Person ID: 1 | Status: RE_IDENTIFIED
2025-07-09 01:37:58,469 - root - INFO - Person matching: HISTORY | Score: 0.993 | Person ID: 3 | Status: RE_IDENTIFIED
2025-07-09 01:37:59,141 - root - INFO - Person matching: HISTORY | Score: 0.982 | Person ID: 1 | Status: RE_IDENTIFIED
2025-07-09 01:37:59,153 - root - INFO - Person matching: HISTORY | Score: 0.985 | Person ID: 3 | Status: RE_IDENTIFIED
2025-07-09 01:37:59,841 - root - INFO - Person matching: HISTORY | Score: 0.986 | Person ID: 3 | Status: RE_IDENTIFIED
2025-07-09 01:37:59,844 - root - INFO - Person matching: HISTORY | Score: 0.983 | Person ID: 1 | Status: RE_IDENTIFIED
2025-07-09 01:38:00,505 - root - INFO - Person matching: HISTORY | Score: 0.979 | Person ID: 3 | Status: RE_IDENTIFIED
2025-07-09 01:38:00,511 - root - INFO - Person matching: HISTORY | Score: 0.983 | Person ID: 1 | Status: RE_IDENTIFIED
2025-07-09 01:38:01,184 - root - INFO - Person matching: HISTORY | Score: 0.976 | Person ID: 3 | Status: RE_IDENTIFIED
2025-07-09 01:38:01,193 - root - INFO - Person matching: HISTORY | Score: 0.984 | Person ID: 1 | Status: RE_IDENTIFIED
2025-07-09 01:38:01,897 - root - INFO - Person matching: HISTORY | Score: 0.973 | Person ID: 3 | Status: RE_IDENTIFIED
2025-07-09 01:38:01,903 - root - INFO - Person matching: HISTORY | Score: 0.983 | Person ID: 1 | Status: RE_IDENTIFIED
2025-07-09 01:38:02,609 - root - INFO - Person matching: HISTORY | Score: 0.976 | Person ID: 3 | Status: RE_IDENTIFIED
2025-07-09 01:38:02,613 - root - INFO - Person matching: HISTORY | Score: 0.983 | Person ID: 1 | Status: RE_IDENTIFIED
2025-07-09 01:38:03,333 - root - INFO - Person matching: HISTORY | Score: 0.978 | Person ID: 3 | Status: RE_IDENTIFIED
2025-07-09 01:38:03,341 - root - INFO - Person matching: HISTORY | Score: 0.984 | Person ID: 1 | Status: RE_IDENTIFIED
2025-07-09 01:38:04,053 - root - INFO - Person matching: HISTORY | Score: 0.981 | Person ID: 3 | Status: RE_IDENTIFIED
2025-07-09 01:38:04,067 - root - INFO - Person matching: HISTORY | Score: 0.984 | Person ID: 1 | Status: RE_IDENTIFIED
2025-07-09 01:38:04,813 - root - INFO - Person matching: HISTORY | Score: 0.983 | Person ID: 3 | Status: RE_IDENTIFIED
2025-07-09 01:38:04,832 - root - INFO - Person matching: HISTORY | Score: 0.985 | Person ID: 1 | Status: RE_IDENTIFIED
2025-07-09 01:38:05,518 - root - INFO - Person matching: HISTORY | Score: 0.982 | Person ID: 3 | Status: RE_IDENTIFIED
2025-07-09 01:38:05,524 - root - INFO - Person matching: HISTORY | Score: 0.985 | Person ID: 1 | Status: RE_IDENTIFIED
2025-07-09 01:38:06,182 - root - INFO - Person matching: HISTORY | Score: 0.982 | Person ID: 3 | Status: RE_IDENTIFIED
2025-07-09 01:38:06,194 - root - INFO - Person matching: HISTORY | Score: 0.985 | Person ID: 1 | Status: RE_IDENTIFIED
2025-07-09 01:38:06,927 - root - INFO - Person matching: HISTORY | Score: 0.984 | Person ID: 3 | Status: RE_IDENTIFIED
2025-07-09 01:38:06,933 - root - INFO - Person matching: HISTORY | Score: 0.985 | Person ID: 1 | Status: RE_IDENTIFIED
2025-07-09 01:38:07,549 - root - INFO - Person matching: HISTORY | Score: 0.982 | Person ID: 3 | Status: RE_IDENTIFIED
2025-07-09 01:38:07,554 - root - INFO - Person matching: HISTORY | Score: 0.985 | Person ID: 1 | Status: RE_IDENTIFIED
2025-07-09 01:38:08,150 - root - INFO - Person matching: HISTORY | Score: 0.985 | Person ID: 3 | Status: RE_IDENTIFIED
2025-07-09 01:38:08,151 - root - INFO - Person matching: HISTORY | Score: 0.965 | Person ID: 1 | Status: RE_IDENTIFIED
2025-07-09 01:38:08,707 - root - INFO - Person matching: HISTORY | Score: 0.984 | Person ID: 3 | Status: RE_IDENTIFIED
2025-07-09 01:38:08,710 - root - INFO - Person matching: HISTORY | Score: 0.962 | Person ID: 1 | Status: RE_IDENTIFIED
2025-07-09 01:38:09,239 - root - INFO - Person matching: HISTORY | Score: 0.954 | Person ID: 1 | Status: RE_IDENTIFIED
2025-07-09 01:38:09,243 - root - INFO - Person matching: HISTORY | Score: 0.983 | Person ID: 3 | Status: RE_IDENTIFIED
2025-07-09 01:38:09,893 - root - INFO - Person matching: HISTORY | Score: 0.948 | Person ID: 1 | Status: RE_IDENTIFIED
2025-07-09 01:38:09,898 - root - INFO - Person matching: HISTORY | Score: 0.981 | Person ID: 3 | Status: RE_IDENTIFIED
2025-07-09 01:38:10,526 - root - INFO - Person matching: HISTORY | Score: 0.951 | Person ID: 1 | Status: RE_IDENTIFIED
2025-07-09 01:38:10,530 - root - INFO - Person matching: HISTORY | Score: 0.974 | Person ID: 3 | Status: RE_IDENTIFIED
2025-07-09 01:38:11,181 - root - INFO - Person matching: HISTORY | Score: 0.978 | Person ID: 3 | Status: RE_IDENTIFIED
2025-07-09 01:38:11,191 - root - INFO - Person matching: HISTORY | Score: 0.946 | Person ID: 1 | Status: RE_IDENTIFIED
2025-07-09 01:38:11,915 - root - INFO - Person matching: HISTORY | Score: 0.975 | Person ID: 3 | Status: RE_IDENTIFIED
2025-07-09 01:38:11,918 - root - INFO - Person matching: HISTORY | Score: 0.944 | Person ID: 1 | Status: RE_IDENTIFIED
2025-07-09 01:38:12,580 - root - INFO - Person matching: HISTORY | Score: 0.978 | Person ID: 3 | Status: RE_IDENTIFIED
2025-07-09 01:38:12,590 - root - INFO - Person matching: HISTORY | Score: 0.945 | Person ID: 1 | Status: RE_IDENTIFIED
2025-07-09 01:38:13,179 - root - INFO - Person matching: HISTORY | Score: 0.982 | Person ID: 3 | Status: RE_IDENTIFIED
2025-07-09 01:38:13,187 - root - INFO - Person matching: HISTORY | Score: 0.949 | Person ID: 1 | Status: RE_IDENTIFIED
2025-07-09 01:38:13,849 - root - INFO - Person matching: HISTORY | Score: 0.982 | Person ID: 3 | Status: RE_IDENTIFIED
2025-07-09 01:38:13,853 - root - INFO - Person matching: HISTORY | Score: 0.942 | Person ID: 1 | Status: RE_IDENTIFIED
2025-07-09 01:38:14,468 - root - INFO - Person matching: HISTORY | Score: 0.970 | Person ID: 3 | Status: RE_IDENTIFIED
2025-07-09 01:38:14,476 - root - INFO - Person matching: HISTORY | Score: 0.949 | Person ID: 1 | Status: RE_IDENTIFIED
2025-07-09 01:38:15,208 - root - INFO - Person matching: HISTORY | Score: 0.969 | Person ID: 3 | Status: RE_IDENTIFIED
2025-07-09 01:38:15,218 - root - INFO - Person matching: HISTORY | Score: 0.944 | Person ID: 1 | Status: RE_IDENTIFIED
2025-07-09 01:38:15,861 - root - INFO - Person matching: HISTORY | Score: 0.968 | Person ID: 3 | Status: RE_IDENTIFIED
2025-07-09 01:38:15,868 - root - INFO - Person matching: HISTORY | Score: 0.944 | Person ID: 1 | Status: RE_IDENTIFIED
2025-07-09 01:38:16,513 - root - INFO - Person matching: HISTORY | Score: 0.973 | Person ID: 3 | Status: RE_IDENTIFIED
2025-07-09 01:38:16,517 - root - INFO - Person matching: HISTORY | Score: 0.943 | Person ID: 1 | Status: RE_IDENTIFIED
2025-07-09 01:38:17,168 - root - INFO - Person matching: HISTORY | Score: 0.943 | Person ID: 1 | Status: RE_IDENTIFIED
2025-07-09 01:38:17,172 - root - INFO - Person matching: HISTORY | Score: 0.961 | Person ID: 3 | Status: RE_IDENTIFIED
2025-07-09 01:38:17,782 - root - INFO - Person matching: HISTORY | Score: 0.943 | Person ID: 1 | Status: RE_IDENTIFIED
2025-07-09 01:38:17,792 - root - INFO - Person matching: HISTORY | Score: 0.956 | Person ID: 3 | Status: RE_IDENTIFIED
2025-07-09 01:38:18,349 - root - INFO - Person matching: HISTORY | Score: 0.943 | Person ID: 1 | Status: RE_IDENTIFIED
2025-07-09 01:38:18,360 - root - INFO - Person matching: HISTORY | Score: 0.953 | Person ID: 3 | Status: RE_IDENTIFIED
2025-07-09 01:38:19,056 - root - INFO - Person matching: HISTORY | Score: 0.943 | Person ID: 1 | Status: RE_IDENTIFIED
2025-07-09 01:38:19,059 - root - INFO - Person matching: HISTORY | Score: 0.951 | Person ID: 3 | Status: RE_IDENTIFIED
2025-07-09 01:38:19,739 - root - INFO - Person matching: HISTORY | Score: 0.945 | Person ID: 1 | Status: RE_IDENTIFIED
2025-07-09 01:38:19,744 - root - INFO - Person matching: HISTORY | Score: 0.945 | Person ID: 3 | Status: RE_IDENTIFIED
2025-07-09 01:38:20,462 - root - INFO - Person matching: HISTORY | Score: 0.945 | Person ID: 1 | Status: RE_IDENTIFIED
2025-07-09 01:38:20,474 - root - INFO - Person matching: HISTORY | Score: 0.948 | Person ID: 3 | Status: RE_IDENTIFIED
2025-07-09 01:38:21,143 - root - INFO - Person matching: HISTORY | Score: 0.947 | Person ID: 1 | Status: RE_IDENTIFIED
2025-07-09 01:38:21,146 - root - INFO - Person matching: HISTORY | Score: 0.946 | Person ID: 3 | Status: RE_IDENTIFIED
2025-07-09 01:38:22,034 - root - INFO - Person matching: HISTORY | Score: 0.947 | Person ID: 1 | Status: RE_IDENTIFIED
2025-07-09 01:38:22,068 - root - INFO - Person matching: HISTORY | Score: 0.948 | Person ID: 3 | Status: RE_IDENTIFIED
2025-07-09 01:38:22,865 - root - INFO - Person matching: HISTORY | Score: 0.949 | Person ID: 1 | Status: RE_IDENTIFIED
2025-07-09 01:38:22,897 - root - INFO - Person matching: HISTORY | Score: 0.942 | Person ID: 3 | Status: RE_IDENTIFIED
2025-07-09 01:38:23,572 - root - INFO - Person matching: HISTORY | Score: 0.951 | Person ID: 1 | Status: RE_IDENTIFIED
2025-07-09 01:38:23,577 - root - INFO - Person matching: HISTORY | Score: 0.937 | Person ID: 3 | Status: RE_IDENTIFIED
2025-07-09 01:38:24,249 - root - INFO - Person matching: HISTORY | Score: 0.927 | Person ID: 0 | Status: RE_IDENTIFIED
2025-07-09 01:38:24,256 - root - INFO - Person matching: HISTORY | Score: 0.954 | Person ID: 1 | Status: RE_IDENTIFIED
2025-07-09 01:38:24,939 - root - INFO - Person matching: HISTORY | Score: 0.928 | Person ID: 0 | Status: RE_IDENTIFIED
2025-07-09 01:38:24,942 - root - INFO - Person matching: HISTORY | Score: 0.957 | Person ID: 1 | Status: RE_IDENTIFIED
2025-07-09 01:38:25,805 - root - INFO - Person matching: HISTORY | Score: 0.930 | Person ID: 0 | Status: RE_IDENTIFIED
2025-07-09 01:38:25,929 - root - INFO - Person matching: HISTORY | Score: 0.958 | Person ID: 1 | Status: RE_IDENTIFIED
2025-07-09 01:38:26,595 - root - INFO - Person matching: HISTORY | Score: 0.929 | Person ID: 0 | Status: RE_IDENTIFIED
2025-07-09 01:38:27,478 - root - INFO - Person matching: HISTORY | Score: 0.926 | Person ID: 0 | Status: RE_IDENTIFIED
2025-07-09 01:38:27,528 - root - INFO - Person matching: HISTORY | Score: 0.957 | Person ID: 1 | Status: RE_IDENTIFIED
2025-07-09 01:38:28,280 - root - INFO - Person matching: HISTORY | Score: 0.930 | Person ID: 0 | Status: RE_IDENTIFIED
2025-07-09 01:38:28,325 - root - INFO - Person matching: HISTORY | Score: 0.957 | Person ID: 1 | Status: RE_IDENTIFIED
2025-07-09 01:38:29,067 - root - INFO - Person matching: HISTORY | Score: 0.938 | Person ID: 0 | Status: RE_IDENTIFIED
2025-07-09 01:38:29,090 - root - INFO - Person matching: HISTORY | Score: 0.957 | Person ID: 1 | Status: RE_IDENTIFIED
2025-07-09 01:38:30,118 - root - INFO - Person matching: HISTORY | Score: 0.942 | Person ID: 0 | Status: RE_IDENTIFIED
2025-07-09 01:38:30,277 - root - INFO - Person matching: HISTORY | Score: 0.957 | Person ID: 1 | Status: RE_IDENTIFIED
2025-07-09 01:38:31,291 - root - INFO - Person matching: HISTORY | Score: 0.945 | Person ID: 0 | Status: RE_IDENTIFIED
2025-07-09 01:38:31,296 - root - INFO - Person matching: HISTORY | Score: 0.957 | Person ID: 1 | Status: RE_IDENTIFIED
2025-07-09 01:38:32,179 - root - INFO - Person matching: HISTORY | Score: 0.957 | Person ID: 1 | Status: RE_IDENTIFIED
2025-07-09 01:38:32,185 - root - INFO - Person matching: HISTORY | Score: 0.947 | Person ID: 0 | Status: RE_IDENTIFIED
2025-07-09 01:38:33,011 - root - INFO - Person matching: HISTORY | Score: 0.957 | Person ID: 1 | Status: RE_IDENTIFIED
2025-07-09 01:38:33,019 - root - INFO - Person matching: HISTORY | Score: 0.952 | Person ID: 0 | Status: RE_IDENTIFIED
2025-07-09 01:38:33,741 - root - INFO - Person matching: HISTORY | Score: 0.957 | Person ID: 1 | Status: RE_IDENTIFIED
2025-07-09 01:38:33,745 - root - INFO - Person matching: HISTORY | Score: 0.952 | Person ID: 0 | Status: RE_IDENTIFIED
2025-07-09 01:38:34,545 - root - INFO - Person matching: HISTORY | Score: 0.955 | Person ID: 0 | Status: RE_IDENTIFIED
2025-07-09 01:38:34,549 - root - INFO - Person matching: HISTORY | Score: 0.957 | Person ID: 1 | Status: RE_IDENTIFIED
2025-07-09 01:38:35,405 - root - INFO - Person matching: HISTORY | Score: 0.957 | Person ID: 0 | Status: RE_IDENTIFIED
2025-07-09 01:38:35,411 - root - INFO - Person matching: HISTORY | Score: 0.958 | Person ID: 1 | Status: RE_IDENTIFIED
2025-07-09 01:38:36,339 - root - INFO - Person matching: HISTORY | Score: 0.955 | Person ID: 0 | Status: RE_IDENTIFIED
2025-07-09 01:38:36,343 - root - INFO - Person matching: HISTORY | Score: 0.958 | Person ID: 1 | Status: RE_IDENTIFIED
2025-07-09 01:38:37,114 - root - INFO - Person matching: HISTORY | Score: 0.954 | Person ID: 0 | Status: RE_IDENTIFIED
2025-07-09 01:38:37,117 - root - INFO - Person matching: HISTORY | Score: 0.959 | Person ID: 1 | Status: RE_IDENTIFIED
2025-07-09 01:38:37,925 - root - INFO - Person matching: HISTORY | Score: 0.955 | Person ID: 0 | Status: RE_IDENTIFIED
2025-07-09 01:38:37,930 - root - INFO - Person matching: HISTORY | Score: 0.961 | Person ID: 1 | Status: RE_IDENTIFIED
2025-07-09 01:38:38,630 - root - INFO - Person matching: HISTORY | Score: 0.952 | Person ID: 0 | Status: RE_IDENTIFIED
2025-07-09 01:38:38,635 - root - INFO - Person matching: HISTORY | Score: 0.963 | Person ID: 1 | Status: RE_IDENTIFIED
2025-07-09 01:38:39,326 - root - INFO - Person matching: HISTORY | Score: 0.953 | Person ID: 0 | Status: RE_IDENTIFIED
2025-07-09 01:38:39,335 - root - INFO - Person matching: HISTORY | Score: 0.963 | Person ID: 1 | Status: RE_IDENTIFIED
2025-07-09 01:38:40,038 - root - INFO - Person matching: HISTORY | Score: 0.955 | Person ID: 0 | Status: RE_IDENTIFIED
2025-07-09 01:38:40,041 - root - INFO - Person matching: HISTORY | Score: 0.965 | Person ID: 1 | Status: RE_IDENTIFIED
2025-07-09 01:38:40,820 - root - INFO - Person matching: HISTORY | Score: 0.951 | Person ID: 0 | Status: RE_IDENTIFIED
2025-07-09 01:38:40,826 - root - INFO - Person matching: HISTORY | Score: 0.968 | Person ID: 1 | Status: RE_IDENTIFIED
2025-07-09 01:38:41,611 - root - INFO - Person matching: HISTORY | Score: 0.955 | Person ID: 0 | Status: RE_IDENTIFIED
2025-07-09 01:38:41,616 - root - INFO - Person matching: HISTORY | Score: 0.968 | Person ID: 1 | Status: RE_IDENTIFIED
2025-07-09 01:38:42,396 - root - INFO - Person matching: HISTORY | Score: 0.950 | Person ID: 0 | Status: RE_IDENTIFIED
2025-07-09 01:38:42,408 - root - INFO - Person matching: HISTORY | Score: 0.968 | Person ID: 1 | Status: RE_IDENTIFIED
2025-07-09 01:38:43,128 - root - INFO - Person matching: HISTORY | Score: 0.949 | Person ID: 0 | Status: RE_IDENTIFIED
2025-07-09 01:38:43,134 - root - INFO - Person matching: HISTORY | Score: 0.966 | Person ID: 1 | Status: RE_IDENTIFIED
2025-07-09 01:38:43,839 - root - INFO - Person matching: HISTORY | Score: 0.949 | Person ID: 0 | Status: RE_IDENTIFIED
2025-07-09 01:38:43,843 - root - INFO - Person matching: HISTORY | Score: 0.965 | Person ID: 1 | Status: RE_IDENTIFIED
2025-07-09 01:38:44,569 - root - INFO - Person matching: HISTORY | Score: 0.946 | Person ID: 0 | Status: RE_IDENTIFIED
2025-07-09 01:38:44,574 - root - INFO - Person matching: HISTORY | Score: 0.965 | Person ID: 1 | Status: RE_IDENTIFIED
2025-07-09 01:38:45,578 - root - INFO - Person matching: HISTORY | Score: 0.948 | Person ID: 0 | Status: RE_IDENTIFIED
2025-07-09 01:38:45,582 - root - INFO - Person matching: HISTORY | Score: 0.964 | Person ID: 1 | Status: RE_IDENTIFIED
2025-07-09 01:38:46,424 - root - INFO - Person matching: HISTORY | Score: 0.951 | Person ID: 0 | Status: RE_IDENTIFIED
2025-07-09 01:38:46,431 - root - INFO - Person matching: HISTORY | Score: 0.964 | Person ID: 1 | Status: RE_IDENTIFIED
2025-07-09 01:38:47,161 - root - INFO - Person matching: HISTORY | Score: 0.948 | Person ID: 0 | Status: RE_IDENTIFIED
2025-07-09 01:38:47,165 - root - INFO - Person matching: HISTORY | Score: 0.964 | Person ID: 1 | Status: RE_IDENTIFIED
2025-07-09 01:38:47,949 - root - INFO - Person matching: HISTORY | Score: 0.947 | Person ID: 0 | Status: RE_IDENTIFIED
2025-07-09 01:38:47,955 - root - INFO - Person matching: HISTORY | Score: 0.964 | Person ID: 1 | Status: RE_IDENTIFIED
2025-07-09 01:38:48,715 - root - INFO - Person matching: HISTORY | Score: 0.948 | Person ID: 0 | Status: RE_IDENTIFIED
2025-07-09 01:38:48,721 - root - INFO - Person matching: HISTORY | Score: 0.965 | Person ID: 1 | Status: RE_IDENTIFIED
2025-07-09 01:38:49,653 - root - INFO - Person matching: HISTORY | Score: 0.944 | Person ID: 0 | Status: RE_IDENTIFIED
2025-07-09 01:38:49,658 - root - INFO - Person matching: HISTORY | Score: 0.965 | Person ID: 1 | Status: RE_IDENTIFIED
2025-07-09 01:38:50,538 - root - INFO - Person matching: HISTORY | Score: 0.942 | Person ID: 0 | Status: RE_IDENTIFIED
2025-07-09 01:38:50,543 - root - INFO - Person matching: HISTORY | Score: 0.965 | Person ID: 1 | Status: RE_IDENTIFIED
2025-07-09 01:38:51,442 - root - INFO - Person matching: HISTORY | Score: 0.940 | Person ID: 0 | Status: RE_IDENTIFIED
2025-07-09 01:38:51,445 - root - INFO - Person matching: HISTORY | Score: 0.965 | Person ID: 1 | Status: RE_IDENTIFIED
2025-07-09 01:38:52,199 - root - INFO - Person matching: HISTORY | Score: 0.940 | Person ID: 0 | Status: RE_IDENTIFIED
2025-07-09 01:38:52,204 - root - INFO - Person matching: HISTORY | Score: 0.965 | Person ID: 1 | Status: RE_IDENTIFIED
2025-07-09 01:38:52,879 - root - INFO - Person matching: HISTORY | Score: 0.940 | Person ID: 0 | Status: RE_IDENTIFIED
2025-07-09 01:38:52,888 - root - INFO - Person matching: HISTORY | Score: 0.967 | Person ID: 1 | Status: RE_IDENTIFIED
2025-07-09 01:38:53,591 - root - INFO - Person matching: HISTORY | Score: 0.941 | Person ID: 0 | Status: RE_IDENTIFIED
2025-07-09 01:38:53,595 - root - INFO - Person matching: HISTORY | Score: 0.966 | Person ID: 1 | Status: RE_IDENTIFIED
2025-07-09 01:38:54,370 - root - INFO - Person matching: HISTORY | Score: 0.969 | Person ID: 1 | Status: RE_IDENTIFIED
2025-07-09 01:38:54,378 - root - INFO - Person matching: HISTORY | Score: 0.943 | Person ID: 0 | Status: RE_IDENTIFIED
2025-07-09 01:38:54,992 - root - INFO - Person matching: HISTORY | Score: 0.940 | Person ID: 0 | Status: RE_IDENTIFIED
2025-07-09 01:38:54,995 - root - INFO - Person matching: HISTORY | Score: 0.971 | Person ID: 1 | Status: RE_IDENTIFIED
2025-07-09 01:38:55,607 - root - INFO - Person matching: HISTORY | Score: 0.940 | Person ID: 0 | Status: RE_IDENTIFIED
2025-07-09 01:38:55,618 - root - INFO - Person matching: HISTORY | Score: 0.973 | Person ID: 1 | Status: RE_IDENTIFIED
2025-07-09 01:38:56,294 - root - INFO - Person matching: HISTORY | Score: 0.937 | Person ID: 0 | Status: RE_IDENTIFIED
2025-07-09 01:38:56,306 - root - INFO - Person matching: HISTORY | Score: 0.971 | Person ID: 1 | Status: RE_IDENTIFIED
2025-07-09 01:38:57,028 - root - INFO - Person matching: HISTORY | Score: 0.934 | Person ID: 0 | Status: RE_IDENTIFIED
2025-07-09 01:38:57,043 - root - INFO - Person matching: HISTORY | Score: 0.970 | Person ID: 1 | Status: RE_IDENTIFIED
2025-07-09 01:38:57,724 - root - INFO - Person matching: HISTORY | Score: 0.931 | Person ID: 0 | Status: RE_IDENTIFIED
2025-07-09 01:38:57,731 - root - INFO - Person matching: HISTORY | Score: 0.969 | Person ID: 1 | Status: RE_IDENTIFIED
2025-07-09 01:38:58,278 - root - INFO - Person matching: HISTORY | Score: 0.930 | Person ID: 0 | Status: RE_IDENTIFIED
2025-07-09 01:38:58,285 - root - INFO - Person matching: HISTORY | Score: 0.968 | Person ID: 1 | Status: RE_IDENTIFIED
2025-07-09 01:38:58,933 - root - INFO - Person matching: HISTORY | Score: 0.926 | Person ID: 0 | Status: RE_IDENTIFIED
2025-07-09 01:38:58,941 - root - INFO - Person matching: HISTORY | Score: 0.968 | Person ID: 1 | Status: RE_IDENTIFIED
2025-07-09 01:38:59,575 - root - INFO - Person matching: HISTORY | Score: 0.929 | Person ID: 2 | Status: RE_IDENTIFIED
2025-07-09 01:38:59,580 - root - INFO - Person matching: HISTORY | Score: 0.967 | Person ID: 1 | Status: RE_IDENTIFIED
2025-07-09 01:39:00,318 - root - INFO - Person matching: HISTORY | Score: 0.969 | Person ID: 2 | Status: RE_IDENTIFIED
2025-07-09 01:39:00,327 - root - INFO - Person matching: HISTORY | Score: 0.967 | Person ID: 1 | Status: RE_IDENTIFIED
2025-07-09 01:39:01,108 - root - INFO - Person matching: HISTORY | Score: 0.968 | Person ID: 2 | Status: RE_IDENTIFIED
2025-07-09 01:39:01,113 - root - INFO - Person matching: HISTORY | Score: 0.967 | Person ID: 1 | Status: RE_IDENTIFIED
2025-07-09 01:39:02,013 - root - INFO - Person matching: HISTORY | Score: 0.965 | Person ID: 1 | Status: RE_IDENTIFIED
2025-07-09 01:39:02,019 - root - INFO - Person matching: HISTORY | Score: 0.984 | Person ID: 2 | Status: RE_IDENTIFIED
2025-07-09 01:39:02,784 - root - INFO - Person matching: HISTORY | Score: 0.965 | Person ID: 1 | Status: RE_IDENTIFIED
2025-07-09 01:39:02,789 - root - INFO - Person matching: HISTORY | Score: 0.987 | Person ID: 2 | Status: RE_IDENTIFIED
2025-07-09 01:39:03,428 - root - INFO - Person matching: HISTORY | Score: 0.966 | Person ID: 1 | Status: RE_IDENTIFIED
2025-07-09 01:39:03,434 - root - INFO - Person matching: HISTORY | Score: 0.987 | Person ID: 2 | Status: RE_IDENTIFIED
2025-07-09 01:39:03,484 - root - INFO - Saved person history to data\persistent\person_history.pkl
2025-07-09 01:39:03,486 - root - INFO - Ended tracking session at 1752043143.4626565
2025-07-09 01:51:42,281 - root - INFO - PersonDetector initialized with device: cuda
2025-07-09 01:51:48,482 - root - INFO - EmbeddingExtractor initialized with resnet50
2025-07-09 01:51:48,483 - root - INFO - ReIDMatcher initialized with threshold: 0.7
2025-07-09 01:51:48,486 - root - INFO - PersistentTracker initialized
2025-07-09 01:51:48,491 - root - INFO - Visualizer initialized
2025-07-09 01:53:51,047 - root - INFO - PersonDetector initialized with device: cuda
2025-07-09 01:53:55,110 - root - INFO - EmbeddingExtractor initialized with resnet50
2025-07-09 01:53:55,661 - root - INFO - ReIDMatcher initialized with threshold: 0.7
2025-07-09 01:53:55,663 - root - INFO - PersistentTracker initialized
2025-07-09 01:53:55,665 - root - INFO - Visualizer initialized
2025-07-09 01:58:19,285 - root - INFO - PersonDetector initialized with device: cuda
2025-07-09 01:58:25,045 - root - INFO - EmbeddingExtractor initialized with resnet50
2025-07-09 01:58:25,050 - root - INFO - ReIDMatcher initialized with threshold: 0.7
2025-07-09 01:58:25,053 - root - INFO - PersistentTracker initialized
2025-07-09 01:58:25,054 - root - INFO - Visualizer initialized
2025-07-09 01:58:38,279 - root - INFO - Started new tracking session at 0.0
2025-07-09 01:58:40,283 - root - INFO - Person matching: HISTORY | Score: 0.999 | Person ID: 0 | Status: RE_IDENTIFIED
2025-07-09 01:58:41,135 - root - INFO - Person matching: HISTORY | Score: 1.000 | Person ID: 0 | Status: RE_IDENTIFIED
2025-07-09 01:58:41,754 - root - INFO - Person matching: HISTORY | Score: 0.999 | Person ID: 0 | Status: RE_IDENTIFIED
2025-07-09 01:58:42,198 - root - INFO - Person matching: HISTORY | Score: 0.999 | Person ID: 0 | Status: RE_IDENTIFIED
2025-07-09 01:58:42,694 - root - INFO - Person matching: HISTORY | Score: 0.999 | Person ID: 0 | Status: RE_IDENTIFIED
2025-07-09 01:58:43,132 - root - INFO - Person matching: HISTORY | Score: 0.999 | Person ID: 0 | Status: RE_IDENTIFIED
2025-07-09 01:58:43,586 - root - INFO - Person matching: HISTORY | Score: 0.999 | Person ID: 0 | Status: RE_IDENTIFIED
2025-07-09 01:58:44,028 - root - INFO - Person matching: HISTORY | Score: 0.999 | Person ID: 0 | Status: RE_IDENTIFIED
2025-07-09 01:58:44,364 - root - INFO - Person matching: HISTORY | Score: 0.999 | Person ID: 0 | Status: RE_IDENTIFIED
2025-07-09 01:58:44,702 - root - INFO - Person matching: HISTORY | Score: 0.999 | Person ID: 0 | Status: RE_IDENTIFIED
2025-07-09 01:58:45,211 - root - INFO - Person matching: HISTORY | Score: 0.999 | Person ID: 0 | Status: RE_IDENTIFIED
2025-07-09 01:58:45,800 - root - INFO - Person matching: HISTORY | Score: 0.999 | Person ID: 0 | Status: RE_IDENTIFIED
2025-07-09 01:58:46,294 - root - INFO - Person matching: HISTORY | Score: 0.999 | Person ID: 0 | Status: RE_IDENTIFIED
2025-07-09 01:58:46,734 - root - INFO - Person matching: HISTORY | Score: 0.999 | Person ID: 0 | Status: RE_IDENTIFIED
2025-07-09 01:58:47,173 - root - INFO - Person matching: HISTORY | Score: 0.998 | Person ID: 0 | Status: RE_IDENTIFIED
2025-07-09 01:58:47,543 - root - INFO - Person matching: HISTORY | Score: 0.997 | Person ID: 0 | Status: RE_IDENTIFIED
2025-07-09 01:58:47,915 - root - INFO - Person matching: HISTORY | Score: 0.998 | Person ID: 0 | Status: RE_IDENTIFIED
2025-07-09 01:58:48,260 - root - INFO - Person matching: HISTORY | Score: 0.998 | Person ID: 0 | Status: RE_IDENTIFIED
2025-07-09 01:58:48,635 - root - INFO - Person matching: HISTORY | Score: 0.997 | Person ID: 0 | Status: RE_IDENTIFIED
2025-07-09 01:58:49,028 - root - INFO - Person matching: HISTORY | Score: 0.997 | Person ID: 0 | Status: RE_IDENTIFIED
2025-07-09 01:58:49,357 - root - INFO - Person matching: HISTORY | Score: 0.997 | Person ID: 0 | Status: RE_IDENTIFIED
2025-07-09 01:58:49,688 - root - INFO - Person matching: HISTORY | Score: 0.997 | Person ID: 0 | Status: RE_IDENTIFIED
2025-07-09 01:58:50,060 - root - INFO - Person matching: HISTORY | Score: 0.997 | Person ID: 0 | Status: RE_IDENTIFIED
2025-07-09 01:58:50,449 - root - INFO - Person matching: HISTORY | Score: 0.997 | Person ID: 0 | Status: RE_IDENTIFIED
2025-07-09 01:58:50,901 - root - INFO - Person matching: HISTORY | Score: 0.997 | Person ID: 0 | Status: RE_IDENTIFIED
2025-07-09 01:58:51,378 - root - INFO - Person matching: HISTORY | Score: 0.997 | Person ID: 0 | Status: RE_IDENTIFIED
2025-07-09 01:58:51,786 - root - INFO - Person matching: HISTORY | Score: 0.996 | Person ID: 0 | Status: RE_IDENTIFIED
2025-07-09 01:58:52,124 - root - INFO - Person matching: HISTORY | Score: 0.996 | Person ID: 0 | Status: RE_IDENTIFIED
2025-07-09 01:58:52,466 - root - INFO - Person matching: HISTORY | Score: 0.995 | Person ID: 0 | Status: RE_IDENTIFIED
2025-07-09 01:58:52,869 - root - INFO - Person matching: HISTORY | Score: 0.995 | Person ID: 0 | Status: RE_IDENTIFIED
2025-07-09 01:58:53,197 - root - INFO - Person matching: HISTORY | Score: 0.995 | Person ID: 0 | Status: RE_IDENTIFIED
2025-07-09 01:58:53,526 - root - INFO - Person matching: HISTORY | Score: 0.994 | Person ID: 0 | Status: RE_IDENTIFIED
2025-07-09 01:58:53,875 - root - INFO - Person matching: HISTORY | Score: 0.994 | Person ID: 0 | Status: RE_IDENTIFIED
2025-07-09 01:58:54,212 - root - INFO - Person matching: HISTORY | Score: 0.993 | Person ID: 0 | Status: RE_IDENTIFIED
2025-07-09 01:58:54,581 - root - INFO - Person matching: HISTORY | Score: 0.992 | Person ID: 0 | Status: RE_IDENTIFIED
2025-07-09 01:58:54,948 - root - INFO - Person matching: HISTORY | Score: 0.991 | Person ID: 0 | Status: RE_IDENTIFIED
2025-07-09 01:58:55,356 - root - INFO - Person matching: HISTORY | Score: 0.988 | Person ID: 0 | Status: RE_IDENTIFIED
2025-07-09 01:58:55,819 - root - INFO - Person matching: HISTORY | Score: 0.985 | Person ID: 0 | Status: RE_IDENTIFIED
2025-07-09 01:58:56,266 - root - INFO - Person matching: HISTORY | Score: 0.985 | Person ID: 0 | Status: RE_IDENTIFIED
2025-07-09 01:58:56,673 - root - INFO - Person matching: HISTORY | Score: 0.985 | Person ID: 0 | Status: RE_IDENTIFIED
2025-07-09 01:58:57,034 - root - INFO - Person matching: HISTORY | Score: 0.984 | Person ID: 0 | Status: RE_IDENTIFIED
2025-07-09 01:58:57,338 - root - INFO - Person matching: HISTORY | Score: 0.983 | Person ID: 0 | Status: RE_IDENTIFIED
2025-07-09 01:58:57,671 - root - INFO - Person matching: HISTORY | Score: 0.982 | Person ID: 0 | Status: RE_IDENTIFIED
2025-07-09 01:58:58,027 - root - INFO - Person matching: HISTORY | Score: 0.982 | Person ID: 0 | Status: RE_IDENTIFIED
2025-07-09 01:58:58,319 - root - INFO - Person matching: HISTORY | Score: 0.982 | Person ID: 0 | Status: RE_IDENTIFIED
2025-07-09 01:58:58,619 - root - INFO - Person matching: HISTORY | Score: 0.980 | Person ID: 0 | Status: RE_IDENTIFIED
2025-07-09 01:58:58,948 - root - INFO - Person matching: HISTORY | Score: 0.978 | Person ID: 0 | Status: RE_IDENTIFIED
2025-07-09 01:58:59,316 - root - INFO - Person matching: HISTORY | Score: 0.976 | Person ID: 0 | Status: RE_IDENTIFIED
2025-07-09 01:58:59,604 - root - INFO - Person matching: HISTORY | Score: 0.974 | Person ID: 0 | Status: RE_IDENTIFIED
2025-07-09 01:58:59,899 - root - INFO - Person matching: HISTORY | Score: 0.969 | Person ID: 0 | Status: RE_IDENTIFIED
2025-07-09 01:59:00,214 - root - INFO - Person matching: HISTORY | Score: 0.967 | Person ID: 0 | Status: RE_IDENTIFIED
2025-07-09 01:59:00,553 - root - INFO - Person matching: HISTORY | Score: 0.965 | Person ID: 0 | Status: RE_IDENTIFIED
2025-07-09 01:59:00,865 - root - INFO - Person matching: HISTORY | Score: 0.963 | Person ID: 0 | Status: RE_IDENTIFIED
2025-07-09 01:59:01,215 - root - INFO - Person matching: HISTORY | Score: 0.959 | Person ID: 0 | Status: RE_IDENTIFIED
2025-07-09 01:59:01,522 - root - INFO - Person matching: HISTORY | Score: 0.956 | Person ID: 0 | Status: RE_IDENTIFIED
2025-07-09 01:59:01,895 - root - INFO - Person matching: HISTORY | Score: 0.952 | Person ID: 0 | Status: RE_IDENTIFIED
2025-07-09 01:59:02,217 - root - INFO - Person matching: HISTORY | Score: 0.950 | Person ID: 0 | Status: RE_IDENTIFIED
2025-07-09 01:59:02,591 - root - INFO - Person matching: HISTORY | Score: 0.944 | Person ID: 0 | Status: RE_IDENTIFIED
2025-07-09 01:59:02,976 - root - INFO - Person matching: HISTORY | Score: 0.938 | Person ID: 0 | Status: RE_IDENTIFIED
2025-07-09 01:59:03,378 - root - INFO - Person matching: HISTORY | Score: 0.935 | Person ID: 0 | Status: RE_IDENTIFIED
2025-07-09 01:59:03,752 - root - INFO - Person matching: HISTORY | Score: 0.929 | Person ID: 0 | Status: RE_IDENTIFIED
2025-07-09 01:59:04,057 - root - INFO - Person matching: HISTORY | Score: 0.923 | Person ID: 0 | Status: RE_IDENTIFIED
2025-07-09 01:59:04,397 - root - INFO - Person matching: HISTORY | Score: 0.918 | Person ID: 0 | Status: RE_IDENTIFIED
2025-07-09 01:59:04,724 - root - INFO - Person matching: HISTORY | Score: 0.913 | Person ID: 0 | Status: RE_IDENTIFIED
2025-07-09 01:59:05,059 - root - INFO - Person matching: HISTORY | Score: 0.902 | Person ID: 0 | Status: RE_IDENTIFIED
2025-07-09 01:59:05,382 - root - INFO - Person matching: HISTORY | Score: 0.897 | Person ID: 0 | Status: RE_IDENTIFIED
2025-07-09 01:59:05,706 - root - INFO - Person matching: HISTORY | Score: 0.884 | Person ID: 0 | Status: RE_IDENTIFIED
2025-07-09 01:59:06,066 - root - INFO - Person matching: HISTORY | Score: 0.877 | Person ID: 0 | Status: RE_IDENTIFIED
2025-07-09 01:59:06,403 - root - INFO - Person matching: HISTORY | Score: 0.870 | Person ID: 0 | Status: RE_IDENTIFIED
2025-07-09 01:59:06,755 - root - INFO - Person matching: HISTORY | Score: 0.853 | Person ID: 0 | Status: RE_IDENTIFIED
2025-07-09 01:59:07,102 - root - INFO - Person matching: HISTORY | Score: 0.804 | Person ID: 0 | Status: RE_IDENTIFIED
2025-07-09 01:59:07,405 - root - INFO - Person matching: HISTORY | Score: 0.790 | Person ID: 0 | Status: RE_IDENTIFIED
2025-07-09 01:59:07,810 - root - INFO - Person matching: HISTORY | Score: 0.776 | Person ID: 0 | Status: RE_IDENTIFIED
2025-07-09 01:59:08,234 - root - INFO - Person matching: HISTORY | Score: 0.772 | Person ID: 0 | Status: RE_IDENTIFIED
2025-07-09 01:59:08,241 - root - INFO - Person matching: HISTORY | Score: 0.999 | Person ID: 1 | Status: RE_IDENTIFIED
2025-07-09 01:59:08,646 - root - INFO - Person matching: HISTORY | Score: 0.758 | Person ID: 0 | Status: RE_IDENTIFIED
2025-07-09 01:59:08,648 - root - INFO - Person matching: HISTORY | Score: 0.997 | Person ID: 1 | Status: RE_IDENTIFIED
2025-07-09 01:59:09,057 - root - INFO - Person matching: HISTORY | Score: 0.761 | Person ID: 0 | Status: RE_IDENTIFIED
2025-07-09 01:59:09,059 - root - INFO - Person matching: HISTORY | Score: 0.991 | Person ID: 1 | Status: RE_IDENTIFIED
2025-07-09 01:59:09,519 - root - INFO - Person matching: HISTORY | Score: 0.993 | Person ID: 1 | Status: RE_IDENTIFIED
2025-07-09 01:59:10,001 - root - INFO - Person matching: HISTORY | Score: 0.993 | Person ID: 2 | Status: RE_IDENTIFIED
2025-07-09 01:59:10,004 - root - INFO - Person matching: HISTORY | Score: 0.991 | Person ID: 1 | Status: RE_IDENTIFIED
2025-07-09 01:59:10,407 - root - INFO - Person matching: HISTORY | Score: 0.990 | Person ID: 2 | Status: RE_IDENTIFIED
2025-07-09 01:59:10,409 - root - INFO - Person matching: HISTORY | Score: 0.979 | Person ID: 1 | Status: RE_IDENTIFIED
2025-07-09 01:59:10,871 - root - INFO - Person matching: HISTORY | Score: 0.984 | Person ID: 2 | Status: RE_IDENTIFIED
2025-07-09 01:59:10,873 - root - INFO - Person matching: HISTORY | Score: 0.977 | Person ID: 1 | Status: RE_IDENTIFIED
2025-07-09 01:59:11,391 - root - INFO - Person matching: HISTORY | Score: 0.973 | Person ID: 2 | Status: RE_IDENTIFIED
2025-07-09 01:59:11,392 - root - INFO - Person matching: HISTORY | Score: 0.992 | Person ID: 1 | Status: RE_IDENTIFIED
2025-07-09 01:59:11,695 - root - INFO - Person matching: HISTORY | Score: 0.984 | Person ID: 1 | Status: RE_IDENTIFIED
2025-07-09 01:59:12,026 - root - INFO - Person matching: HISTORY | Score: 0.984 | Person ID: 1 | Status: RE_IDENTIFIED
2025-07-09 01:59:12,372 - root - INFO - Person matching: HISTORY | Score: 0.989 | Person ID: 1 | Status: RE_IDENTIFIED
2025-07-09 01:59:12,817 - root - INFO - Person matching: HISTORY | Score: 0.987 | Person ID: 1 | Status: RE_IDENTIFIED
2025-07-09 01:59:13,155 - root - INFO - Person matching: HISTORY | Score: 0.983 | Person ID: 1 | Status: RE_IDENTIFIED
2025-07-09 01:59:13,462 - root - INFO - Person matching: HISTORY | Score: 0.980 | Person ID: 1 | Status: RE_IDENTIFIED
2025-07-09 01:59:13,767 - root - INFO - Person matching: HISTORY | Score: 0.982 | Person ID: 1 | Status: RE_IDENTIFIED
2025-07-09 01:59:14,347 - root - INFO - Person matching: HISTORY | Score: 0.978 | Person ID: 1 | Status: RE_IDENTIFIED
2025-07-09 01:59:14,595 - root - INFO - Person matching: HISTORY | Score: 0.971 | Person ID: 1 | Status: RE_IDENTIFIED
2025-07-09 01:59:14,893 - root - INFO - Person matching: HISTORY | Score: 0.968 | Person ID: 1 | Status: RE_IDENTIFIED
2025-07-09 01:59:15,242 - root - INFO - Person matching: HISTORY | Score: 0.947 | Person ID: 1 | Status: RE_IDENTIFIED
2025-07-09 01:59:15,792 - root - INFO - Person matching: HISTORY | Score: 0.945 | Person ID: 1 | Status: RE_IDENTIFIED
2025-07-09 01:59:16,105 - root - INFO - Person matching: HISTORY | Score: 0.956 | Person ID: 1 | Status: RE_IDENTIFIED
2025-07-09 01:59:16,445 - root - INFO - Person matching: HISTORY | Score: 0.960 | Person ID: 1 | Status: RE_IDENTIFIED
2025-07-09 01:59:16,761 - root - INFO - Person matching: HISTORY | Score: 0.964 | Person ID: 1 | Status: RE_IDENTIFIED
2025-07-09 01:59:17,124 - root - INFO - Person matching: HISTORY | Score: 0.968 | Person ID: 1 | Status: RE_IDENTIFIED
2025-07-09 01:59:17,445 - root - INFO - Person matching: HISTORY | Score: 0.970 | Person ID: 1 | Status: RE_IDENTIFIED
2025-07-09 01:59:17,754 - root - INFO - Person matching: HISTORY | Score: 0.969 | Person ID: 1 | Status: RE_IDENTIFIED
2025-07-09 01:59:18,039 - root - INFO - Person matching: HISTORY | Score: 0.971 | Person ID: 1 | Status: RE_IDENTIFIED
2025-07-09 01:59:18,369 - root - INFO - Person matching: HISTORY | Score: 0.970 | Person ID: 1 | Status: RE_IDENTIFIED
2025-07-09 01:59:18,670 - root - INFO - Person matching: HISTORY | Score: 0.973 | Person ID: 1 | Status: RE_IDENTIFIED
2025-07-09 01:59:19,069 - root - INFO - Person matching: HISTORY | Score: 0.973 | Person ID: 1 | Status: RE_IDENTIFIED
2025-07-09 01:59:19,294 - root - INFO - Person matching: HISTORY | Score: 0.974 | Person ID: 1 | Status: RE_IDENTIFIED
2025-07-09 01:59:19,559 - root - INFO - Person matching: HISTORY | Score: 0.976 | Person ID: 1 | Status: RE_IDENTIFIED
2025-07-09 01:59:19,832 - root - INFO - Person matching: HISTORY | Score: 0.978 | Person ID: 1 | Status: RE_IDENTIFIED
2025-07-09 01:59:20,104 - root - INFO - Person matching: HISTORY | Score: 0.982 | Person ID: 1 | Status: RE_IDENTIFIED
2025-07-09 01:59:20,331 - root - INFO - Person matching: HISTORY | Score: 0.979 | Person ID: 1 | Status: RE_IDENTIFIED
2025-07-09 01:59:20,896 - root - INFO - Person matching: HISTORY | Score: 0.981 | Person ID: 1 | Status: RE_IDENTIFIED
2025-07-09 01:59:21,297 - root - INFO - Person matching: HISTORY | Score: 0.982 | Person ID: 1 | Status: RE_IDENTIFIED
2025-07-09 01:59:21,638 - root - INFO - Person matching: HISTORY | Score: 0.983 | Person ID: 1 | Status: RE_IDENTIFIED
2025-07-09 01:59:21,640 - root - INFO - Person matching: HISTORY | Score: 0.992 | Person ID: 3 | Status: RE_IDENTIFIED
2025-07-09 01:59:21,970 - root - INFO - Person matching: HISTORY | Score: 0.982 | Person ID: 1 | Status: RE_IDENTIFIED
2025-07-09 01:59:21,972 - root - INFO - Person matching: HISTORY | Score: 0.984 | Person ID: 3 | Status: RE_IDENTIFIED
2025-07-09 01:59:22,530 - root - INFO - Person matching: HISTORY | Score: 0.986 | Person ID: 3 | Status: RE_IDENTIFIED
2025-07-09 01:59:22,532 - root - INFO - Person matching: HISTORY | Score: 0.984 | Person ID: 1 | Status: RE_IDENTIFIED
2025-07-09 01:59:22,786 - root - INFO - Person matching: HISTORY | Score: 0.979 | Person ID: 3 | Status: RE_IDENTIFIED
2025-07-09 01:59:22,787 - root - INFO - Person matching: HISTORY | Score: 0.984 | Person ID: 1 | Status: RE_IDENTIFIED
2025-07-09 01:59:23,091 - root - INFO - Person matching: HISTORY | Score: 0.977 | Person ID: 3 | Status: RE_IDENTIFIED
2025-07-09 01:59:23,092 - root - INFO - Person matching: HISTORY | Score: 0.984 | Person ID: 1 | Status: RE_IDENTIFIED
2025-07-09 01:59:23,434 - root - INFO - Person matching: HISTORY | Score: 0.974 | Person ID: 3 | Status: RE_IDENTIFIED
2025-07-09 01:59:23,439 - root - INFO - Person matching: HISTORY | Score: 0.984 | Person ID: 1 | Status: RE_IDENTIFIED
2025-07-09 01:59:23,950 - root - INFO - Person matching: HISTORY | Score: 0.976 | Person ID: 3 | Status: RE_IDENTIFIED
2025-07-09 01:59:23,952 - root - INFO - Person matching: HISTORY | Score: 0.984 | Person ID: 1 | Status: RE_IDENTIFIED
2025-07-09 01:59:24,337 - root - INFO - Person matching: HISTORY | Score: 0.977 | Person ID: 3 | Status: RE_IDENTIFIED
2025-07-09 01:59:24,341 - root - INFO - Person matching: HISTORY | Score: 0.985 | Person ID: 1 | Status: RE_IDENTIFIED
2025-07-09 01:59:24,697 - root - INFO - Person matching: HISTORY | Score: 0.981 | Person ID: 3 | Status: RE_IDENTIFIED
2025-07-09 01:59:24,699 - root - INFO - Person matching: HISTORY | Score: 0.985 | Person ID: 1 | Status: RE_IDENTIFIED
2025-07-09 01:59:25,082 - root - INFO - Person matching: HISTORY | Score: 0.983 | Person ID: 3 | Status: RE_IDENTIFIED
2025-07-09 01:59:25,088 - root - INFO - Person matching: HISTORY | Score: 0.985 | Person ID: 1 | Status: RE_IDENTIFIED
2025-07-09 01:59:25,582 - root - INFO - Person matching: HISTORY | Score: 0.982 | Person ID: 3 | Status: RE_IDENTIFIED
2025-07-09 01:59:25,588 - root - INFO - Person matching: HISTORY | Score: 0.985 | Person ID: 1 | Status: RE_IDENTIFIED
2025-07-09 01:59:26,058 - root - INFO - Person matching: HISTORY | Score: 0.982 | Person ID: 3 | Status: RE_IDENTIFIED
2025-07-09 01:59:26,060 - root - INFO - Person matching: HISTORY | Score: 0.985 | Person ID: 1 | Status: RE_IDENTIFIED
2025-07-09 01:59:26,537 - root - INFO - Person matching: HISTORY | Score: 0.984 | Person ID: 3 | Status: RE_IDENTIFIED
2025-07-09 01:59:26,539 - root - INFO - Person matching: HISTORY | Score: 0.985 | Person ID: 1 | Status: RE_IDENTIFIED
2025-07-09 01:59:27,149 - root - INFO - Person matching: HISTORY | Score: 0.982 | Person ID: 3 | Status: RE_IDENTIFIED
2025-07-09 01:59:27,152 - root - INFO - Person matching: HISTORY | Score: 0.986 | Person ID: 1 | Status: RE_IDENTIFIED
2025-07-09 01:59:27,872 - root - INFO - Person matching: HISTORY | Score: 0.985 | Person ID: 3 | Status: RE_IDENTIFIED
2025-07-09 01:59:27,881 - root - INFO - Person matching: HISTORY | Score: 0.965 | Person ID: 1 | Status: RE_IDENTIFIED
2025-07-09 01:59:28,440 - root - INFO - Person matching: HISTORY | Score: 0.984 | Person ID: 3 | Status: RE_IDENTIFIED
2025-07-09 01:59:28,442 - root - INFO - Person matching: HISTORY | Score: 0.963 | Person ID: 1 | Status: RE_IDENTIFIED
2025-07-09 01:59:28,932 - root - INFO - Person matching: HISTORY | Score: 0.954 | Person ID: 1 | Status: RE_IDENTIFIED
2025-07-09 01:59:28,934 - root - INFO - Person matching: HISTORY | Score: 0.984 | Person ID: 3 | Status: RE_IDENTIFIED
2025-07-09 01:59:29,386 - root - INFO - Person matching: HISTORY | Score: 0.947 | Person ID: 1 | Status: RE_IDENTIFIED
2025-07-09 01:59:29,387 - root - INFO - Person matching: HISTORY | Score: 0.981 | Person ID: 3 | Status: RE_IDENTIFIED
2025-07-09 01:59:30,074 - root - INFO - Person matching: HISTORY | Score: 0.952 | Person ID: 1 | Status: RE_IDENTIFIED
2025-07-09 01:59:30,076 - root - INFO - Person matching: HISTORY | Score: 0.975 | Person ID: 3 | Status: RE_IDENTIFIED
2025-07-09 01:59:30,414 - root - INFO - Person matching: HISTORY | Score: 0.978 | Person ID: 3 | Status: RE_IDENTIFIED
2025-07-09 01:59:30,416 - root - INFO - Person matching: HISTORY | Score: 0.946 | Person ID: 1 | Status: RE_IDENTIFIED
2025-07-09 01:59:30,898 - root - INFO - Person matching: HISTORY | Score: 0.974 | Person ID: 3 | Status: RE_IDENTIFIED
2025-07-09 01:59:30,901 - root - INFO - Person matching: HISTORY | Score: 0.944 | Person ID: 1 | Status: RE_IDENTIFIED
2025-07-09 01:59:31,458 - root - INFO - Person matching: HISTORY | Score: 0.978 | Person ID: 3 | Status: RE_IDENTIFIED
2025-07-09 01:59:31,459 - root - INFO - Person matching: HISTORY | Score: 0.945 | Person ID: 1 | Status: RE_IDENTIFIED
2025-07-09 01:59:31,741 - root - INFO - Person matching: HISTORY | Score: 0.982 | Person ID: 3 | Status: RE_IDENTIFIED
2025-07-09 01:59:31,742 - root - INFO - Person matching: HISTORY | Score: 0.949 | Person ID: 1 | Status: RE_IDENTIFIED
2025-07-09 01:59:32,051 - root - INFO - Person matching: HISTORY | Score: 0.982 | Person ID: 3 | Status: RE_IDENTIFIED
2025-07-09 01:59:32,054 - root - INFO - Person matching: HISTORY | Score: 0.943 | Person ID: 1 | Status: RE_IDENTIFIED
2025-07-09 01:59:32,354 - root - INFO - Person matching: HISTORY | Score: 0.970 | Person ID: 3 | Status: RE_IDENTIFIED
2025-07-09 01:59:32,355 - root - INFO - Person matching: HISTORY | Score: 0.950 | Person ID: 1 | Status: RE_IDENTIFIED
2025-07-09 01:59:32,629 - root - INFO - Person matching: HISTORY | Score: 0.969 | Person ID: 3 | Status: RE_IDENTIFIED
2025-07-09 01:59:32,632 - root - INFO - Person matching: HISTORY | Score: 0.944 | Person ID: 1 | Status: RE_IDENTIFIED
2025-07-09 01:59:32,937 - root - INFO - Person matching: HISTORY | Score: 0.968 | Person ID: 3 | Status: RE_IDENTIFIED
2025-07-09 01:59:32,939 - root - INFO - Person matching: HISTORY | Score: 0.944 | Person ID: 1 | Status: RE_IDENTIFIED
2025-07-09 01:59:33,200 - root - INFO - Person matching: HISTORY | Score: 0.972 | Person ID: 3 | Status: RE_IDENTIFIED
2025-07-09 01:59:33,202 - root - INFO - Person matching: HISTORY | Score: 0.943 | Person ID: 1 | Status: RE_IDENTIFIED
2025-07-09 01:59:33,500 - root - INFO - Person matching: HISTORY | Score: 0.943 | Person ID: 1 | Status: RE_IDENTIFIED
2025-07-09 01:59:33,501 - root - INFO - Person matching: HISTORY | Score: 0.962 | Person ID: 3 | Status: RE_IDENTIFIED
2025-07-09 01:59:33,768 - root - INFO - Person matching: HISTORY | Score: 0.942 | Person ID: 1 | Status: RE_IDENTIFIED
2025-07-09 01:59:33,769 - root - INFO - Person matching: HISTORY | Score: 0.956 | Person ID: 3 | Status: RE_IDENTIFIED
2025-07-09 01:59:34,169 - root - INFO - Person matching: HISTORY | Score: 0.943 | Person ID: 1 | Status: RE_IDENTIFIED
2025-07-09 01:59:34,178 - root - INFO - Person matching: HISTORY | Score: 0.954 | Person ID: 3 | Status: RE_IDENTIFIED
2025-07-09 01:59:34,775 - root - INFO - Person matching: HISTORY | Score: 0.944 | Person ID: 1 | Status: RE_IDENTIFIED
2025-07-09 01:59:34,779 - root - INFO - Person matching: HISTORY | Score: 0.952 | Person ID: 3 | Status: RE_IDENTIFIED
2025-07-09 01:59:35,263 - root - INFO - Person matching: HISTORY | Score: 0.945 | Person ID: 1 | Status: RE_IDENTIFIED
2025-07-09 01:59:35,269 - root - INFO - Person matching: HISTORY | Score: 0.945 | Person ID: 3 | Status: RE_IDENTIFIED
2025-07-09 01:59:35,762 - root - INFO - Person matching: HISTORY | Score: 0.945 | Person ID: 1 | Status: RE_IDENTIFIED
2025-07-09 01:59:35,764 - root - INFO - Person matching: HISTORY | Score: 0.948 | Person ID: 3 | Status: RE_IDENTIFIED
2025-07-09 01:59:36,147 - root - INFO - Person matching: HISTORY | Score: 0.948 | Person ID: 1 | Status: RE_IDENTIFIED
2025-07-09 01:59:36,150 - root - INFO - Person matching: HISTORY | Score: 0.946 | Person ID: 3 | Status: RE_IDENTIFIED
2025-07-09 01:59:36,510 - root - INFO - Person matching: HISTORY | Score: 0.947 | Person ID: 1 | Status: RE_IDENTIFIED
2025-07-09 01:59:36,511 - root - INFO - Person matching: HISTORY | Score: 0.948 | Person ID: 3 | Status: RE_IDENTIFIED
2025-07-09 01:59:36,819 - root - INFO - Person matching: HISTORY | Score: 0.949 | Person ID: 1 | Status: RE_IDENTIFIED
2025-07-09 01:59:36,822 - root - INFO - Person matching: HISTORY | Score: 0.942 | Person ID: 3 | Status: RE_IDENTIFIED
2025-07-09 01:59:37,122 - root - INFO - Person matching: HISTORY | Score: 0.951 | Person ID: 1 | Status: RE_IDENTIFIED
2025-07-09 01:59:37,125 - root - INFO - Person matching: HISTORY | Score: 0.937 | Person ID: 3 | Status: RE_IDENTIFIED
2025-07-09 01:59:37,467 - root - INFO - Person matching: HISTORY | Score: 0.927 | Person ID: 0 | Status: RE_IDENTIFIED
2025-07-09 01:59:37,468 - root - INFO - Person matching: HISTORY | Score: 0.953 | Person ID: 1 | Status: RE_IDENTIFIED
2025-07-09 01:59:37,831 - root - INFO - Person matching: HISTORY | Score: 0.928 | Person ID: 0 | Status: RE_IDENTIFIED
2025-07-09 01:59:37,833 - root - INFO - Person matching: HISTORY | Score: 0.956 | Person ID: 1 | Status: RE_IDENTIFIED
2025-07-09 01:59:38,274 - root - INFO - Person matching: HISTORY | Score: 0.931 | Person ID: 0 | Status: RE_IDENTIFIED
2025-07-09 01:59:38,277 - root - INFO - Person matching: HISTORY | Score: 0.957 | Person ID: 1 | Status: RE_IDENTIFIED
2025-07-09 01:59:38,603 - root - INFO - Person matching: HISTORY | Score: 0.929 | Person ID: 0 | Status: RE_IDENTIFIED
2025-07-09 01:59:39,010 - root - INFO - Person matching: HISTORY | Score: 0.926 | Person ID: 0 | Status: RE_IDENTIFIED
2025-07-09 01:59:39,014 - root - INFO - Person matching: HISTORY | Score: 0.957 | Person ID: 1 | Status: RE_IDENTIFIED
2025-07-09 01:59:39,336 - root - INFO - Person matching: HISTORY | Score: 0.930 | Person ID: 0 | Status: RE_IDENTIFIED
2025-07-09 01:59:39,338 - root - INFO - Person matching: HISTORY | Score: 0.956 | Person ID: 1 | Status: RE_IDENTIFIED
2025-07-09 01:59:39,861 - root - INFO - Person matching: HISTORY | Score: 0.938 | Person ID: 0 | Status: RE_IDENTIFIED
2025-07-09 01:59:39,864 - root - INFO - Person matching: HISTORY | Score: 0.955 | Person ID: 1 | Status: RE_IDENTIFIED
2025-07-09 01:59:40,316 - root - INFO - Person matching: HISTORY | Score: 0.942 | Person ID: 0 | Status: RE_IDENTIFIED
2025-07-09 01:59:40,322 - root - INFO - Person matching: HISTORY | Score: 0.955 | Person ID: 1 | Status: RE_IDENTIFIED
2025-07-09 01:59:40,717 - root - INFO - Person matching: HISTORY | Score: 0.946 | Person ID: 0 | Status: RE_IDENTIFIED
2025-07-09 01:59:40,724 - root - INFO - Person matching: HISTORY | Score: 0.956 | Person ID: 1 | Status: RE_IDENTIFIED
2025-07-09 01:59:41,261 - root - INFO - Person matching: HISTORY | Score: 0.956 | Person ID: 1 | Status: RE_IDENTIFIED
2025-07-09 01:59:41,262 - root - INFO - Person matching: HISTORY | Score: 0.946 | Person ID: 0 | Status: RE_IDENTIFIED
2025-07-09 01:59:41,582 - root - INFO - Person matching: HISTORY | Score: 0.956 | Person ID: 1 | Status: RE_IDENTIFIED
2025-07-09 01:59:41,584 - root - INFO - Person matching: HISTORY | Score: 0.951 | Person ID: 0 | Status: RE_IDENTIFIED
2025-07-09 01:59:42,110 - root - INFO - Person matching: HISTORY | Score: 0.956 | Person ID: 1 | Status: RE_IDENTIFIED
2025-07-09 01:59:42,120 - root - INFO - Person matching: HISTORY | Score: 0.952 | Person ID: 0 | Status: RE_IDENTIFIED
2025-07-09 01:59:42,619 - root - INFO - Person matching: HISTORY | Score: 0.956 | Person ID: 0 | Status: RE_IDENTIFIED
2025-07-09 01:59:42,627 - root - INFO - Person matching: HISTORY | Score: 0.956 | Person ID: 1 | Status: RE_IDENTIFIED
2025-07-09 01:59:43,121 - root - INFO - Person matching: HISTORY | Score: 0.958 | Person ID: 0 | Status: RE_IDENTIFIED
2025-07-09 01:59:43,126 - root - INFO - Person matching: HISTORY | Score: 0.958 | Person ID: 1 | Status: RE_IDENTIFIED
2025-07-09 01:59:43,624 - root - INFO - Person matching: HISTORY | Score: 0.955 | Person ID: 0 | Status: RE_IDENTIFIED
2025-07-09 01:59:43,628 - root - INFO - Person matching: HISTORY | Score: 0.957 | Person ID: 1 | Status: RE_IDENTIFIED
2025-07-09 01:59:44,066 - root - INFO - Person matching: HISTORY | Score: 0.954 | Person ID: 0 | Status: RE_IDENTIFIED
2025-07-09 01:59:44,068 - root - INFO - Person matching: HISTORY | Score: 0.958 | Person ID: 1 | Status: RE_IDENTIFIED
2025-07-09 01:59:44,416 - root - INFO - Person matching: HISTORY | Score: 0.955 | Person ID: 0 | Status: RE_IDENTIFIED
2025-07-09 01:59:44,419 - root - INFO - Person matching: HISTORY | Score: 0.961 | Person ID: 1 | Status: RE_IDENTIFIED
2025-07-09 01:59:44,756 - root - INFO - Person matching: HISTORY | Score: 0.952 | Person ID: 0 | Status: RE_IDENTIFIED
2025-07-09 01:59:44,761 - root - INFO - Person matching: HISTORY | Score: 0.963 | Person ID: 1 | Status: RE_IDENTIFIED
2025-07-09 01:59:45,295 - root - INFO - Person matching: HISTORY | Score: 0.952 | Person ID: 0 | Status: RE_IDENTIFIED
2025-07-09 01:59:45,298 - root - INFO - Person matching: HISTORY | Score: 0.962 | Person ID: 1 | Status: RE_IDENTIFIED
2025-07-09 01:59:45,762 - root - INFO - Person matching: HISTORY | Score: 0.955 | Person ID: 0 | Status: RE_IDENTIFIED
2025-07-09 01:59:45,765 - root - INFO - Person matching: HISTORY | Score: 0.964 | Person ID: 1 | Status: RE_IDENTIFIED
2025-07-09 01:59:46,144 - root - INFO - Person matching: HISTORY | Score: 0.951 | Person ID: 0 | Status: RE_IDENTIFIED
2025-07-09 01:59:46,147 - root - INFO - Person matching: HISTORY | Score: 0.968 | Person ID: 1 | Status: RE_IDENTIFIED
2025-07-09 01:59:46,558 - root - INFO - Person matching: HISTORY | Score: 0.955 | Person ID: 0 | Status: RE_IDENTIFIED
2025-07-09 01:59:46,564 - root - INFO - Person matching: HISTORY | Score: 0.968 | Person ID: 1 | Status: RE_IDENTIFIED
2025-07-09 01:59:47,024 - root - INFO - Person matching: HISTORY | Score: 0.950 | Person ID: 0 | Status: RE_IDENTIFIED
2025-07-09 01:59:47,028 - root - INFO - Person matching: HISTORY | Score: 0.968 | Person ID: 1 | Status: RE_IDENTIFIED
2025-07-09 01:59:47,569 - root - INFO - Person matching: HISTORY | Score: 0.949 | Person ID: 0 | Status: RE_IDENTIFIED
2025-07-09 01:59:47,574 - root - INFO - Person matching: HISTORY | Score: 0.965 | Person ID: 1 | Status: RE_IDENTIFIED
2025-07-09 01:59:47,844 - root - INFO - Person matching: HISTORY | Score: 0.949 | Person ID: 0 | Status: RE_IDENTIFIED
2025-07-09 01:59:47,845 - root - INFO - Person matching: HISTORY | Score: 0.964 | Person ID: 1 | Status: RE_IDENTIFIED
2025-07-09 01:59:48,210 - root - INFO - Person matching: HISTORY | Score: 0.946 | Person ID: 0 | Status: RE_IDENTIFIED
2025-07-09 01:59:48,212 - root - INFO - Person matching: HISTORY | Score: 0.964 | Person ID: 1 | Status: RE_IDENTIFIED
2025-07-09 01:59:48,644 - root - INFO - Person matching: HISTORY | Score: 0.947 | Person ID: 0 | Status: RE_IDENTIFIED
2025-07-09 01:59:48,646 - root - INFO - Person matching: HISTORY | Score: 0.963 | Person ID: 1 | Status: RE_IDENTIFIED
2025-07-09 01:59:49,068 - root - INFO - Person matching: HISTORY | Score: 0.951 | Person ID: 0 | Status: RE_IDENTIFIED
2025-07-09 01:59:49,071 - root - INFO - Person matching: HISTORY | Score: 0.963 | Person ID: 1 | Status: RE_IDENTIFIED
2025-07-09 01:59:49,658 - root - INFO - Person matching: HISTORY | Score: 0.948 | Person ID: 0 | Status: RE_IDENTIFIED
2025-07-09 01:59:49,660 - root - INFO - Person matching: HISTORY | Score: 0.964 | Person ID: 1 | Status: RE_IDENTIFIED
2025-07-09 01:59:50,093 - root - INFO - Person matching: HISTORY | Score: 0.947 | Person ID: 0 | Status: RE_IDENTIFIED
2025-07-09 01:59:50,095 - root - INFO - Person matching: HISTORY | Score: 0.964 | Person ID: 1 | Status: RE_IDENTIFIED
2025-07-09 01:59:50,700 - root - INFO - Person matching: HISTORY | Score: 0.948 | Person ID: 0 | Status: RE_IDENTIFIED
2025-07-09 01:59:50,702 - root - INFO - Person matching: HISTORY | Score: 0.964 | Person ID: 1 | Status: RE_IDENTIFIED
2025-07-09 01:59:51,139 - root - INFO - Person matching: HISTORY | Score: 0.944 | Person ID: 0 | Status: RE_IDENTIFIED
2025-07-09 01:59:51,147 - root - INFO - Person matching: HISTORY | Score: 0.965 | Person ID: 1 | Status: RE_IDENTIFIED
2025-07-09 01:59:51,578 - root - INFO - Person matching: HISTORY | Score: 0.942 | Person ID: 0 | Status: RE_IDENTIFIED
2025-07-09 01:59:51,580 - root - INFO - Person matching: HISTORY | Score: 0.964 | Person ID: 1 | Status: RE_IDENTIFIED
2025-07-09 01:59:52,007 - root - INFO - Person matching: HISTORY | Score: 0.941 | Person ID: 0 | Status: RE_IDENTIFIED
2025-07-09 01:59:52,012 - root - INFO - Person matching: HISTORY | Score: 0.964 | Person ID: 1 | Status: RE_IDENTIFIED
2025-07-09 01:59:52,386 - root - INFO - Person matching: HISTORY | Score: 0.940 | Person ID: 0 | Status: RE_IDENTIFIED
2025-07-09 01:59:52,388 - root - INFO - Person matching: HISTORY | Score: 0.965 | Person ID: 1 | Status: RE_IDENTIFIED
2025-07-09 01:59:52,797 - root - INFO - Person matching: HISTORY | Score: 0.940 | Person ID: 0 | Status: RE_IDENTIFIED
2025-07-09 01:59:52,801 - root - INFO - Person matching: HISTORY | Score: 0.966 | Person ID: 1 | Status: RE_IDENTIFIED
2025-07-09 01:59:53,133 - root - INFO - Person matching: HISTORY | Score: 0.941 | Person ID: 0 | Status: RE_IDENTIFIED
2025-07-09 01:59:53,136 - root - INFO - Person matching: HISTORY | Score: 0.966 | Person ID: 1 | Status: RE_IDENTIFIED
2025-07-09 01:59:53,714 - root - INFO - Person matching: HISTORY | Score: 0.969 | Person ID: 1 | Status: RE_IDENTIFIED
2025-07-09 01:59:53,717 - root - INFO - Person matching: HISTORY | Score: 0.944 | Person ID: 0 | Status: RE_IDENTIFIED
2025-07-09 01:59:54,135 - root - INFO - Person matching: HISTORY | Score: 0.940 | Person ID: 0 | Status: RE_IDENTIFIED
2025-07-09 01:59:54,139 - root - INFO - Person matching: HISTORY | Score: 0.971 | Person ID: 1 | Status: RE_IDENTIFIED
2025-07-09 01:59:54,549 - root - INFO - Person matching: HISTORY | Score: 0.941 | Person ID: 0 | Status: RE_IDENTIFIED
2025-07-09 01:59:54,554 - root - INFO - Person matching: HISTORY | Score: 0.973 | Person ID: 1 | Status: RE_IDENTIFIED
2025-07-09 01:59:54,876 - root - INFO - Person matching: HISTORY | Score: 0.938 | Person ID: 0 | Status: RE_IDENTIFIED
2025-07-09 01:59:54,878 - root - INFO - Person matching: HISTORY | Score: 0.971 | Person ID: 1 | Status: RE_IDENTIFIED
2025-07-09 01:59:55,238 - root - INFO - Person matching: HISTORY | Score: 0.934 | Person ID: 0 | Status: RE_IDENTIFIED
2025-07-09 01:59:55,242 - root - INFO - Person matching: HISTORY | Score: 0.970 | Person ID: 1 | Status: RE_IDENTIFIED
2025-07-09 01:59:55,516 - root - INFO - Person matching: HISTORY | Score: 0.932 | Person ID: 0 | Status: RE_IDENTIFIED
2025-07-09 01:59:55,520 - root - INFO - Person matching: HISTORY | Score: 0.969 | Person ID: 1 | Status: RE_IDENTIFIED
2025-07-09 01:59:55,929 - root - INFO - Person matching: HISTORY | Score: 0.931 | Person ID: 0 | Status: RE_IDENTIFIED
2025-07-09 01:59:55,938 - root - INFO - Person matching: HISTORY | Score: 0.968 | Person ID: 1 | Status: RE_IDENTIFIED
2025-07-09 01:59:56,247 - root - INFO - Person matching: HISTORY | Score: 0.927 | Person ID: 0 | Status: RE_IDENTIFIED
2025-07-09 01:59:56,254 - root - INFO - Person matching: HISTORY | Score: 0.968 | Person ID: 1 | Status: RE_IDENTIFIED
2025-07-09 01:59:56,585 - root - INFO - Person matching: HISTORY | Score: 0.931 | Person ID: 2 | Status: RE_IDENTIFIED
2025-07-09 01:59:56,589 - root - INFO - Person matching: HISTORY | Score: 0.967 | Person ID: 1 | Status: RE_IDENTIFIED
2025-07-09 01:59:56,889 - root - INFO - Person matching: HISTORY | Score: 0.970 | Person ID: 2 | Status: RE_IDENTIFIED
2025-07-09 01:59:56,891 - root - INFO - Person matching: HISTORY | Score: 0.967 | Person ID: 1 | Status: RE_IDENTIFIED
2025-07-09 01:59:57,311 - root - INFO - Person matching: HISTORY | Score: 0.969 | Person ID: 2 | Status: RE_IDENTIFIED
2025-07-09 01:59:57,314 - root - INFO - Person matching: HISTORY | Score: 0.966 | Person ID: 1 | Status: RE_IDENTIFIED
2025-07-09 01:59:57,827 - root - INFO - Person matching: HISTORY | Score: 0.964 | Person ID: 1 | Status: RE_IDENTIFIED
2025-07-09 01:59:57,829 - root - INFO - Person matching: HISTORY | Score: 0.985 | Person ID: 2 | Status: RE_IDENTIFIED
2025-07-09 01:59:58,269 - root - INFO - Person matching: HISTORY | Score: 0.965 | Person ID: 1 | Status: RE_IDENTIFIED
2025-07-09 01:59:58,272 - root - INFO - Person matching: HISTORY | Score: 0.987 | Person ID: 2 | Status: RE_IDENTIFIED
2025-07-09 01:59:58,676 - root - INFO - Person matching: HISTORY | Score: 0.966 | Person ID: 1 | Status: RE_IDENTIFIED
2025-07-09 01:59:58,683 - root - INFO - Person matching: HISTORY | Score: 0.987 | Person ID: 2 | Status: RE_IDENTIFIED
2025-07-09 01:59:58,714 - root - INFO - Saved person history to data\persistent\person_history.pkl
2025-07-09 01:59:58,717 - root - INFO - Ended tracking session at 1752044398.7063854
