2025-07-09 00:55:33,433 - root - INFO - PersonDetector initialized with device: cuda
2025-07-09 00:55:42,070 - root - INFO - EmbeddingExtractor initialized with resnet50
2025-07-09 00:55:42,093 - root - INFO - ReIDMatcher initialized with threshold: 0.7
2025-07-09 00:55:42,106 - root - INFO - PersistentTracker initialized
2025-07-09 00:55:42,125 - root - INFO - Visualizer initialized
2025-07-09 00:55:49,337 - root - INFO - Started new tracking session at 0.0
2025-07-09 00:57:47,373 - root - INFO - PersonDetector initialized with device: cuda
2025-07-09 00:57:59,793 - root - INFO - EmbeddingExtractor initialized with resnet50
2025-07-09 00:57:59,816 - root - INFO - ReIDMatcher initialized with threshold: 0.7
2025-07-09 00:57:59,824 - root - INFO - PersistentTracker initialized
2025-07-09 00:57:59,825 - root - INFO - Visualizer initialized
2025-07-09 00:58:07,709 - root - INFO - Started new tracking session at 0.0
2025-07-09 00:58:09,275 - root - INFO - Person matching: HISTORY | Score: 0.999 | Person ID: 0 | Status: RE_IDENTIFIED
2025-07-09 00:58:09,955 - root - INFO - Person matching: HISTORY | Score: 1.000 | Person ID: 0 | Status: RE_IDENTIFIED
2025-07-09 00:58:10,685 - root - INFO - Person matching: HISTORY | Score: 0.999 | Person ID: 0 | Status: RE_IDENTIFIED
2025-07-09 00:58:11,486 - root - INFO - Person matching: HISTORY | Score: 0.999 | Person ID: 0 | Status: RE_IDENTIFIED
2025-07-09 00:58:12,132 - root - INFO - Person matching: HISTORY | Score: 0.999 | Person ID: 0 | Status: RE_IDENTIFIED
2025-07-09 00:58:12,914 - root - INFO - Person matching: HISTORY | Score: 0.999 | Person ID: 0 | Status: RE_IDENTIFIED
2025-07-09 00:58:13,606 - root - INFO - Person matching: HISTORY | Score: 0.999 | Person ID: 0 | Status: RE_IDENTIFIED
2025-07-09 00:58:15,079 - root - INFO - Person matching: HISTORY | Score: 0.999 | Person ID: 0 | Status: RE_IDENTIFIED
2025-07-09 00:58:16,215 - root - INFO - Person matching: HISTORY | Score: 0.999 | Person ID: 0 | Status: RE_IDENTIFIED
2025-07-09 00:58:16,758 - root - INFO - Person matching: HISTORY | Score: 0.999 | Person ID: 0 | Status: RE_IDENTIFIED
2025-07-09 00:58:18,272 - root - INFO - Person matching: HISTORY | Score: 0.999 | Person ID: 0 | Status: RE_IDENTIFIED
2025-07-09 00:58:19,317 - root - INFO - Person matching: HISTORY | Score: 0.999 | Person ID: 0 | Status: RE_IDENTIFIED
2025-07-09 00:58:20,092 - root - INFO - Person matching: HISTORY | Score: 0.999 | Person ID: 0 | Status: RE_IDENTIFIED
2025-07-09 00:58:20,989 - root - INFO - Person matching: HISTORY | Score: 0.999 | Person ID: 0 | Status: RE_IDENTIFIED
2025-07-09 00:58:21,764 - root - INFO - Person matching: HISTORY | Score: 0.998 | Person ID: 0 | Status: RE_IDENTIFIED
2025-07-09 00:58:22,466 - root - INFO - Person matching: HISTORY | Score: 0.998 | Person ID: 0 | Status: RE_IDENTIFIED
2025-07-09 00:58:23,289 - root - INFO - Person matching: HISTORY | Score: 0.998 | Person ID: 0 | Status: RE_IDENTIFIED
2025-07-09 00:58:24,894 - root - INFO - Person matching: HISTORY | Score: 0.998 | Person ID: 0 | Status: RE_IDENTIFIED
2025-07-09 00:58:25,948 - root - INFO - Person matching: HISTORY | Score: 0.998 | Person ID: 0 | Status: RE_IDENTIFIED
2025-07-09 00:58:26,822 - root - INFO - Person matching: HISTORY | Score: 0.998 | Person ID: 0 | Status: RE_IDENTIFIED
2025-07-09 00:58:27,657 - root - INFO - Person matching: HISTORY | Score: 0.998 | Person ID: 0 | Status: RE_IDENTIFIED
2025-07-09 00:58:28,609 - root - INFO - Person matching: HISTORY | Score: 0.997 | Person ID: 0 | Status: RE_IDENTIFIED
2025-07-09 00:58:30,085 - root - INFO - Person matching: HISTORY | Score: 0.998 | Person ID: 0 | Status: RE_IDENTIFIED
2025-07-09 00:58:31,260 - root - INFO - Person matching: HISTORY | Score: 0.998 | Person ID: 0 | Status: RE_IDENTIFIED
2025-07-09 00:58:32,374 - root - INFO - Person matching: HISTORY | Score: 0.998 | Person ID: 0 | Status: RE_IDENTIFIED
2025-07-09 00:58:33,227 - root - INFO - Person matching: HISTORY | Score: 0.997 | Person ID: 0 | Status: RE_IDENTIFIED
2025-07-09 00:58:33,992 - root - INFO - Person matching: HISTORY | Score: 0.997 | Person ID: 0 | Status: RE_IDENTIFIED
2025-07-09 00:58:35,520 - root - INFO - Person matching: HISTORY | Score: 0.996 | Person ID: 0 | Status: RE_IDENTIFIED
2025-07-09 00:58:37,030 - root - INFO - Person matching: HISTORY | Score: 0.996 | Person ID: 0 | Status: RE_IDENTIFIED
2025-07-09 00:58:38,242 - root - INFO - Person matching: HISTORY | Score: 0.995 | Person ID: 0 | Status: RE_IDENTIFIED
2025-07-09 00:58:39,198 - root - INFO - Person matching: HISTORY | Score: 0.995 | Person ID: 0 | Status: RE_IDENTIFIED
2025-07-09 00:58:40,564 - root - INFO - Person matching: HISTORY | Score: 0.994 | Person ID: 0 | Status: RE_IDENTIFIED
2025-07-09 00:58:41,844 - root - INFO - Person matching: HISTORY | Score: 0.994 | Person ID: 0 | Status: RE_IDENTIFIED
2025-07-09 00:58:42,830 - root - INFO - Person matching: HISTORY | Score: 0.993 | Person ID: 0 | Status: RE_IDENTIFIED
2025-07-09 00:58:43,580 - root - INFO - Person matching: HISTORY | Score: 0.992 | Person ID: 0 | Status: RE_IDENTIFIED
2025-07-09 00:58:44,221 - root - INFO - Person matching: HISTORY | Score: 0.991 | Person ID: 0 | Status: RE_IDENTIFIED
2025-07-09 00:58:44,886 - root - INFO - Person matching: HISTORY | Score: 0.989 | Person ID: 0 | Status: RE_IDENTIFIED
2025-07-09 00:58:45,644 - root - INFO - Person matching: HISTORY | Score: 0.986 | Person ID: 0 | Status: RE_IDENTIFIED
2025-07-09 00:58:46,433 - root - INFO - Person matching: HISTORY | Score: 0.985 | Person ID: 0 | Status: RE_IDENTIFIED
2025-07-09 00:58:47,132 - root - INFO - Person matching: HISTORY | Score: 0.985 | Person ID: 0 | Status: RE_IDENTIFIED
2025-07-09 00:58:47,836 - root - INFO - Person matching: HISTORY | Score: 0.984 | Person ID: 0 | Status: RE_IDENTIFIED
2025-07-09 00:58:48,586 - root - INFO - Person matching: HISTORY | Score: 0.984 | Person ID: 0 | Status: RE_IDENTIFIED
2025-07-09 00:58:49,406 - root - INFO - Person matching: HISTORY | Score: 0.983 | Person ID: 0 | Status: RE_IDENTIFIED
2025-07-09 00:58:50,360 - root - INFO - Person matching: HISTORY | Score: 0.982 | Person ID: 0 | Status: RE_IDENTIFIED
2025-07-09 00:58:51,274 - root - INFO - Person matching: HISTORY | Score: 0.982 | Person ID: 0 | Status: RE_IDENTIFIED
2025-07-09 00:58:52,030 - root - INFO - Person matching: HISTORY | Score: 0.980 | Person ID: 0 | Status: RE_IDENTIFIED
2025-07-09 00:58:52,595 - root - INFO - Person matching: HISTORY | Score: 0.979 | Person ID: 0 | Status: RE_IDENTIFIED
2025-07-09 00:58:53,278 - root - INFO - Person matching: HISTORY | Score: 0.976 | Person ID: 0 | Status: RE_IDENTIFIED
2025-07-09 00:58:53,935 - root - INFO - Person matching: HISTORY | Score: 0.974 | Person ID: 0 | Status: RE_IDENTIFIED
2025-07-09 00:58:54,685 - root - INFO - Person matching: HISTORY | Score: 0.970 | Person ID: 0 | Status: RE_IDENTIFIED
2025-07-09 00:58:55,905 - root - INFO - Person matching: HISTORY | Score: 0.968 | Person ID: 0 | Status: RE_IDENTIFIED
2025-07-09 00:58:57,145 - root - INFO - Person matching: HISTORY | Score: 0.966 | Person ID: 0 | Status: RE_IDENTIFIED
2025-07-09 00:58:58,131 - root - INFO - Person matching: HISTORY | Score: 0.963 | Person ID: 0 | Status: RE_IDENTIFIED
2025-07-09 00:58:59,284 - root - INFO - Person matching: HISTORY | Score: 0.959 | Person ID: 0 | Status: RE_IDENTIFIED
2025-07-09 00:59:00,406 - root - INFO - Person matching: HISTORY | Score: 0.956 | Person ID: 0 | Status: RE_IDENTIFIED
2025-07-09 00:59:01,605 - root - INFO - Person matching: HISTORY | Score: 0.952 | Person ID: 0 | Status: RE_IDENTIFIED
2025-07-09 00:59:02,601 - root - INFO - Person matching: HISTORY | Score: 0.950 | Person ID: 0 | Status: RE_IDENTIFIED
2025-07-09 00:59:03,314 - root - INFO - Person matching: HISTORY | Score: 0.944 | Person ID: 0 | Status: RE_IDENTIFIED
2025-07-09 00:59:04,027 - root - INFO - Person matching: HISTORY | Score: 0.938 | Person ID: 0 | Status: RE_IDENTIFIED
2025-07-09 00:59:04,527 - root - INFO - Person matching: HISTORY | Score: 0.935 | Person ID: 0 | Status: RE_IDENTIFIED
2025-07-09 00:59:04,971 - root - INFO - Person matching: HISTORY | Score: 0.929 | Person ID: 0 | Status: RE_IDENTIFIED
2025-07-09 00:59:05,571 - root - INFO - Person matching: HISTORY | Score: 0.924 | Person ID: 0 | Status: RE_IDENTIFIED
2025-07-09 00:59:06,214 - root - INFO - Person matching: HISTORY | Score: 0.918 | Person ID: 0 | Status: RE_IDENTIFIED
2025-07-09 00:59:06,887 - root - INFO - Person matching: HISTORY | Score: 0.913 | Person ID: 0 | Status: RE_IDENTIFIED
2025-07-09 00:59:07,534 - root - INFO - Person matching: HISTORY | Score: 0.902 | Person ID: 0 | Status: RE_IDENTIFIED
2025-07-09 00:59:08,138 - root - INFO - Person matching: HISTORY | Score: 0.898 | Person ID: 0 | Status: RE_IDENTIFIED
2025-07-09 00:59:08,695 - root - INFO - Person matching: HISTORY | Score: 0.884 | Person ID: 0 | Status: RE_IDENTIFIED
2025-07-09 00:59:09,184 - root - INFO - Person matching: HISTORY | Score: 0.877 | Person ID: 0 | Status: RE_IDENTIFIED
2025-07-09 00:59:09,853 - root - INFO - Person matching: HISTORY | Score: 0.870 | Person ID: 0 | Status: RE_IDENTIFIED
2025-07-09 00:59:10,402 - root - INFO - Person matching: HISTORY | Score: 0.852 | Person ID: 0 | Status: RE_IDENTIFIED
2025-07-09 00:59:10,988 - root - INFO - Person matching: HISTORY | Score: 0.804 | Person ID: 0 | Status: RE_IDENTIFIED
2025-07-09 00:59:11,519 - root - INFO - Person matching: HISTORY | Score: 0.790 | Person ID: 0 | Status: RE_IDENTIFIED
2025-07-09 00:59:12,199 - root - INFO - Person matching: HISTORY | Score: 0.777 | Person ID: 0 | Status: RE_IDENTIFIED
2025-07-09 00:59:12,909 - root - INFO - Person matching: HISTORY | Score: 0.772 | Person ID: 0 | Status: RE_IDENTIFIED
2025-07-09 00:59:12,913 - root - INFO - Person matching: HISTORY | Score: 0.999 | Person ID: 1 | Status: RE_IDENTIFIED
2025-07-09 00:59:13,902 - root - INFO - Person matching: HISTORY | Score: 0.758 | Person ID: 0 | Status: RE_IDENTIFIED
2025-07-09 00:59:13,910 - root - INFO - Person matching: HISTORY | Score: 0.997 | Person ID: 1 | Status: RE_IDENTIFIED
2025-07-09 00:59:15,015 - root - INFO - Person matching: HISTORY | Score: 0.762 | Person ID: 0 | Status: RE_IDENTIFIED
2025-07-09 00:59:15,019 - root - INFO - Person matching: HISTORY | Score: 0.991 | Person ID: 1 | Status: RE_IDENTIFIED
2025-07-09 00:59:16,010 - root - INFO - Person matching: HISTORY | Score: 0.729 | Person ID: 0 | Status: RE_IDENTIFIED
2025-07-09 00:59:16,014 - root - INFO - Person matching: HISTORY | Score: 0.993 | Person ID: 1 | Status: RE_IDENTIFIED
2025-07-09 00:59:16,856 - root - INFO - Person matching: HISTORY | Score: 0.736 | Person ID: 0 | Status: RE_IDENTIFIED
2025-07-09 00:59:16,863 - root - INFO - Person matching: HISTORY | Score: 0.992 | Person ID: 1 | Status: RE_IDENTIFIED
2025-07-09 00:59:17,642 - root - INFO - Person matching: HISTORY | Score: 0.731 | Person ID: 0 | Status: RE_IDENTIFIED
2025-07-09 00:59:17,649 - root - INFO - Person matching: HISTORY | Score: 0.979 | Person ID: 1 | Status: RE_IDENTIFIED
2025-07-09 00:59:18,373 - root - INFO - Person matching: HISTORY | Score: 0.734 | Person ID: 0 | Status: RE_IDENTIFIED
2025-07-09 00:59:18,385 - root - INFO - Person matching: HISTORY | Score: 0.977 | Person ID: 1 | Status: RE_IDENTIFIED
2025-07-09 00:59:19,168 - root - INFO - Person matching: HISTORY | Score: 0.704 | Person ID: 0 | Status: RE_IDENTIFIED
2025-07-09 00:59:19,170 - root - INFO - Person matching: HISTORY | Score: 0.992 | Person ID: 1 | Status: RE_IDENTIFIED
2025-07-09 00:59:20,119 - root - INFO - Person matching: HISTORY | Score: 0.652 | Person ID: 0 | Status: RE_IDENTIFIED
2025-07-09 00:59:20,142 - root - INFO - Person matching: HISTORY | Score: 0.985 | Person ID: 1 | Status: RE_IDENTIFIED
2025-07-09 00:59:21,252 - root - INFO - Person matching: HISTORY | Score: 0.622 | Person ID: 0 | Status: RE_IDENTIFIED
2025-07-09 00:59:21,294 - root - INFO - Person matching: HISTORY | Score: 0.985 | Person ID: 1 | Status: RE_IDENTIFIED
2025-07-09 00:59:22,374 - root - INFO - Person matching: HISTORY | Score: 0.990 | Person ID: 1 | Status: RE_IDENTIFIED
2025-07-09 00:59:23,285 - root - INFO - Person matching: HISTORY | Score: 0.988 | Person ID: 1 | Status: RE_IDENTIFIED
2025-07-09 00:59:23,305 - root - INFO - Person matching: HISTORY | Score: 0.975 | Person ID: 2 | Status: RE_IDENTIFIED
2025-07-09 00:59:24,323 - root - INFO - Person matching: HISTORY | Score: 0.983 | Person ID: 1 | Status: RE_IDENTIFIED
2025-07-09 00:59:24,386 - root - INFO - Person matching: HISTORY | Score: 0.985 | Person ID: 2 | Status: RE_IDENTIFIED
2025-07-09 00:59:25,384 - root - INFO - Person matching: HISTORY | Score: 0.981 | Person ID: 1 | Status: RE_IDENTIFIED
2025-07-09 00:59:25,438 - root - INFO - Person matching: HISTORY | Score: 0.969 | Person ID: 2 | Status: RE_IDENTIFIED
2025-07-09 00:59:26,476 - root - INFO - Person matching: HISTORY | Score: 0.983 | Person ID: 1 | Status: RE_IDENTIFIED
2025-07-09 00:59:26,484 - root - INFO - Person matching: HISTORY | Score: 0.985 | Person ID: 2 | Status: RE_IDENTIFIED
2025-07-09 00:59:27,457 - root - INFO - Person matching: HISTORY | Score: 0.978 | Person ID: 1 | Status: RE_IDENTIFIED
2025-07-09 00:59:27,475 - root - INFO - Person matching: HISTORY | Score: 0.988 | Person ID: 2 | Status: RE_IDENTIFIED
2025-07-09 00:59:28,309 - root - INFO - Person matching: HISTORY | Score: 0.971 | Person ID: 1 | Status: RE_IDENTIFIED
2025-07-09 00:59:28,322 - root - INFO - Person matching: HISTORY | Score: 0.992 | Person ID: 2 | Status: RE_IDENTIFIED
2025-07-09 00:59:29,279 - root - INFO - Person matching: HISTORY | Score: 0.968 | Person ID: 1 | Status: RE_IDENTIFIED
2025-07-09 00:59:29,324 - root - INFO - Person matching: HISTORY | Score: 0.991 | Person ID: 2 | Status: RE_IDENTIFIED
2025-07-09 00:59:30,214 - root - INFO - Person matching: HISTORY | Score: 0.948 | Person ID: 1 | Status: RE_IDENTIFIED
2025-07-09 00:59:30,265 - root - INFO - Person matching: HISTORY | Score: 0.992 | Person ID: 2 | Status: RE_IDENTIFIED
2025-07-09 00:59:31,061 - root - INFO - Person matching: HISTORY | Score: 0.945 | Person ID: 1 | Status: RE_IDENTIFIED
2025-07-09 00:59:31,724 - root - INFO - Person matching: HISTORY | Score: 0.956 | Person ID: 1 | Status: RE_IDENTIFIED
2025-07-09 00:59:32,435 - root - INFO - Person matching: HISTORY | Score: 0.960 | Person ID: 1 | Status: RE_IDENTIFIED
2025-07-09 00:59:33,060 - root - INFO - Person matching: HISTORY | Score: 0.964 | Person ID: 1 | Status: RE_IDENTIFIED
2025-07-09 00:59:33,662 - root - INFO - Person matching: HISTORY | Score: 0.967 | Person ID: 1 | Status: RE_IDENTIFIED
2025-07-09 00:59:34,301 - root - INFO - Person matching: HISTORY | Score: 0.970 | Person ID: 1 | Status: RE_IDENTIFIED
2025-07-09 00:59:34,941 - root - INFO - Person matching: HISTORY | Score: 0.969 | Person ID: 1 | Status: RE_IDENTIFIED
2025-07-09 00:59:35,658 - root - INFO - Person matching: HISTORY | Score: 0.971 | Person ID: 1 | Status: RE_IDENTIFIED
2025-07-09 00:59:36,368 - root - INFO - Person matching: HISTORY | Score: 0.970 | Person ID: 1 | Status: RE_IDENTIFIED
2025-07-09 00:59:37,082 - root - INFO - Person matching: HISTORY | Score: 0.973 | Person ID: 1 | Status: RE_IDENTIFIED
2025-07-09 00:59:37,762 - root - INFO - Person matching: HISTORY | Score: 0.973 | Person ID: 1 | Status: RE_IDENTIFIED
2025-07-09 00:59:38,357 - root - INFO - Person matching: HISTORY | Score: 0.974 | Person ID: 1 | Status: RE_IDENTIFIED
2025-07-09 00:59:38,974 - root - INFO - Person matching: HISTORY | Score: 0.976 | Person ID: 1 | Status: RE_IDENTIFIED
2025-07-09 00:59:39,569 - root - INFO - Person matching: HISTORY | Score: 0.978 | Person ID: 1 | Status: RE_IDENTIFIED
2025-07-09 00:59:40,208 - root - INFO - Person matching: HISTORY | Score: 0.982 | Person ID: 1 | Status: RE_IDENTIFIED
2025-07-09 00:59:40,864 - root - INFO - Person matching: HISTORY | Score: 0.979 | Person ID: 1 | Status: RE_IDENTIFIED
2025-07-09 00:59:41,542 - root - INFO - Person matching: HISTORY | Score: 0.981 | Person ID: 1 | Status: RE_IDENTIFIED
2025-07-09 00:59:42,366 - root - INFO - Person matching: HISTORY | Score: 0.982 | Person ID: 1 | Status: RE_IDENTIFIED
2025-07-09 00:59:42,369 - root - INFO - Person matching: HISTORY | Score: 0.667 | Person ID: 0 | Status: RE_IDENTIFIED
2025-07-09 00:59:43,009 - root - INFO - Person matching: HISTORY | Score: 0.983 | Person ID: 1 | Status: RE_IDENTIFIED
2025-07-09 00:59:43,015 - root - INFO - Person matching: HISTORY | Score: 0.686 | Person ID: 0 | Status: RE_IDENTIFIED
2025-07-09 00:59:43,658 - root - INFO - Person matching: HISTORY | Score: 0.982 | Person ID: 1 | Status: RE_IDENTIFIED
2025-07-09 00:59:43,662 - root - INFO - Person matching: HISTORY | Score: 0.731 | Person ID: 0 | Status: RE_IDENTIFIED
2025-07-09 00:59:44,344 - root - INFO - Person matching: HISTORY | Score: 0.836 | Person ID: 1 | Status: RE_IDENTIFIED
2025-07-09 00:59:44,346 - root - INFO - Person matching: HISTORY | Score: 0.802 | Person ID: 0 | Status: RE_IDENTIFIED
2025-07-09 00:59:44,981 - root - INFO - Person matching: HISTORY | Score: 0.845 | Person ID: 1 | Status: RE_IDENTIFIED
2025-07-09 00:59:44,984 - root - INFO - Person matching: HISTORY | Score: 0.811 | Person ID: 0 | Status: RE_IDENTIFIED
2025-07-09 00:59:45,775 - root - INFO - Person matching: HISTORY | Score: 0.856 | Person ID: 1 | Status: RE_IDENTIFIED
2025-07-09 00:59:45,779 - root - INFO - Person matching: HISTORY | Score: 0.811 | Person ID: 0 | Status: RE_IDENTIFIED
2025-07-09 00:59:46,516 - root - INFO - Person matching: HISTORY | Score: 0.871 | Person ID: 1 | Status: RE_IDENTIFIED
2025-07-09 00:59:46,522 - root - INFO - Person matching: HISTORY | Score: 0.814 | Person ID: 0 | Status: RE_IDENTIFIED
2025-07-09 00:59:47,287 - root - INFO - Person matching: HISTORY | Score: 0.885 | Person ID: 1 | Status: RE_IDENTIFIED
2025-07-09 00:59:47,292 - root - INFO - Person matching: HISTORY | Score: 0.818 | Person ID: 0 | Status: RE_IDENTIFIED
2025-07-09 00:59:48,029 - root - INFO - Person matching: HISTORY | Score: 0.887 | Person ID: 1 | Status: RE_IDENTIFIED
2025-07-09 00:59:48,036 - root - INFO - Person matching: HISTORY | Score: 0.828 | Person ID: 0 | Status: RE_IDENTIFIED
2025-07-09 00:59:48,745 - root - INFO - Person matching: HISTORY | Score: 0.898 | Person ID: 1 | Status: RE_IDENTIFIED
2025-07-09 00:59:48,750 - root - INFO - Person matching: HISTORY | Score: 0.834 | Person ID: 0 | Status: RE_IDENTIFIED
2025-07-09 00:59:49,673 - root - INFO - Person matching: HISTORY | Score: 0.899 | Person ID: 1 | Status: RE_IDENTIFIED
2025-07-09 00:59:49,682 - root - INFO - Person matching: HISTORY | Score: 0.848 | Person ID: 0 | Status: RE_IDENTIFIED
2025-07-09 00:59:50,755 - root - INFO - Person matching: HISTORY | Score: 0.899 | Person ID: 1 | Status: RE_IDENTIFIED
2025-07-09 00:59:50,772 - root - INFO - Person matching: HISTORY | Score: 0.847 | Person ID: 0 | Status: RE_IDENTIFIED
2025-07-09 00:59:51,734 - root - INFO - Person matching: HISTORY | Score: 0.904 | Person ID: 1 | Status: RE_IDENTIFIED
2025-07-09 00:59:51,747 - root - INFO - Person matching: HISTORY | Score: 0.857 | Person ID: 0 | Status: RE_IDENTIFIED
2025-07-09 00:59:52,733 - root - INFO - Person matching: HISTORY | Score: 0.905 | Person ID: 1 | Status: RE_IDENTIFIED
2025-07-09 00:59:52,744 - root - INFO - Person matching: HISTORY | Score: 0.854 | Person ID: 0 | Status: RE_IDENTIFIED
2025-07-09 00:59:53,558 - root - INFO - Person matching: HISTORY | Score: 0.912 | Person ID: 1 | Status: RE_IDENTIFIED
2025-07-09 00:59:53,574 - root - INFO - Person matching: HISTORY | Score: 0.869 | Person ID: 0 | Status: RE_IDENTIFIED
2025-07-09 00:59:54,429 - root - INFO - Person matching: HISTORY | Score: 0.915 | Person ID: 1 | Status: RE_IDENTIFIED
2025-07-09 00:59:54,440 - root - INFO - Person matching: HISTORY | Score: 0.905 | Person ID: 0 | Status: RE_IDENTIFIED
2025-07-09 00:59:55,179 - root - INFO - Person matching: HISTORY | Score: 0.923 | Person ID: 1 | Status: RE_IDENTIFIED
2025-07-09 00:59:55,190 - root - INFO - Person matching: HISTORY | Score: 0.914 | Person ID: 0 | Status: RE_IDENTIFIED
2025-07-09 00:59:56,084 - root - INFO - Person matching: HISTORY | Score: 0.943 | Person ID: 1 | Status: RE_IDENTIFIED
2025-07-09 00:59:56,097 - root - INFO - Person matching: HISTORY | Score: 0.837 | Person ID: 0 | Status: RE_IDENTIFIED
2025-07-09 00:59:56,949 - root - INFO - Person matching: HISTORY | Score: 0.937 | Person ID: 1 | Status: RE_IDENTIFIED
2025-07-09 00:59:56,954 - root - INFO - Person matching: HISTORY | Score: 0.851 | Person ID: 0 | Status: RE_IDENTIFIED
2025-07-09 00:59:57,718 - root - INFO - Person matching: HISTORY | Score: 0.942 | Person ID: 1 | Status: RE_IDENTIFIED
2025-07-09 00:59:57,725 - root - INFO - Person matching: HISTORY | Score: 0.857 | Person ID: 0 | Status: RE_IDENTIFIED
2025-07-09 00:59:58,469 - root - INFO - Person matching: HISTORY | Score: 0.917 | Person ID: 1 | Status: RE_IDENTIFIED
2025-07-09 00:59:58,474 - root - INFO - Person matching: HISTORY | Score: 0.932 | Person ID: 0 | Status: RE_IDENTIFIED
2025-07-09 00:59:59,279 - root - INFO - Person matching: HISTORY | Score: 0.919 | Person ID: 1 | Status: RE_IDENTIFIED
2025-07-09 00:59:59,315 - root - INFO - Person matching: HISTORY | Score: 0.937 | Person ID: 0 | Status: RE_IDENTIFIED
2025-07-09 01:00:00,274 - root - INFO - Person matching: HISTORY | Score: 0.919 | Person ID: 1 | Status: RE_IDENTIFIED
2025-07-09 01:00:00,305 - root - INFO - Person matching: HISTORY | Score: 0.939 | Person ID: 0 | Status: RE_IDENTIFIED
2025-07-09 01:00:01,489 - root - INFO - Person matching: HISTORY | Score: 0.920 | Person ID: 1 | Status: RE_IDENTIFIED
2025-07-09 01:00:01,776 - root - INFO - Person matching: HISTORY | Score: 0.939 | Person ID: 0 | Status: RE_IDENTIFIED
2025-07-09 01:00:03,172 - root - INFO - Person matching: HISTORY | Score: 0.920 | Person ID: 1 | Status: RE_IDENTIFIED
2025-07-09 01:00:03,881 - root - INFO - Person matching: HISTORY | Score: 0.945 | Person ID: 0 | Status: RE_IDENTIFIED
2025-07-09 01:00:07,644 - root - INFO - Person matching: HISTORY | Score: 0.921 | Person ID: 1 | Status: RE_IDENTIFIED
2025-07-09 01:00:07,663 - root - INFO - Person matching: HISTORY | Score: 0.940 | Person ID: 0 | Status: RE_IDENTIFIED
2025-07-09 01:00:09,452 - root - INFO - Person matching: HISTORY | Score: 0.917 | Person ID: 1 | Status: RE_IDENTIFIED
2025-07-09 01:00:09,460 - root - INFO - Person matching: HISTORY | Score: 0.944 | Person ID: 0 | Status: RE_IDENTIFIED
2025-07-09 01:00:11,234 - root - INFO - Person matching: HISTORY | Score: 0.919 | Person ID: 1 | Status: RE_IDENTIFIED
2025-07-09 01:00:11,242 - root - INFO - Person matching: HISTORY | Score: 0.944 | Person ID: 0 | Status: RE_IDENTIFIED
2025-07-09 01:00:12,389 - root - INFO - Person matching: HISTORY | Score: 0.917 | Person ID: 1 | Status: RE_IDENTIFIED
2025-07-09 01:00:12,396 - root - INFO - Person matching: HISTORY | Score: 0.944 | Person ID: 0 | Status: RE_IDENTIFIED
2025-07-09 01:00:13,933 - root - INFO - Person matching: HISTORY | Score: 0.949 | Person ID: 0 | Status: RE_IDENTIFIED
2025-07-09 01:00:13,936 - root - INFO - Person matching: HISTORY | Score: 0.918 | Person ID: 1 | Status: RE_IDENTIFIED
2025-07-09 01:00:15,143 - root - INFO - Person matching: HISTORY | Score: 0.949 | Person ID: 0 | Status: RE_IDENTIFIED
2025-07-09 01:00:15,164 - root - INFO - Person matching: HISTORY | Score: 0.916 | Person ID: 1 | Status: RE_IDENTIFIED
2025-07-09 01:00:15,944 - root - INFO - Person matching: HISTORY | Score: 0.951 | Person ID: 0 | Status: RE_IDENTIFIED
2025-07-09 01:00:15,946 - root - INFO - Person matching: HISTORY | Score: 0.915 | Person ID: 1 | Status: RE_IDENTIFIED
2025-07-09 01:00:17,707 - root - INFO - Person matching: HISTORY | Score: 0.952 | Person ID: 0 | Status: RE_IDENTIFIED
2025-07-09 01:00:17,710 - root - INFO - Person matching: HISTORY | Score: 0.915 | Person ID: 1 | Status: RE_IDENTIFIED
2025-07-09 01:00:18,980 - root - INFO - Person matching: HISTORY | Score: 0.956 | Person ID: 0 | Status: RE_IDENTIFIED
2025-07-09 01:00:18,982 - root - INFO - Person matching: HISTORY | Score: 0.911 | Person ID: 1 | Status: RE_IDENTIFIED
2025-07-09 01:00:19,877 - root - INFO - Person matching: HISTORY | Score: 0.956 | Person ID: 0 | Status: RE_IDENTIFIED
2025-07-09 01:00:19,880 - root - INFO - Person matching: HISTORY | Score: 0.911 | Person ID: 1 | Status: RE_IDENTIFIED
2025-07-09 01:00:20,799 - root - INFO - Person matching: HISTORY | Score: 0.956 | Person ID: 0 | Status: RE_IDENTIFIED
2025-07-09 01:00:20,801 - root - INFO - Person matching: HISTORY | Score: 0.909 | Person ID: 1 | Status: RE_IDENTIFIED
2025-07-09 01:00:21,859 - root - INFO - Person matching: HISTORY | Score: 0.958 | Person ID: 0 | Status: RE_IDENTIFIED
2025-07-09 01:00:21,864 - root - INFO - Person matching: HISTORY | Score: 0.909 | Person ID: 1 | Status: RE_IDENTIFIED
2025-07-09 01:00:23,432 - root - INFO - Person matching: HISTORY | Score: 0.959 | Person ID: 0 | Status: RE_IDENTIFIED
2025-07-09 01:00:23,439 - root - INFO - Person matching: HISTORY | Score: 0.905 | Person ID: 1 | Status: RE_IDENTIFIED
2025-07-09 01:00:24,726 - root - INFO - Person matching: HISTORY | Score: 0.962 | Person ID: 0 | Status: RE_IDENTIFIED
2025-07-09 01:00:24,729 - root - INFO - Person matching: HISTORY | Score: 0.901 | Person ID: 1 | Status: RE_IDENTIFIED
2025-07-09 01:00:25,574 - root - INFO - Person matching: HISTORY | Score: 0.955 | Person ID: 0 | Status: RE_IDENTIFIED
2025-07-09 01:00:25,577 - root - INFO - Person matching: HISTORY | Score: 0.919 | Person ID: 1 | Status: RE_IDENTIFIED
2025-07-09 01:00:26,815 - root - INFO - Person matching: HISTORY | Score: 0.955 | Person ID: 0 | Status: RE_IDENTIFIED
2025-07-09 01:00:26,819 - root - INFO - Person matching: HISTORY | Score: 0.925 | Person ID: 1 | Status: RE_IDENTIFIED
2025-07-09 01:00:27,816 - root - INFO - Person matching: HISTORY | Score: 0.957 | Person ID: 0 | Status: RE_IDENTIFIED
2025-07-09 01:00:27,818 - root - INFO - Person matching: HISTORY | Score: 0.928 | Person ID: 1 | Status: RE_IDENTIFIED
2025-07-09 01:00:28,855 - root - INFO - Person matching: HISTORY | Score: 0.954 | Person ID: 0 | Status: RE_IDENTIFIED
2025-07-09 01:00:28,882 - root - INFO - Person matching: HISTORY | Score: 0.936 | Person ID: 1 | Status: RE_IDENTIFIED
2025-07-09 01:00:30,222 - root - INFO - Person matching: HISTORY | Score: 0.951 | Person ID: 0 | Status: RE_IDENTIFIED
2025-07-09 01:00:30,234 - root - INFO - Person matching: HISTORY | Score: 0.932 | Person ID: 1 | Status: RE_IDENTIFIED
2025-07-09 01:00:31,347 - root - INFO - Person matching: HISTORY | Score: 0.956 | Person ID: 0 | Status: RE_IDENTIFIED
2025-07-09 01:00:31,349 - root - INFO - Person matching: HISTORY | Score: 0.931 | Person ID: 1 | Status: RE_IDENTIFIED
2025-07-09 01:00:32,424 - root - INFO - Person matching: HISTORY | Score: 0.961 | Person ID: 0 | Status: RE_IDENTIFIED
2025-07-09 01:00:32,431 - root - INFO - Person matching: HISTORY | Score: 0.933 | Person ID: 1 | Status: RE_IDENTIFIED
2025-07-09 01:00:33,691 - root - INFO - Person matching: HISTORY | Score: 0.963 | Person ID: 0 | Status: RE_IDENTIFIED
2025-07-09 01:00:33,696 - root - INFO - Person matching: HISTORY | Score: 0.933 | Person ID: 1 | Status: RE_IDENTIFIED
2025-07-09 01:00:34,788 - root - INFO - Person matching: HISTORY | Score: 0.962 | Person ID: 0 | Status: RE_IDENTIFIED
2025-07-09 01:00:34,803 - root - INFO - Person matching: HISTORY | Score: 0.934 | Person ID: 1 | Status: RE_IDENTIFIED
2025-07-09 01:00:35,785 - root - INFO - Person matching: HISTORY | Score: 0.965 | Person ID: 0 | Status: RE_IDENTIFIED
2025-07-09 01:00:35,791 - root - INFO - Person matching: HISTORY | Score: 0.852 | Person ID: 1 | Status: RE_IDENTIFIED
2025-07-09 01:00:37,395 - root - INFO - Person matching: HISTORY | Score: 0.967 | Person ID: 0 | Status: RE_IDENTIFIED
2025-07-09 01:00:37,403 - root - INFO - Person matching: HISTORY | Score: 0.854 | Person ID: 1 | Status: RE_IDENTIFIED
2025-07-09 01:00:38,394 - root - INFO - Person matching: HISTORY | Score: 0.973 | Person ID: 0 | Status: RE_IDENTIFIED
2025-07-09 01:00:38,397 - root - INFO - Person matching: HISTORY | Score: 0.855 | Person ID: 1 | Status: RE_IDENTIFIED
2025-07-09 01:00:39,441 - root - INFO - Person matching: HISTORY | Score: 0.966 | Person ID: 0 | Status: RE_IDENTIFIED
2025-07-09 01:00:39,443 - root - INFO - Person matching: HISTORY | Score: 0.937 | Person ID: 1 | Status: RE_IDENTIFIED
2025-07-09 01:00:40,318 - root - INFO - Person matching: HISTORY | Score: 0.969 | Person ID: 0 | Status: RE_IDENTIFIED
2025-07-09 01:00:40,325 - root - INFO - Person matching: HISTORY | Score: 0.940 | Person ID: 1 | Status: RE_IDENTIFIED
2025-07-09 01:00:41,903 - root - INFO - Person matching: HISTORY | Score: 0.965 | Person ID: 0 | Status: RE_IDENTIFIED
2025-07-09 01:00:41,909 - root - INFO - Person matching: HISTORY | Score: 0.938 | Person ID: 1 | Status: RE_IDENTIFIED
2025-07-09 01:00:43,132 - root - INFO - Person matching: HISTORY | Score: 0.964 | Person ID: 0 | Status: RE_IDENTIFIED
2025-07-09 01:00:43,143 - root - INFO - Person matching: HISTORY | Score: 0.940 | Person ID: 1 | Status: RE_IDENTIFIED
2025-07-09 01:00:44,799 - root - INFO - Person matching: HISTORY | Score: 0.965 | Person ID: 0 | Status: RE_IDENTIFIED
2025-07-09 01:00:44,823 - root - INFO - Person matching: HISTORY | Score: 0.945 | Person ID: 1 | Status: RE_IDENTIFIED
2025-07-09 01:00:46,329 - root - INFO - Person matching: HISTORY | Score: 0.961 | Person ID: 0 | Status: RE_IDENTIFIED
2025-07-09 01:00:46,343 - root - INFO - Person matching: HISTORY | Score: 0.948 | Person ID: 1 | Status: RE_IDENTIFIED
2025-07-09 01:00:48,472 - root - INFO - Person matching: HISTORY | Score: 0.960 | Person ID: 0 | Status: RE_IDENTIFIED
2025-07-09 01:00:48,482 - root - INFO - Person matching: HISTORY | Score: 0.950 | Person ID: 1 | Status: RE_IDENTIFIED
2025-07-09 01:00:50,245 - root - INFO - Person matching: HISTORY | Score: 0.959 | Person ID: 0 | Status: RE_IDENTIFIED
2025-07-09 01:00:50,400 - root - INFO - Person matching: HISTORY | Score: 0.953 | Person ID: 1 | Status: RE_IDENTIFIED
2025-07-09 01:00:53,873 - root - INFO - Person matching: HISTORY | Score: 0.956 | Person ID: 0 | Status: RE_IDENTIFIED
2025-07-09 01:00:54,351 - root - INFO - Person matching: HISTORY | Score: 0.957 | Person ID: 1 | Status: RE_IDENTIFIED
2025-07-09 01:01:06,826 - root - INFO - Person matching: HISTORY | Score: 0.958 | Person ID: 0 | Status: RE_IDENTIFIED
2025-07-09 01:01:06,829 - root - INFO - Person matching: HISTORY | Score: 0.958 | Person ID: 1 | Status: RE_IDENTIFIED
2025-07-09 01:01:12,483 - root - INFO - Person matching: HISTORY | Score: 0.953 | Person ID: 0 | Status: RE_IDENTIFIED
2025-07-09 01:01:12,504 - root - INFO - Person matching: HISTORY | Score: 0.958 | Person ID: 1 | Status: RE_IDENTIFIED
2025-07-09 01:01:15,547 - root - INFO - Person matching: HISTORY | Score: 0.951 | Person ID: 0 | Status: RE_IDENTIFIED
2025-07-09 01:01:15,564 - root - INFO - Person matching: HISTORY | Score: 0.957 | Person ID: 1 | Status: RE_IDENTIFIED
2025-07-09 01:01:19,656 - root - INFO - Person matching: HISTORY | Score: 0.950 | Person ID: 0 | Status: RE_IDENTIFIED
2025-07-09 01:01:19,722 - root - INFO - Person matching: HISTORY | Score: 0.956 | Person ID: 1 | Status: RE_IDENTIFIED
2025-07-09 01:01:23,068 - root - INFO - Person matching: HISTORY | Score: 0.947 | Person ID: 0 | Status: RE_IDENTIFIED
2025-07-09 01:01:23,081 - root - INFO - Person matching: HISTORY | Score: 0.956 | Person ID: 1 | Status: RE_IDENTIFIED
2025-07-09 01:01:26,035 - root - INFO - Person matching: HISTORY | Score: 0.945 | Person ID: 0 | Status: RE_IDENTIFIED
2025-07-09 01:01:26,052 - root - INFO - Person matching: HISTORY | Score: 0.957 | Person ID: 1 | Status: RE_IDENTIFIED
2025-07-09 01:01:30,063 - root - INFO - Person matching: HISTORY | Score: 0.946 | Person ID: 0 | Status: RE_IDENTIFIED
2025-07-09 01:01:30,079 - root - INFO - Person matching: HISTORY | Score: 0.957 | Person ID: 1 | Status: RE_IDENTIFIED
2025-07-09 01:01:31,232 - root - INFO - Person matching: HISTORY | Score: 0.941 | Person ID: 0 | Status: RE_IDENTIFIED
2025-07-09 01:01:31,237 - root - INFO - Person matching: HISTORY | Score: 0.957 | Person ID: 1 | Status: RE_IDENTIFIED
2025-07-09 01:01:32,280 - root - INFO - Person matching: HISTORY | Score: 0.937 | Person ID: 0 | Status: RE_IDENTIFIED
2025-07-09 01:01:32,290 - root - INFO - Person matching: HISTORY | Score: 0.958 | Person ID: 1 | Status: RE_IDENTIFIED
2025-07-09 01:01:34,133 - root - INFO - Person matching: HISTORY | Score: 0.939 | Person ID: 0 | Status: RE_IDENTIFIED
2025-07-09 01:01:34,143 - root - INFO - Person matching: HISTORY | Score: 0.959 | Person ID: 1 | Status: RE_IDENTIFIED
2025-07-09 01:01:35,443 - root - INFO - Person matching: HISTORY | Score: 0.934 | Person ID: 0 | Status: RE_IDENTIFIED
2025-07-09 01:01:35,448 - root - INFO - Person matching: HISTORY | Score: 0.960 | Person ID: 1 | Status: RE_IDENTIFIED
2025-07-09 01:01:40,152 - root - INFO - Person matching: HISTORY | Score: 0.929 | Person ID: 0 | Status: RE_IDENTIFIED
2025-07-09 01:01:40,178 - root - INFO - Person matching: HISTORY | Score: 0.960 | Person ID: 1 | Status: RE_IDENTIFIED
2025-07-09 01:01:46,703 - root - INFO - Person matching: HISTORY | Score: 0.926 | Person ID: 0 | Status: RE_IDENTIFIED
2025-07-09 01:01:46,717 - root - INFO - Person matching: HISTORY | Score: 0.960 | Person ID: 1 | Status: RE_IDENTIFIED
2025-07-09 01:01:51,543 - root - INFO - Person matching: HISTORY | Score: 0.924 | Person ID: 0 | Status: RE_IDENTIFIED
2025-07-09 01:01:51,585 - root - INFO - Person matching: HISTORY | Score: 0.963 | Person ID: 1 | Status: RE_IDENTIFIED
2025-07-09 01:01:56,747 - root - INFO - Person matching: HISTORY | Score: 0.920 | Person ID: 0 | Status: RE_IDENTIFIED
2025-07-09 01:01:56,755 - root - INFO - Person matching: HISTORY | Score: 0.964 | Person ID: 1 | Status: RE_IDENTIFIED
2025-07-09 01:02:01,338 - root - INFO - Person matching: HISTORY | Score: 0.919 | Person ID: 0 | Status: RE_IDENTIFIED
2025-07-09 01:02:01,342 - root - INFO - Person matching: HISTORY | Score: 0.966 | Person ID: 1 | Status: RE_IDENTIFIED
2025-07-09 01:02:05,085 - root - INFO - Person matching: HISTORY | Score: 0.980 | Person ID: 0 | Status: RE_IDENTIFIED
2025-07-09 01:02:05,094 - root - INFO - Person matching: HISTORY | Score: 0.761 | Person ID: 1 | Status: RE_IDENTIFIED
2025-07-09 01:02:10,809 - root - INFO - Person matching: HISTORY | Score: 0.911 | Person ID: 0 | Status: RE_IDENTIFIED
2025-07-09 01:02:10,990 - root - INFO - Person matching: HISTORY | Score: 0.974 | Person ID: 1 | Status: RE_IDENTIFIED
2025-07-09 01:02:20,303 - root - INFO - Person matching: HISTORY | Score: 0.908 | Person ID: 0 | Status: RE_IDENTIFIED
2025-07-09 01:02:20,343 - root - INFO - Person matching: HISTORY | Score: 0.976 | Person ID: 1 | Status: RE_IDENTIFIED
2025-07-09 01:02:24,659 - root - INFO - Person matching: HISTORY | Score: 0.901 | Person ID: 0 | Status: RE_IDENTIFIED
2025-07-09 01:02:24,688 - root - INFO - Person matching: HISTORY | Score: 0.973 | Person ID: 1 | Status: RE_IDENTIFIED
2025-07-09 01:02:28,394 - root - INFO - Person matching: HISTORY | Score: 0.895 | Person ID: 0 | Status: RE_IDENTIFIED
2025-07-09 01:02:28,422 - root - INFO - Person matching: HISTORY | Score: 0.972 | Person ID: 1 | Status: RE_IDENTIFIED
2025-07-09 01:02:31,310 - root - INFO - Person matching: HISTORY | Score: 0.889 | Person ID: 0 | Status: RE_IDENTIFIED
2025-07-09 01:02:31,316 - root - INFO - Person matching: HISTORY | Score: 0.972 | Person ID: 1 | Status: RE_IDENTIFIED
2025-07-09 01:02:32,343 - root - INFO - Person matching: HISTORY | Score: 0.884 | Person ID: 0 | Status: RE_IDENTIFIED
2025-07-09 01:02:32,346 - root - INFO - Person matching: HISTORY | Score: 0.972 | Person ID: 1 | Status: RE_IDENTIFIED
2025-07-09 01:02:33,183 - root - INFO - Person matching: HISTORY | Score: 0.876 | Person ID: 0 | Status: RE_IDENTIFIED
2025-07-09 01:02:33,186 - root - INFO - Person matching: HISTORY | Score: 0.971 | Person ID: 1 | Status: RE_IDENTIFIED
2025-07-09 01:02:34,026 - root - INFO - Person matching: HISTORY | Score: 0.861 | Person ID: 0 | Status: RE_IDENTIFIED
2025-07-09 01:02:34,029 - root - INFO - Person matching: HISTORY | Score: 0.971 | Person ID: 1 | Status: RE_IDENTIFIED
2025-07-09 01:02:34,848 - root - INFO - Person matching: HISTORY | Score: 0.843 | Person ID: 0 | Status: RE_IDENTIFIED
2025-07-09 01:02:34,849 - root - INFO - Person matching: HISTORY | Score: 0.971 | Person ID: 1 | Status: RE_IDENTIFIED
2025-07-09 01:02:35,727 - root - INFO - Person matching: HISTORY | Score: 0.845 | Person ID: 0 | Status: RE_IDENTIFIED
2025-07-09 01:02:35,731 - root - INFO - Person matching: HISTORY | Score: 0.971 | Person ID: 1 | Status: RE_IDENTIFIED
2025-07-09 01:02:36,557 - root - INFO - Person matching: HISTORY | Score: 0.989 | Person ID: 0 | Status: RE_IDENTIFIED
2025-07-09 01:02:36,562 - root - INFO - Person matching: HISTORY | Score: 0.786 | Person ID: 2 | Status: RE_IDENTIFIED
2025-07-09 01:02:37,452 - root - INFO - Person matching: HISTORY | Score: 0.990 | Person ID: 0 | Status: RE_IDENTIFIED
2025-07-09 01:02:37,454 - root - INFO - Person matching: HISTORY | Score: 0.839 | Person ID: 2 | Status: RE_IDENTIFIED
2025-07-09 01:02:38,366 - root - INFO - Person matching: HISTORY | Score: 0.990 | Person ID: 0 | Status: RE_IDENTIFIED
2025-07-09 01:02:38,369 - root - INFO - Person matching: HISTORY | Score: 0.874 | Person ID: 2 | Status: RE_IDENTIFIED
2025-07-09 01:02:38,485 - root - INFO - Saved person history to data\persistent\person_history.pkl
2025-07-09 01:02:38,488 - root - INFO - Ended tracking session at 1752040958.411223
