2025-07-09 00:45:30,246 - root - INFO - PersonDetector initialized with device: cuda
2025-07-09 00:45:34,641 - root - INFO - EmbeddingExtractor initialized with resnet50
2025-07-09 00:45:34,644 - root - INFO - ReIDMatcher initialized with threshold: 0.7
2025-07-09 00:45:34,649 - root - INFO - PersistentTracker initialized
2025-07-09 00:45:40,035 - root - INFO - Started new tracking session at 0.0
2025-07-09 00:45:40,706 - root - INFO - Person matching: HISTORY | Score: 0.999 | Person ID: 0 | Status: RE_IDENTIFIED
2025-07-09 00:45:41,289 - root - INFO - Person matching: HISTORY | Score: 1.000 | Person ID: 0 | Status: RE_IDENTIFIED
2025-07-09 00:45:41,978 - root - INFO - Person matching: HISTORY | Score: 0.999 | Person ID: 0 | Status: RE_IDENTIFIED
2025-07-09 00:45:42,639 - root - INFO - Person matching: HISTORY | Score: 0.999 | Person ID: 0 | Status: RE_IDENTIFIED
2025-07-09 00:45:43,225 - root - INFO - Person matching: HISTORY | Score: 0.999 | Person ID: 0 | Status: RE_IDENTIFIED
2025-07-09 00:45:43,790 - root - INFO - Person matching: HISTORY | Score: 0.999 | Person ID: 0 | Status: RE_IDENTIFIED
2025-07-09 00:45:44,409 - root - INFO - Person matching: HISTORY | Score: 0.999 | Person ID: 0 | Status: RE_IDENTIFIED
2025-07-09 00:45:44,991 - root - INFO - Person matching: HISTORY | Score: 0.999 | Person ID: 0 | Status: RE_IDENTIFIED
2025-07-09 00:45:45,512 - root - INFO - Person matching: HISTORY | Score: 0.999 | Person ID: 0 | Status: RE_IDENTIFIED
2025-07-09 00:45:46,028 - root - INFO - Person matching: HISTORY | Score: 0.999 | Person ID: 0 | Status: RE_IDENTIFIED
2025-07-09 00:45:46,592 - root - INFO - Person matching: HISTORY | Score: 0.999 | Person ID: 0 | Status: RE_IDENTIFIED
2025-07-09 00:45:47,269 - root - INFO - Person matching: HISTORY | Score: 0.999 | Person ID: 0 | Status: RE_IDENTIFIED
2025-07-09 00:45:47,987 - root - INFO - Person matching: HISTORY | Score: 0.999 | Person ID: 0 | Status: RE_IDENTIFIED
2025-07-09 00:45:48,598 - root - INFO - Person matching: HISTORY | Score: 0.999 | Person ID: 0 | Status: RE_IDENTIFIED
2025-07-09 00:45:49,210 - root - INFO - Person matching: HISTORY | Score: 0.999 | Person ID: 0 | Status: RE_IDENTIFIED
2025-07-09 00:45:49,943 - root - INFO - Person matching: HISTORY | Score: 0.998 | Person ID: 0 | Status: RE_IDENTIFIED
2025-07-09 00:45:50,509 - root - INFO - Person matching: HISTORY | Score: 0.998 | Person ID: 0 | Status: RE_IDENTIFIED
2025-07-09 00:45:51,083 - root - INFO - Person matching: HISTORY | Score: 0.998 | Person ID: 0 | Status: RE_IDENTIFIED
2025-07-09 00:45:51,683 - root - INFO - Person matching: HISTORY | Score: 0.997 | Person ID: 0 | Status: RE_IDENTIFIED
2025-07-09 00:45:52,308 - root - INFO - Person matching: HISTORY | Score: 0.997 | Person ID: 0 | Status: RE_IDENTIFIED
2025-07-09 00:45:53,528 - root - INFO - Person matching: HISTORY | Score: 0.997 | Person ID: 0 | Status: RE_IDENTIFIED
2025-07-09 00:45:54,309 - root - INFO - Person matching: HISTORY | Score: 0.997 | Person ID: 0 | Status: RE_IDENTIFIED
2025-07-09 00:45:55,087 - root - INFO - Person matching: HISTORY | Score: 0.997 | Person ID: 0 | Status: RE_IDENTIFIED
2025-07-09 00:45:55,769 - root - INFO - Person matching: HISTORY | Score: 0.997 | Person ID: 0 | Status: RE_IDENTIFIED
2025-07-09 00:45:56,526 - root - INFO - Person matching: HISTORY | Score: 0.997 | Person ID: 0 | Status: RE_IDENTIFIED
2025-07-09 00:45:57,224 - root - INFO - Person matching: HISTORY | Score: 0.997 | Person ID: 0 | Status: RE_IDENTIFIED
2025-07-09 00:45:58,195 - root - INFO - Person matching: HISTORY | Score: 0.996 | Person ID: 0 | Status: RE_IDENTIFIED
2025-07-09 00:45:58,905 - root - INFO - Person matching: HISTORY | Score: 0.996 | Person ID: 0 | Status: RE_IDENTIFIED
2025-07-09 00:45:59,514 - root - INFO - Person matching: HISTORY | Score: 0.995 | Person ID: 0 | Status: RE_IDENTIFIED
2025-07-09 00:46:00,255 - root - INFO - Person matching: HISTORY | Score: 0.995 | Person ID: 0 | Status: RE_IDENTIFIED
2025-07-09 00:46:00,790 - root - INFO - Person matching: HISTORY | Score: 0.995 | Person ID: 0 | Status: RE_IDENTIFIED
2025-07-09 00:46:01,462 - root - INFO - Person matching: HISTORY | Score: 0.994 | Person ID: 0 | Status: RE_IDENTIFIED
2025-07-09 00:46:02,064 - root - INFO - Person matching: HISTORY | Score: 0.994 | Person ID: 0 | Status: RE_IDENTIFIED
2025-07-09 00:46:02,846 - root - INFO - Person matching: HISTORY | Score: 0.993 | Person ID: 0 | Status: RE_IDENTIFIED
2025-07-09 00:46:03,734 - root - INFO - Person matching: HISTORY | Score: 0.992 | Person ID: 0 | Status: RE_IDENTIFIED
2025-07-09 00:46:04,600 - root - INFO - Person matching: HISTORY | Score: 0.991 | Person ID: 0 | Status: RE_IDENTIFIED
2025-07-09 00:46:05,373 - root - INFO - Person matching: HISTORY | Score: 0.988 | Person ID: 0 | Status: RE_IDENTIFIED
2025-07-09 00:46:07,201 - root - INFO - Person matching: HISTORY | Score: 0.986 | Person ID: 0 | Status: RE_IDENTIFIED
2025-07-09 00:46:08,259 - root - INFO - Person matching: HISTORY | Score: 0.985 | Person ID: 0 | Status: RE_IDENTIFIED
2025-07-09 00:46:09,368 - root - INFO - Person matching: HISTORY | Score: 0.985 | Person ID: 0 | Status: RE_IDENTIFIED
2025-07-09 00:46:10,430 - root - INFO - Person matching: HISTORY | Score: 0.984 | Person ID: 0 | Status: RE_IDENTIFIED
2025-07-09 00:46:11,259 - root - INFO - Person matching: HISTORY | Score: 0.984 | Person ID: 0 | Status: RE_IDENTIFIED
2025-07-09 00:46:12,059 - root - INFO - Person matching: HISTORY | Score: 0.983 | Person ID: 0 | Status: RE_IDENTIFIED
2025-07-09 00:46:13,032 - root - INFO - Person matching: HISTORY | Score: 0.982 | Person ID: 0 | Status: RE_IDENTIFIED
2025-07-09 00:46:13,988 - root - INFO - Person matching: HISTORY | Score: 0.982 | Person ID: 0 | Status: RE_IDENTIFIED
2025-07-09 00:46:14,987 - root - INFO - Person matching: HISTORY | Score: 0.980 | Person ID: 0 | Status: RE_IDENTIFIED
2025-07-09 00:46:15,691 - root - INFO - Person matching: HISTORY | Score: 0.978 | Person ID: 0 | Status: RE_IDENTIFIED
2025-07-09 00:46:16,190 - root - INFO - Person matching: HISTORY | Score: 0.976 | Person ID: 0 | Status: RE_IDENTIFIED
2025-07-09 00:46:16,647 - root - INFO - Person matching: HISTORY | Score: 0.974 | Person ID: 0 | Status: RE_IDENTIFIED
2025-07-09 00:46:17,084 - root - INFO - Person matching: HISTORY | Score: 0.969 | Person ID: 0 | Status: RE_IDENTIFIED
2025-07-09 00:46:17,558 - root - INFO - Person matching: HISTORY | Score: 0.967 | Person ID: 0 | Status: RE_IDENTIFIED
2025-07-09 00:46:18,077 - root - INFO - Person matching: HISTORY | Score: 0.965 | Person ID: 0 | Status: RE_IDENTIFIED
2025-07-09 00:46:18,576 - root - INFO - Person matching: HISTORY | Score: 0.963 | Person ID: 0 | Status: RE_IDENTIFIED
2025-07-09 00:46:19,043 - root - INFO - Person matching: HISTORY | Score: 0.959 | Person ID: 0 | Status: RE_IDENTIFIED
2025-07-09 00:46:19,475 - root - INFO - Person matching: HISTORY | Score: 0.956 | Person ID: 0 | Status: RE_IDENTIFIED
2025-07-09 00:46:20,079 - root - INFO - Person matching: HISTORY | Score: 0.952 | Person ID: 0 | Status: RE_IDENTIFIED
2025-07-09 00:46:20,560 - root - INFO - Person matching: HISTORY | Score: 0.950 | Person ID: 0 | Status: RE_IDENTIFIED
2025-07-09 00:46:21,351 - root - INFO - Person matching: HISTORY | Score: 0.944 | Person ID: 0 | Status: RE_IDENTIFIED
2025-07-09 00:46:22,157 - root - INFO - Person matching: HISTORY | Score: 0.937 | Person ID: 0 | Status: RE_IDENTIFIED
2025-07-09 00:46:23,588 - root - INFO - Person matching: HISTORY | Score: 0.934 | Person ID: 0 | Status: RE_IDENTIFIED
2025-07-09 00:46:24,839 - root - INFO - Person matching: HISTORY | Score: 0.929 | Person ID: 0 | Status: RE_IDENTIFIED
2025-07-09 00:46:25,750 - root - INFO - Person matching: HISTORY | Score: 0.923 | Person ID: 0 | Status: RE_IDENTIFIED
2025-07-09 00:46:26,368 - root - INFO - Person matching: HISTORY | Score: 0.918 | Person ID: 0 | Status: RE_IDENTIFIED
2025-07-09 00:46:27,441 - root - INFO - Person matching: HISTORY | Score: 0.913 | Person ID: 0 | Status: RE_IDENTIFIED
2025-07-09 00:46:28,864 - root - INFO - Person matching: HISTORY | Score: 0.902 | Person ID: 0 | Status: RE_IDENTIFIED
2025-07-09 00:46:29,738 - root - INFO - Person matching: HISTORY | Score: 0.897 | Person ID: 0 | Status: RE_IDENTIFIED
2025-07-09 00:46:30,450 - root - INFO - Person matching: HISTORY | Score: 0.884 | Person ID: 0 | Status: RE_IDENTIFIED
2025-07-09 00:46:30,954 - root - INFO - Person matching: HISTORY | Score: 0.877 | Person ID: 0 | Status: RE_IDENTIFIED
2025-07-09 00:46:31,451 - root - INFO - Person matching: HISTORY | Score: 0.870 | Person ID: 0 | Status: RE_IDENTIFIED
2025-07-09 00:46:31,910 - root - INFO - Person matching: HISTORY | Score: 0.852 | Person ID: 0 | Status: RE_IDENTIFIED
2025-07-09 00:46:32,450 - root - INFO - Person matching: HISTORY | Score: 0.803 | Person ID: 0 | Status: RE_IDENTIFIED
2025-07-09 00:46:33,452 - root - INFO - Person matching: HISTORY | Score: 0.789 | Person ID: 0 | Status: RE_IDENTIFIED
2025-07-09 00:46:34,564 - root - INFO - Person matching: HISTORY | Score: 0.775 | Person ID: 0 | Status: RE_IDENTIFIED
2025-07-09 00:46:36,547 - root - INFO - Person matching: HISTORY | Score: 0.772 | Person ID: 0 | Status: RE_IDENTIFIED
2025-07-09 00:46:36,570 - root - INFO - Person matching: HISTORY | Score: 0.998 | Person ID: 1 | Status: RE_IDENTIFIED
2025-07-09 00:46:37,640 - root - INFO - Person matching: HISTORY | Score: 0.757 | Person ID: 0 | Status: RE_IDENTIFIED
2025-07-09 00:46:37,641 - root - INFO - Person matching: HISTORY | Score: 0.997 | Person ID: 1 | Status: RE_IDENTIFIED
2025-07-09 00:46:38,499 - root - INFO - Person matching: HISTORY | Score: 0.761 | Person ID: 0 | Status: RE_IDENTIFIED
2025-07-09 00:46:38,503 - root - INFO - Person matching: HISTORY | Score: 0.991 | Person ID: 1 | Status: RE_IDENTIFIED
2025-07-09 00:46:39,589 - root - INFO - Person matching: HISTORY | Score: 0.728 | Person ID: 0 | Status: RE_IDENTIFIED
2025-07-09 00:46:39,594 - root - INFO - Person matching: HISTORY | Score: 0.993 | Person ID: 1 | Status: RE_IDENTIFIED
2025-07-09 00:46:40,537 - root - INFO - Person matching: HISTORY | Score: 0.734 | Person ID: 0 | Status: RE_IDENTIFIED
2025-07-09 00:46:40,541 - root - INFO - Person matching: HISTORY | Score: 0.991 | Person ID: 1 | Status: RE_IDENTIFIED
2025-07-09 00:46:41,393 - root - INFO - Person matching: HISTORY | Score: 0.729 | Person ID: 0 | Status: RE_IDENTIFIED
2025-07-09 00:46:41,395 - root - INFO - Person matching: HISTORY | Score: 0.979 | Person ID: 1 | Status: RE_IDENTIFIED
2025-07-09 00:46:42,112 - root - INFO - Person matching: HISTORY | Score: 0.734 | Person ID: 0 | Status: RE_IDENTIFIED
2025-07-09 00:46:42,114 - root - INFO - Person matching: HISTORY | Score: 0.977 | Person ID: 1 | Status: RE_IDENTIFIED
2025-07-09 00:46:42,736 - root - INFO - Person matching: HISTORY | Score: 0.704 | Person ID: 0 | Status: RE_IDENTIFIED
2025-07-09 00:46:42,736 - root - INFO - Person matching: HISTORY | Score: 0.992 | Person ID: 1 | Status: RE_IDENTIFIED
2025-07-09 00:46:43,220 - root - INFO - Person matching: HISTORY | Score: 0.651 | Person ID: 0 | Status: RE_IDENTIFIED
2025-07-09 00:46:43,222 - root - INFO - Person matching: HISTORY | Score: 0.984 | Person ID: 1 | Status: RE_IDENTIFIED
2025-07-09 00:46:43,779 - root - INFO - Person matching: HISTORY | Score: 0.620 | Person ID: 0 | Status: RE_IDENTIFIED
2025-07-09 00:46:43,781 - root - INFO - Person matching: HISTORY | Score: 0.984 | Person ID: 1 | Status: RE_IDENTIFIED
2025-07-09 00:46:44,344 - root - INFO - Person matching: HISTORY | Score: 0.989 | Person ID: 1 | Status: RE_IDENTIFIED
2025-07-09 00:46:45,038 - root - INFO - Person matching: HISTORY | Score: 0.987 | Person ID: 1 | Status: RE_IDENTIFIED
2025-07-09 00:46:45,043 - root - INFO - Person matching: HISTORY | Score: 0.978 | Person ID: 2 | Status: RE_IDENTIFIED
2025-07-09 00:46:45,730 - root - INFO - Person matching: HISTORY | Score: 0.983 | Person ID: 1 | Status: RE_IDENTIFIED
2025-07-09 00:46:45,732 - root - INFO - Person matching: HISTORY | Score: 0.986 | Person ID: 2 | Status: RE_IDENTIFIED
2025-07-09 00:46:46,379 - root - INFO - Person matching: HISTORY | Score: 0.980 | Person ID: 1 | Status: RE_IDENTIFIED
2025-07-09 00:46:46,380 - root - INFO - Person matching: HISTORY | Score: 0.968 | Person ID: 2 | Status: RE_IDENTIFIED
2025-07-09 00:46:46,976 - root - INFO - Person matching: HISTORY | Score: 0.981 | Person ID: 1 | Status: RE_IDENTIFIED
2025-07-09 00:46:46,979 - root - INFO - Person matching: HISTORY | Score: 0.985 | Person ID: 2 | Status: RE_IDENTIFIED
2025-07-09 00:46:47,719 - root - INFO - Person matching: HISTORY | Score: 0.977 | Person ID: 1 | Status: RE_IDENTIFIED
2025-07-09 00:46:47,721 - root - INFO - Person matching: HISTORY | Score: 0.989 | Person ID: 2 | Status: RE_IDENTIFIED
2025-07-09 00:46:48,199 - root - INFO - Person matching: HISTORY | Score: 0.971 | Person ID: 1 | Status: RE_IDENTIFIED
2025-07-09 00:46:48,201 - root - INFO - Person matching: HISTORY | Score: 0.993 | Person ID: 2 | Status: RE_IDENTIFIED
2025-07-09 00:46:48,813 - root - INFO - Person matching: HISTORY | Score: 0.967 | Person ID: 1 | Status: RE_IDENTIFIED
2025-07-09 00:46:48,816 - root - INFO - Person matching: HISTORY | Score: 0.992 | Person ID: 2 | Status: RE_IDENTIFIED
2025-07-09 00:46:49,876 - root - INFO - Person matching: HISTORY | Score: 0.948 | Person ID: 1 | Status: RE_IDENTIFIED
2025-07-09 00:46:49,883 - root - INFO - Person matching: HISTORY | Score: 0.993 | Person ID: 2 | Status: RE_IDENTIFIED
2025-07-09 00:46:50,293 - root - INFO - Person matching: HISTORY | Score: 0.945 | Person ID: 1 | Status: RE_IDENTIFIED
2025-07-09 00:46:50,774 - root - INFO - Person matching: HISTORY | Score: 0.956 | Person ID: 1 | Status: RE_IDENTIFIED
2025-07-09 00:46:51,233 - root - INFO - Person matching: HISTORY | Score: 0.959 | Person ID: 1 | Status: RE_IDENTIFIED
2025-07-09 00:46:51,794 - root - INFO - Person matching: HISTORY | Score: 0.963 | Person ID: 1 | Status: RE_IDENTIFIED
2025-07-09 00:46:52,336 - root - INFO - Person matching: HISTORY | Score: 0.967 | Person ID: 1 | Status: RE_IDENTIFIED
2025-07-09 00:46:52,865 - root - INFO - Person matching: HISTORY | Score: 0.969 | Person ID: 1 | Status: RE_IDENTIFIED
2025-07-09 00:46:53,246 - root - INFO - Person matching: HISTORY | Score: 0.969 | Person ID: 1 | Status: RE_IDENTIFIED
2025-07-09 00:46:53,662 - root - INFO - Person matching: HISTORY | Score: 0.970 | Person ID: 1 | Status: RE_IDENTIFIED
2025-07-09 00:46:54,092 - root - INFO - Person matching: HISTORY | Score: 0.970 | Person ID: 1 | Status: RE_IDENTIFIED
2025-07-09 00:46:54,465 - root - INFO - Person matching: HISTORY | Score: 0.972 | Person ID: 1 | Status: RE_IDENTIFIED
2025-07-09 00:46:54,878 - root - INFO - Person matching: HISTORY | Score: 0.972 | Person ID: 1 | Status: RE_IDENTIFIED
2025-07-09 00:46:55,146 - root - INFO - Person matching: HISTORY | Score: 0.973 | Person ID: 1 | Status: RE_IDENTIFIED
2025-07-09 00:46:55,528 - root - INFO - Person matching: HISTORY | Score: 0.975 | Person ID: 1 | Status: RE_IDENTIFIED
2025-07-09 00:46:55,893 - root - INFO - Person matching: HISTORY | Score: 0.977 | Person ID: 1 | Status: RE_IDENTIFIED
2025-07-09 00:46:56,288 - root - INFO - Person matching: HISTORY | Score: 0.980 | Person ID: 1 | Status: RE_IDENTIFIED
2025-07-09 00:46:56,638 - root - INFO - Person matching: HISTORY | Score: 0.978 | Person ID: 1 | Status: RE_IDENTIFIED
2025-07-09 00:46:57,249 - root - INFO - Person matching: HISTORY | Score: 0.980 | Person ID: 1 | Status: RE_IDENTIFIED
2025-07-09 00:46:57,646 - root - INFO - Person matching: HISTORY | Score: 0.982 | Person ID: 1 | Status: RE_IDENTIFIED
2025-07-09 00:46:57,648 - root - INFO - Person matching: HISTORY | Score: 0.666 | Person ID: 0 | Status: RE_IDENTIFIED
2025-07-09 00:46:58,086 - root - INFO - Person matching: HISTORY | Score: 0.983 | Person ID: 1 | Status: RE_IDENTIFIED
2025-07-09 00:46:58,089 - root - INFO - Person matching: HISTORY | Score: 0.685 | Person ID: 0 | Status: RE_IDENTIFIED
2025-07-09 00:46:58,574 - root - INFO - Person matching: HISTORY | Score: 0.982 | Person ID: 1 | Status: RE_IDENTIFIED
2025-07-09 00:46:58,578 - root - INFO - Person matching: HISTORY | Score: 0.732 | Person ID: 0 | Status: RE_IDENTIFIED
2025-07-09 00:46:59,108 - root - INFO - Person matching: HISTORY | Score: 0.837 | Person ID: 1 | Status: RE_IDENTIFIED
2025-07-09 00:46:59,114 - root - INFO - Person matching: HISTORY | Score: 0.801 | Person ID: 0 | Status: RE_IDENTIFIED
2025-07-09 00:46:59,596 - root - INFO - Person matching: HISTORY | Score: 0.845 | Person ID: 1 | Status: RE_IDENTIFIED
2025-07-09 00:46:59,598 - root - INFO - Person matching: HISTORY | Score: 0.810 | Person ID: 0 | Status: RE_IDENTIFIED
2025-07-09 00:47:00,011 - root - INFO - Person matching: HISTORY | Score: 0.856 | Person ID: 1 | Status: RE_IDENTIFIED
2025-07-09 00:47:00,013 - root - INFO - Person matching: HISTORY | Score: 0.810 | Person ID: 0 | Status: RE_IDENTIFIED
2025-07-09 00:47:00,491 - root - INFO - Person matching: HISTORY | Score: 0.871 | Person ID: 1 | Status: RE_IDENTIFIED
2025-07-09 00:47:00,493 - root - INFO - Person matching: HISTORY | Score: 0.813 | Person ID: 0 | Status: RE_IDENTIFIED
2025-07-09 00:47:01,002 - root - INFO - Person matching: HISTORY | Score: 0.884 | Person ID: 1 | Status: RE_IDENTIFIED
2025-07-09 00:47:01,006 - root - INFO - Person matching: HISTORY | Score: 0.818 | Person ID: 0 | Status: RE_IDENTIFIED
2025-07-09 00:47:01,517 - root - INFO - Person matching: HISTORY | Score: 0.885 | Person ID: 1 | Status: RE_IDENTIFIED
2025-07-09 00:47:01,520 - root - INFO - Person matching: HISTORY | Score: 0.827 | Person ID: 0 | Status: RE_IDENTIFIED
2025-07-09 00:47:01,969 - root - INFO - Person matching: HISTORY | Score: 0.895 | Person ID: 1 | Status: RE_IDENTIFIED
2025-07-09 00:47:01,973 - root - INFO - Person matching: HISTORY | Score: 0.834 | Person ID: 0 | Status: RE_IDENTIFIED
2025-07-09 00:47:02,446 - root - INFO - Person matching: HISTORY | Score: 0.897 | Person ID: 1 | Status: RE_IDENTIFIED
2025-07-09 00:47:02,448 - root - INFO - Person matching: HISTORY | Score: 0.848 | Person ID: 0 | Status: RE_IDENTIFIED
2025-07-09 00:47:02,995 - root - INFO - Person matching: HISTORY | Score: 0.897 | Person ID: 1 | Status: RE_IDENTIFIED
2025-07-09 00:47:02,998 - root - INFO - Person matching: HISTORY | Score: 0.847 | Person ID: 0 | Status: RE_IDENTIFIED
2025-07-09 00:47:03,530 - root - INFO - Person matching: HISTORY | Score: 0.901 | Person ID: 1 | Status: RE_IDENTIFIED
2025-07-09 00:47:03,533 - root - INFO - Person matching: HISTORY | Score: 0.857 | Person ID: 0 | Status: RE_IDENTIFIED
2025-07-09 00:47:04,052 - root - INFO - Person matching: HISTORY | Score: 0.903 | Person ID: 1 | Status: RE_IDENTIFIED
2025-07-09 00:47:04,054 - root - INFO - Person matching: HISTORY | Score: 0.853 | Person ID: 0 | Status: RE_IDENTIFIED
2025-07-09 00:47:04,595 - root - INFO - Person matching: HISTORY | Score: 0.910 | Person ID: 1 | Status: RE_IDENTIFIED
2025-07-09 00:47:04,598 - root - INFO - Person matching: HISTORY | Score: 0.867 | Person ID: 0 | Status: RE_IDENTIFIED
2025-07-09 00:47:05,095 - root - INFO - Person matching: HISTORY | Score: 0.913 | Person ID: 1 | Status: RE_IDENTIFIED
2025-07-09 00:47:05,096 - root - INFO - Person matching: HISTORY | Score: 0.902 | Person ID: 0 | Status: RE_IDENTIFIED
2025-07-09 00:47:05,609 - root - INFO - Person matching: HISTORY | Score: 0.922 | Person ID: 1 | Status: RE_IDENTIFIED
2025-07-09 00:47:05,611 - root - INFO - Person matching: HISTORY | Score: 0.913 | Person ID: 0 | Status: RE_IDENTIFIED
2025-07-09 00:47:06,414 - root - INFO - Person matching: HISTORY | Score: 0.943 | Person ID: 1 | Status: RE_IDENTIFIED
2025-07-09 00:47:06,416 - root - INFO - Person matching: HISTORY | Score: 0.837 | Person ID: 0 | Status: RE_IDENTIFIED
2025-07-09 00:47:07,192 - root - INFO - Person matching: HISTORY | Score: 0.937 | Person ID: 1 | Status: RE_IDENTIFIED
2025-07-09 00:47:07,196 - root - INFO - Person matching: HISTORY | Score: 0.852 | Person ID: 0 | Status: RE_IDENTIFIED
2025-07-09 00:47:07,690 - root - INFO - Person matching: HISTORY | Score: 0.942 | Person ID: 1 | Status: RE_IDENTIFIED
2025-07-09 00:47:07,692 - root - INFO - Person matching: HISTORY | Score: 0.857 | Person ID: 0 | Status: RE_IDENTIFIED
2025-07-09 00:47:09,135 - root - INFO - Person matching: HISTORY | Score: 0.915 | Person ID: 1 | Status: RE_IDENTIFIED
2025-07-09 00:47:09,145 - root - INFO - Person matching: HISTORY | Score: 0.932 | Person ID: 0 | Status: RE_IDENTIFIED
2025-07-09 00:47:10,042 - root - INFO - Person matching: HISTORY | Score: 0.916 | Person ID: 1 | Status: RE_IDENTIFIED
2025-07-09 00:47:10,044 - root - INFO - Person matching: HISTORY | Score: 0.937 | Person ID: 0 | Status: RE_IDENTIFIED
2025-07-09 00:47:10,879 - root - INFO - Person matching: HISTORY | Score: 0.917 | Person ID: 1 | Status: RE_IDENTIFIED
2025-07-09 00:47:10,883 - root - INFO - Person matching: HISTORY | Score: 0.938 | Person ID: 0 | Status: RE_IDENTIFIED
2025-07-09 00:47:11,762 - root - INFO - Person matching: HISTORY | Score: 0.918 | Person ID: 1 | Status: RE_IDENTIFIED
2025-07-09 00:47:11,766 - root - INFO - Person matching: HISTORY | Score: 0.939 | Person ID: 0 | Status: RE_IDENTIFIED
2025-07-09 00:47:12,341 - root - INFO - Person matching: HISTORY | Score: 0.917 | Person ID: 1 | Status: RE_IDENTIFIED
2025-07-09 00:47:12,346 - root - INFO - Person matching: HISTORY | Score: 0.946 | Person ID: 0 | Status: RE_IDENTIFIED
2025-07-09 00:47:12,910 - root - INFO - Person matching: HISTORY | Score: 0.919 | Person ID: 1 | Status: RE_IDENTIFIED
2025-07-09 00:47:12,914 - root - INFO - Person matching: HISTORY | Score: 0.940 | Person ID: 0 | Status: RE_IDENTIFIED
2025-07-09 00:47:13,488 - root - INFO - Person matching: HISTORY | Score: 0.916 | Person ID: 1 | Status: RE_IDENTIFIED
2025-07-09 00:47:13,490 - root - INFO - Person matching: HISTORY | Score: 0.944 | Person ID: 0 | Status: RE_IDENTIFIED
2025-07-09 00:47:14,443 - root - INFO - Person matching: HISTORY | Score: 0.918 | Person ID: 1 | Status: RE_IDENTIFIED
2025-07-09 00:47:14,446 - root - INFO - Person matching: HISTORY | Score: 0.944 | Person ID: 0 | Status: RE_IDENTIFIED
2025-07-09 00:47:15,199 - root - INFO - Person matching: HISTORY | Score: 0.916 | Person ID: 1 | Status: RE_IDENTIFIED
2025-07-09 00:47:15,205 - root - INFO - Person matching: HISTORY | Score: 0.944 | Person ID: 0 | Status: RE_IDENTIFIED
2025-07-09 00:47:15,865 - root - INFO - Person matching: HISTORY | Score: 0.949 | Person ID: 0 | Status: RE_IDENTIFIED
2025-07-09 00:47:15,866 - root - INFO - Person matching: HISTORY | Score: 0.917 | Person ID: 1 | Status: RE_IDENTIFIED
2025-07-09 00:47:16,468 - root - INFO - Person matching: HISTORY | Score: 0.948 | Person ID: 0 | Status: RE_IDENTIFIED
2025-07-09 00:47:16,471 - root - INFO - Person matching: HISTORY | Score: 0.915 | Person ID: 1 | Status: RE_IDENTIFIED
2025-07-09 00:47:16,958 - root - INFO - Person matching: HISTORY | Score: 0.951 | Person ID: 0 | Status: RE_IDENTIFIED
2025-07-09 00:47:16,961 - root - INFO - Person matching: HISTORY | Score: 0.915 | Person ID: 1 | Status: RE_IDENTIFIED
2025-07-09 00:47:17,916 - root - INFO - Person matching: HISTORY | Score: 0.952 | Person ID: 0 | Status: RE_IDENTIFIED
2025-07-09 00:47:17,923 - root - INFO - Person matching: HISTORY | Score: 0.914 | Person ID: 1 | Status: RE_IDENTIFIED
2025-07-09 00:47:18,876 - root - INFO - Person matching: HISTORY | Score: 0.955 | Person ID: 0 | Status: RE_IDENTIFIED
2025-07-09 00:47:18,879 - root - INFO - Person matching: HISTORY | Score: 0.909 | Person ID: 1 | Status: RE_IDENTIFIED
2025-07-09 00:47:19,861 - root - INFO - Person matching: HISTORY | Score: 0.957 | Person ID: 0 | Status: RE_IDENTIFIED
2025-07-09 00:47:19,864 - root - INFO - Person matching: HISTORY | Score: 0.910 | Person ID: 1 | Status: RE_IDENTIFIED
2025-07-09 00:47:21,016 - root - INFO - Person matching: HISTORY | Score: 0.956 | Person ID: 0 | Status: RE_IDENTIFIED
2025-07-09 00:47:21,031 - root - INFO - Person matching: HISTORY | Score: 0.907 | Person ID: 1 | Status: RE_IDENTIFIED
2025-07-09 00:47:21,999 - root - INFO - Person matching: HISTORY | Score: 0.958 | Person ID: 0 | Status: RE_IDENTIFIED
2025-07-09 00:47:22,005 - root - INFO - Person matching: HISTORY | Score: 0.907 | Person ID: 1 | Status: RE_IDENTIFIED
2025-07-09 00:47:23,053 - root - INFO - Person matching: HISTORY | Score: 0.959 | Person ID: 0 | Status: RE_IDENTIFIED
2025-07-09 00:47:23,058 - root - INFO - Person matching: HISTORY | Score: 0.904 | Person ID: 1 | Status: RE_IDENTIFIED
2025-07-09 00:47:24,913 - root - INFO - Person matching: HISTORY | Score: 0.962 | Person ID: 0 | Status: RE_IDENTIFIED
2025-07-09 00:47:24,981 - root - INFO - Person matching: HISTORY | Score: 0.900 | Person ID: 1 | Status: RE_IDENTIFIED
2025-07-09 00:47:26,565 - root - INFO - Person matching: HISTORY | Score: 0.954 | Person ID: 0 | Status: RE_IDENTIFIED
2025-07-09 00:47:26,588 - root - INFO - Person matching: HISTORY | Score: 0.919 | Person ID: 1 | Status: RE_IDENTIFIED
2025-07-09 00:47:27,967 - root - INFO - Person matching: HISTORY | Score: 0.954 | Person ID: 0 | Status: RE_IDENTIFIED
2025-07-09 00:47:27,993 - root - INFO - Person matching: HISTORY | Score: 0.925 | Person ID: 1 | Status: RE_IDENTIFIED
2025-07-09 00:47:29,908 - root - INFO - Person matching: HISTORY | Score: 0.955 | Person ID: 0 | Status: RE_IDENTIFIED
2025-07-09 00:47:29,926 - root - INFO - Person matching: HISTORY | Score: 0.928 | Person ID: 1 | Status: RE_IDENTIFIED
2025-07-09 00:47:31,524 - root - INFO - Person matching: HISTORY | Score: 0.953 | Person ID: 0 | Status: RE_IDENTIFIED
2025-07-09 00:47:31,527 - root - INFO - Person matching: HISTORY | Score: 0.935 | Person ID: 1 | Status: RE_IDENTIFIED
2025-07-09 00:47:32,705 - root - INFO - Person matching: HISTORY | Score: 0.950 | Person ID: 0 | Status: RE_IDENTIFIED
2025-07-09 00:47:32,716 - root - INFO - Person matching: HISTORY | Score: 0.932 | Person ID: 1 | Status: RE_IDENTIFIED
2025-07-09 00:47:34,045 - root - INFO - Person matching: HISTORY | Score: 0.955 | Person ID: 0 | Status: RE_IDENTIFIED
2025-07-09 00:47:34,060 - root - INFO - Person matching: HISTORY | Score: 0.931 | Person ID: 1 | Status: RE_IDENTIFIED
2025-07-09 00:47:35,501 - root - INFO - Person matching: HISTORY | Score: 0.959 | Person ID: 0 | Status: RE_IDENTIFIED
2025-07-09 00:47:35,523 - root - INFO - Person matching: HISTORY | Score: 0.933 | Person ID: 1 | Status: RE_IDENTIFIED
2025-07-09 00:47:36,772 - root - INFO - Person matching: HISTORY | Score: 0.961 | Person ID: 0 | Status: RE_IDENTIFIED
2025-07-09 00:47:36,792 - root - INFO - Person matching: HISTORY | Score: 0.933 | Person ID: 1 | Status: RE_IDENTIFIED
2025-07-09 00:47:38,248 - root - INFO - Person matching: HISTORY | Score: 0.961 | Person ID: 0 | Status: RE_IDENTIFIED
2025-07-09 00:47:38,265 - root - INFO - Person matching: HISTORY | Score: 0.934 | Person ID: 1 | Status: RE_IDENTIFIED
2025-07-09 00:47:45,804 - root - INFO - Person matching: HISTORY | Score: 0.965 | Person ID: 0 | Status: RE_IDENTIFIED
2025-07-09 00:47:45,927 - root - INFO - Person matching: HISTORY | Score: 0.851 | Person ID: 1 | Status: RE_IDENTIFIED
2025-07-09 00:47:48,957 - root - INFO - Person matching: HISTORY | Score: 0.967 | Person ID: 0 | Status: RE_IDENTIFIED
2025-07-09 00:47:48,980 - root - INFO - Person matching: HISTORY | Score: 0.853 | Person ID: 1 | Status: RE_IDENTIFIED
2025-07-09 00:47:51,633 - root - INFO - Person matching: HISTORY | Score: 0.972 | Person ID: 0 | Status: RE_IDENTIFIED
2025-07-09 00:47:51,650 - root - INFO - Person matching: HISTORY | Score: 0.853 | Person ID: 1 | Status: RE_IDENTIFIED
2025-07-09 00:47:52,960 - root - INFO - Person matching: HISTORY | Score: 0.965 | Person ID: 0 | Status: RE_IDENTIFIED
2025-07-09 00:47:52,963 - root - INFO - Person matching: HISTORY | Score: 0.937 | Person ID: 1 | Status: RE_IDENTIFIED
2025-07-09 00:47:54,218 - root - INFO - Person matching: HISTORY | Score: 0.968 | Person ID: 0 | Status: RE_IDENTIFIED
2025-07-09 00:47:54,224 - root - INFO - Person matching: HISTORY | Score: 0.940 | Person ID: 1 | Status: RE_IDENTIFIED
2025-07-09 00:47:55,879 - root - INFO - Person matching: HISTORY | Score: 0.964 | Person ID: 0 | Status: RE_IDENTIFIED
2025-07-09 00:47:55,885 - root - INFO - Person matching: HISTORY | Score: 0.938 | Person ID: 1 | Status: RE_IDENTIFIED
2025-07-09 00:47:57,356 - root - INFO - Person matching: HISTORY | Score: 0.963 | Person ID: 0 | Status: RE_IDENTIFIED
2025-07-09 00:47:57,362 - root - INFO - Person matching: HISTORY | Score: 0.940 | Person ID: 1 | Status: RE_IDENTIFIED
2025-07-09 00:47:58,852 - root - INFO - Person matching: HISTORY | Score: 0.965 | Person ID: 0 | Status: RE_IDENTIFIED
2025-07-09 00:47:58,911 - root - INFO - Person matching: HISTORY | Score: 0.945 | Person ID: 1 | Status: RE_IDENTIFIED
2025-07-09 00:48:02,467 - root - INFO - Person matching: HISTORY | Score: 0.961 | Person ID: 0 | Status: RE_IDENTIFIED
2025-07-09 00:48:02,473 - root - INFO - Person matching: HISTORY | Score: 0.948 | Person ID: 1 | Status: RE_IDENTIFIED
2025-07-09 00:48:04,816 - root - INFO - Person matching: HISTORY | Score: 0.959 | Person ID: 0 | Status: RE_IDENTIFIED
2025-07-09 00:48:04,853 - root - INFO - Person matching: HISTORY | Score: 0.950 | Person ID: 1 | Status: RE_IDENTIFIED
2025-07-09 00:48:06,706 - root - INFO - Person matching: HISTORY | Score: 0.959 | Person ID: 0 | Status: RE_IDENTIFIED
2025-07-09 00:48:06,709 - root - INFO - Person matching: HISTORY | Score: 0.953 | Person ID: 1 | Status: RE_IDENTIFIED
2025-07-09 00:48:09,486 - root - INFO - Person matching: HISTORY | Score: 0.955 | Person ID: 0 | Status: RE_IDENTIFIED
2025-07-09 00:48:09,615 - root - INFO - Person matching: HISTORY | Score: 0.956 | Person ID: 1 | Status: RE_IDENTIFIED
2025-07-09 00:48:17,436 - root - INFO - Person matching: HISTORY | Score: 0.957 | Person ID: 0 | Status: RE_IDENTIFIED
2025-07-09 00:48:17,534 - root - INFO - Person matching: HISTORY | Score: 0.957 | Person ID: 1 | Status: RE_IDENTIFIED
2025-07-09 00:48:22,255 - root - INFO - Person matching: HISTORY | Score: 0.952 | Person ID: 0 | Status: RE_IDENTIFIED
2025-07-09 00:48:22,264 - root - INFO - Person matching: HISTORY | Score: 0.957 | Person ID: 1 | Status: RE_IDENTIFIED
2025-07-09 00:48:23,732 - root - INFO - Person matching: HISTORY | Score: 0.950 | Person ID: 0 | Status: RE_IDENTIFIED
2025-07-09 00:48:23,748 - root - INFO - Person matching: HISTORY | Score: 0.956 | Person ID: 1 | Status: RE_IDENTIFIED
2025-07-09 00:48:25,662 - root - INFO - Person matching: HISTORY | Score: 0.949 | Person ID: 0 | Status: RE_IDENTIFIED
2025-07-09 00:48:25,686 - root - INFO - Person matching: HISTORY | Score: 0.955 | Person ID: 1 | Status: RE_IDENTIFIED
2025-07-09 00:48:27,603 - root - INFO - Person matching: HISTORY | Score: 0.946 | Person ID: 0 | Status: RE_IDENTIFIED
2025-07-09 00:48:27,624 - root - INFO - Person matching: HISTORY | Score: 0.956 | Person ID: 1 | Status: RE_IDENTIFIED
2025-07-09 00:48:28,888 - root - INFO - Person matching: HISTORY | Score: 0.945 | Person ID: 0 | Status: RE_IDENTIFIED
2025-07-09 00:48:28,896 - root - INFO - Person matching: HISTORY | Score: 0.957 | Person ID: 1 | Status: RE_IDENTIFIED
2025-07-09 00:48:30,389 - root - INFO - Person matching: HISTORY | Score: 0.946 | Person ID: 0 | Status: RE_IDENTIFIED
2025-07-09 00:48:30,397 - root - INFO - Person matching: HISTORY | Score: 0.956 | Person ID: 1 | Status: RE_IDENTIFIED
2025-07-09 00:48:31,504 - root - INFO - Person matching: HISTORY | Score: 0.940 | Person ID: 0 | Status: RE_IDENTIFIED
2025-07-09 00:48:31,507 - root - INFO - Person matching: HISTORY | Score: 0.956 | Person ID: 1 | Status: RE_IDENTIFIED
2025-07-09 00:48:32,660 - root - INFO - Person matching: HISTORY | Score: 0.937 | Person ID: 0 | Status: RE_IDENTIFIED
2025-07-09 00:48:32,665 - root - INFO - Person matching: HISTORY | Score: 0.957 | Person ID: 1 | Status: RE_IDENTIFIED
2025-07-09 00:48:33,596 - root - INFO - Person matching: HISTORY | Score: 0.939 | Person ID: 0 | Status: RE_IDENTIFIED
2025-07-09 00:48:33,607 - root - INFO - Person matching: HISTORY | Score: 0.959 | Person ID: 1 | Status: RE_IDENTIFIED
2025-07-09 00:48:34,631 - root - INFO - Person matching: HISTORY | Score: 0.934 | Person ID: 0 | Status: RE_IDENTIFIED
2025-07-09 00:48:34,634 - root - INFO - Person matching: HISTORY | Score: 0.960 | Person ID: 1 | Status: RE_IDENTIFIED
2025-07-09 00:48:35,969 - root - INFO - Person matching: HISTORY | Score: 0.929 | Person ID: 0 | Status: RE_IDENTIFIED
2025-07-09 00:48:36,003 - root - INFO - Person matching: HISTORY | Score: 0.960 | Person ID: 1 | Status: RE_IDENTIFIED
2025-07-09 00:48:38,787 - root - INFO - Person matching: HISTORY | Score: 0.926 | Person ID: 0 | Status: RE_IDENTIFIED
2025-07-09 00:48:38,923 - root - INFO - Person matching: HISTORY | Score: 0.961 | Person ID: 1 | Status: RE_IDENTIFIED
2025-07-09 00:48:42,064 - root - INFO - Person matching: HISTORY | Score: 0.923 | Person ID: 0 | Status: RE_IDENTIFIED
2025-07-09 00:48:42,117 - root - INFO - Person matching: HISTORY | Score: 0.962 | Person ID: 1 | Status: RE_IDENTIFIED
2025-07-09 00:48:44,645 - root - INFO - Person matching: HISTORY | Score: 0.920 | Person ID: 0 | Status: RE_IDENTIFIED
2025-07-09 00:48:44,659 - root - INFO - Person matching: HISTORY | Score: 0.964 | Person ID: 1 | Status: RE_IDENTIFIED
2025-07-09 00:48:46,122 - root - INFO - Person matching: HISTORY | Score: 0.919 | Person ID: 0 | Status: RE_IDENTIFIED
2025-07-09 00:48:46,136 - root - INFO - Person matching: HISTORY | Score: 0.966 | Person ID: 1 | Status: RE_IDENTIFIED
2025-07-09 00:48:47,288 - root - INFO - Person matching: HISTORY | Score: 0.980 | Person ID: 0 | Status: RE_IDENTIFIED
2025-07-09 00:48:47,306 - root - INFO - Person matching: HISTORY | Score: 0.760 | Person ID: 1 | Status: RE_IDENTIFIED
2025-07-09 00:48:48,542 - root - INFO - Person matching: HISTORY | Score: 0.910 | Person ID: 0 | Status: RE_IDENTIFIED
2025-07-09 00:48:48,546 - root - INFO - Person matching: HISTORY | Score: 0.974 | Person ID: 1 | Status: RE_IDENTIFIED
2025-07-09 00:48:49,583 - root - INFO - Person matching: HISTORY | Score: 0.908 | Person ID: 0 | Status: RE_IDENTIFIED
2025-07-09 00:48:49,591 - root - INFO - Person matching: HISTORY | Score: 0.976 | Person ID: 1 | Status: RE_IDENTIFIED
2025-07-09 00:48:50,532 - root - INFO - Person matching: HISTORY | Score: 0.900 | Person ID: 0 | Status: RE_IDENTIFIED
2025-07-09 00:48:50,549 - root - INFO - Person matching: HISTORY | Score: 0.973 | Person ID: 1 | Status: RE_IDENTIFIED
2025-07-09 00:48:51,549 - root - INFO - Person matching: HISTORY | Score: 0.894 | Person ID: 0 | Status: RE_IDENTIFIED
2025-07-09 00:48:51,555 - root - INFO - Person matching: HISTORY | Score: 0.971 | Person ID: 1 | Status: RE_IDENTIFIED
2025-07-09 00:48:52,515 - root - INFO - Person matching: HISTORY | Score: 0.887 | Person ID: 0 | Status: RE_IDENTIFIED
2025-07-09 00:48:52,517 - root - INFO - Person matching: HISTORY | Score: 0.971 | Person ID: 1 | Status: RE_IDENTIFIED
2025-07-09 00:48:53,525 - root - INFO - Person matching: HISTORY | Score: 0.883 | Person ID: 0 | Status: RE_IDENTIFIED
2025-07-09 00:48:53,534 - root - INFO - Person matching: HISTORY | Score: 0.971 | Person ID: 1 | Status: RE_IDENTIFIED
2025-07-09 00:48:54,454 - root - INFO - Person matching: HISTORY | Score: 0.875 | Person ID: 0 | Status: RE_IDENTIFIED
2025-07-09 00:48:54,458 - root - INFO - Person matching: HISTORY | Score: 0.971 | Person ID: 1 | Status: RE_IDENTIFIED
2025-07-09 00:48:55,357 - root - INFO - Person matching: HISTORY | Score: 0.860 | Person ID: 0 | Status: RE_IDENTIFIED
2025-07-09 00:48:55,363 - root - INFO - Person matching: HISTORY | Score: 0.971 | Person ID: 1 | Status: RE_IDENTIFIED
2025-07-09 00:48:56,554 - root - INFO - Person matching: HISTORY | Score: 0.841 | Person ID: 0 | Status: RE_IDENTIFIED
2025-07-09 00:48:56,563 - root - INFO - Person matching: HISTORY | Score: 0.971 | Person ID: 1 | Status: RE_IDENTIFIED
2025-07-09 00:48:58,056 - root - INFO - Person matching: HISTORY | Score: 0.844 | Person ID: 0 | Status: RE_IDENTIFIED
2025-07-09 00:48:58,065 - root - INFO - Person matching: HISTORY | Score: 0.970 | Person ID: 1 | Status: RE_IDENTIFIED
2025-07-09 00:48:59,017 - root - INFO - Person matching: HISTORY | Score: 0.988 | Person ID: 0 | Status: RE_IDENTIFIED
2025-07-09 00:48:59,023 - root - INFO - Person matching: HISTORY | Score: 0.783 | Person ID: 2 | Status: RE_IDENTIFIED
2025-07-09 00:49:00,177 - root - INFO - Person matching: HISTORY | Score: 0.990 | Person ID: 0 | Status: RE_IDENTIFIED
2025-07-09 00:49:00,185 - root - INFO - Person matching: HISTORY | Score: 0.838 | Person ID: 2 | Status: RE_IDENTIFIED
2025-07-09 00:49:01,215 - root - INFO - Person matching: HISTORY | Score: 0.989 | Person ID: 0 | Status: RE_IDENTIFIED
2025-07-09 00:49:01,221 - root - INFO - Person matching: HISTORY | Score: 0.872 | Person ID: 2 | Status: RE_IDENTIFIED
2025-07-09 00:49:01,234 - root - INFO - Saved person history to data\persistent\person_history.pkl
2025-07-09 00:49:01,235 - root - INFO - Ended tracking session at 1752040141.2233012
