2025-07-09 01:05:28,359 - root - INFO - PersonDetector initialized with device: cuda
2025-07-09 01:05:33,191 - root - INFO - EmbeddingExtractor initialized with resnet50
2025-07-09 01:05:33,192 - root - INFO - ReIDMatcher initialized with threshold: 0.7
2025-07-09 01:05:33,199 - root - INFO - PersistentTracker initialized
2025-07-09 01:05:33,203 - root - INFO - Visualizer initialized
2025-07-09 01:05:39,239 - root - INFO - Started new tracking session at 0.0
2025-07-09 01:06:35,644 - root - INFO - Person matching: HISTORY | Score: 0.993 | Person ID: 0 | Status: RE_IDENTIFIED
2025-07-09 01:06:38,174 - root - INFO - Person matching: HISTORY | Score: 0.987 | Person ID: 0 | Status: RE_IDENTIFIED
2025-07-09 01:06:39,083 - root - INFO - Person matching: HISTORY | Score: 0.986 | Person ID: 0 | Status: RE_IDENTIFIED
2025-07-09 01:06:40,134 - root - INFO - Person matching: HISTORY | Score: 0.983 | Person ID: 0 | Status: RE_IDENTIFIED
2025-07-09 01:06:41,090 - root - INFO - Person matching: HISTORY | Score: 0.985 | Person ID: 0 | Status: RE_IDENTIFIED
2025-07-09 01:06:42,044 - root - INFO - Person matching: HISTORY | Score: 0.986 | Person ID: 0 | Status: RE_IDENTIFIED
2025-07-09 01:06:42,751 - root - INFO - Person matching: HISTORY | Score: 0.987 | Person ID: 0 | Status: RE_IDENTIFIED
2025-07-09 01:06:43,473 - root - INFO - Person matching: HISTORY | Score: 0.989 | Person ID: 0 | Status: RE_IDENTIFIED
2025-07-09 01:07:17,837 - root - INFO - Saved person history to data\persistent\person_history.pkl
2025-07-09 01:07:17,841 - root - INFO - Ended tracking session at 1752041237.82975
2025-07-09 01:08:42,307 - root - INFO - PersonDetector initialized with device: cuda
2025-07-09 01:08:45,897 - root - INFO - EmbeddingExtractor initialized with resnet50
2025-07-09 01:08:45,899 - root - INFO - ReIDMatcher initialized with threshold: 0.7
2025-07-09 01:08:45,906 - root - INFO - PersistentTracker initialized
2025-07-09 01:08:45,909 - root - INFO - Visualizer initialized
2025-07-09 01:08:51,319 - root - INFO - Started new tracking session at 0.0
2025-07-09 01:09:33,436 - root - INFO - Person matching: HISTORY | Score: 0.998 | Person ID: 0 | Status: RE_IDENTIFIED
2025-07-09 01:09:33,894 - root - INFO - Person matching: HISTORY | Score: 0.997 | Person ID: 0 | Status: RE_IDENTIFIED
2025-07-09 01:09:34,554 - root - INFO - Person matching: HISTORY | Score: 0.991 | Person ID: 0 | Status: RE_IDENTIFIED
2025-07-09 01:09:35,062 - root - INFO - Person matching: HISTORY | Score: 0.993 | Person ID: 0 | Status: RE_IDENTIFIED
2025-07-09 01:09:35,543 - root - INFO - Person matching: HISTORY | Score: 0.991 | Person ID: 0 | Status: RE_IDENTIFIED
2025-07-09 01:09:35,883 - root - INFO - Person matching: HISTORY | Score: 0.979 | Person ID: 0 | Status: RE_IDENTIFIED
2025-07-09 01:09:36,269 - root - INFO - Person matching: HISTORY | Score: 0.977 | Person ID: 0 | Status: RE_IDENTIFIED
2025-07-09 01:09:36,575 - root - INFO - Person matching: HISTORY | Score: 0.991 | Person ID: 0 | Status: RE_IDENTIFIED
2025-07-09 01:09:37,073 - root - INFO - Person matching: HISTORY | Score: 0.984 | Person ID: 0 | Status: RE_IDENTIFIED
2025-07-09 01:09:37,466 - root - INFO - Person matching: HISTORY | Score: 0.984 | Person ID: 0 | Status: RE_IDENTIFIED
2025-07-09 01:09:38,116 - root - INFO - Person matching: HISTORY | Score: 0.990 | Person ID: 0 | Status: RE_IDENTIFIED
2025-07-09 01:09:48,872 - root - INFO - Person matching: HISTORY | Score: 0.811 | Person ID: 0 | Status: RE_IDENTIFIED
2025-07-09 01:09:49,315 - root - INFO - Person matching: HISTORY | Score: 0.840 | Person ID: 0 | Status: RE_IDENTIFIED
2025-07-09 01:09:49,870 - root - INFO - Person matching: HISTORY | Score: 0.867 | Person ID: 0 | Status: RE_IDENTIFIED
2025-07-09 01:09:50,392 - root - INFO - Person matching: HISTORY | Score: 0.877 | Person ID: 0 | Status: RE_IDENTIFIED
2025-07-09 01:09:51,186 - root - INFO - Person matching: HISTORY | Score: 0.888 | Person ID: 0 | Status: RE_IDENTIFIED
2025-07-09 01:09:51,686 - root - INFO - Person matching: HISTORY | Score: 0.907 | Person ID: 0 | Status: RE_IDENTIFIED
2025-07-09 01:09:52,172 - root - INFO - Person matching: HISTORY | Score: 0.912 | Person ID: 0 | Status: RE_IDENTIFIED
2025-07-09 01:09:52,620 - root - INFO - Person matching: HISTORY | Score: 0.926 | Person ID: 0 | Status: RE_IDENTIFIED
2025-07-09 01:09:52,990 - root - INFO - Person matching: HISTORY | Score: 0.928 | Person ID: 0 | Status: RE_IDENTIFIED
2025-07-09 01:09:53,395 - root - INFO - Person matching: HISTORY | Score: 0.937 | Person ID: 0 | Status: RE_IDENTIFIED
2025-07-09 01:09:53,789 - root - INFO - Person matching: HISTORY | Score: 0.939 | Person ID: 0 | Status: RE_IDENTIFIED
2025-07-09 01:09:54,163 - root - INFO - Person matching: HISTORY | Score: 0.947 | Person ID: 0 | Status: RE_IDENTIFIED
2025-07-09 01:10:19,192 - root - INFO - Saved person history to data\persistent\person_history.pkl
2025-07-09 01:10:19,194 - root - INFO - Ended tracking session at 1752041419.19081
2025-07-09 01:15:48,425 - root - INFO - PersonDetector initialized with device: cuda
2025-07-09 01:15:58,648 - root - INFO - EmbeddingExtractor initialized with resnet50
2025-07-09 01:15:58,651 - root - INFO - ReIDMatcher initialized with threshold: 0.7
2025-07-09 01:15:58,655 - root - INFO - PersistentTracker initialized
2025-07-09 01:15:58,656 - root - INFO - Visualizer initialized
2025-07-09 01:16:18,488 - root - INFO - Started new tracking session at 0.0
2025-07-09 01:16:20,194 - root - INFO - Person matching: HISTORY | Score: 0.999 | Person ID: 0 | Status: RE_IDENTIFIED
2025-07-09 01:16:21,139 - root - INFO - Person matching: HISTORY | Score: 1.000 | Person ID: 0 | Status: RE_IDENTIFIED
2025-07-09 01:16:22,532 - root - INFO - Person matching: HISTORY | Score: 0.999 | Person ID: 0 | Status: RE_IDENTIFIED
2025-07-09 01:16:23,323 - root - INFO - Person matching: HISTORY | Score: 0.999 | Person ID: 0 | Status: RE_IDENTIFIED
2025-07-09 01:16:23,897 - root - INFO - Person matching: HISTORY | Score: 0.999 | Person ID: 0 | Status: RE_IDENTIFIED
2025-07-09 01:16:24,616 - root - INFO - Person matching: HISTORY | Score: 0.999 | Person ID: 0 | Status: RE_IDENTIFIED
2025-07-09 01:16:25,263 - root - INFO - Person matching: HISTORY | Score: 0.999 | Person ID: 0 | Status: RE_IDENTIFIED
2025-07-09 01:16:26,284 - root - INFO - Person matching: HISTORY | Score: 0.999 | Person ID: 0 | Status: RE_IDENTIFIED
2025-07-09 01:16:27,144 - root - INFO - Person matching: HISTORY | Score: 0.999 | Person ID: 0 | Status: RE_IDENTIFIED
2025-07-09 01:16:27,701 - root - INFO - Person matching: HISTORY | Score: 0.999 | Person ID: 0 | Status: RE_IDENTIFIED
2025-07-09 01:16:28,246 - root - INFO - Person matching: HISTORY | Score: 0.999 | Person ID: 0 | Status: RE_IDENTIFIED
2025-07-09 01:16:28,761 - root - INFO - Person matching: HISTORY | Score: 0.999 | Person ID: 0 | Status: RE_IDENTIFIED
2025-07-09 01:16:29,532 - root - INFO - Person matching: HISTORY | Score: 0.999 | Person ID: 0 | Status: RE_IDENTIFIED
2025-07-09 01:16:30,250 - root - INFO - Person matching: HISTORY | Score: 0.999 | Person ID: 0 | Status: RE_IDENTIFIED
2025-07-09 01:16:31,034 - root - INFO - Person matching: HISTORY | Score: 0.999 | Person ID: 0 | Status: RE_IDENTIFIED
2025-07-09 01:16:32,261 - root - INFO - Person matching: HISTORY | Score: 0.998 | Person ID: 0 | Status: RE_IDENTIFIED
2025-07-09 01:16:33,212 - root - INFO - Person matching: HISTORY | Score: 0.998 | Person ID: 0 | Status: RE_IDENTIFIED
2025-07-09 01:16:33,770 - root - INFO - Person matching: HISTORY | Score: 0.998 | Person ID: 0 | Status: RE_IDENTIFIED
2025-07-09 01:16:34,441 - root - INFO - Person matching: HISTORY | Score: 0.997 | Person ID: 0 | Status: RE_IDENTIFIED
2025-07-09 01:16:35,170 - root - INFO - Person matching: HISTORY | Score: 0.997 | Person ID: 0 | Status: RE_IDENTIFIED
2025-07-09 01:16:37,560 - root - INFO - Person matching: HISTORY | Score: 0.997 | Person ID: 0 | Status: RE_IDENTIFIED
2025-07-09 01:16:38,755 - root - INFO - Person matching: HISTORY | Score: 0.997 | Person ID: 0 | Status: RE_IDENTIFIED
2025-07-09 01:16:39,805 - root - INFO - Person matching: HISTORY | Score: 0.997 | Person ID: 0 | Status: RE_IDENTIFIED
2025-07-09 01:16:40,854 - root - INFO - Person matching: HISTORY | Score: 0.997 | Person ID: 0 | Status: RE_IDENTIFIED
2025-07-09 01:16:44,177 - root - INFO - Person matching: HISTORY | Score: 0.997 | Person ID: 0 | Status: RE_IDENTIFIED
2025-07-09 01:16:45,206 - root - INFO - Person matching: HISTORY | Score: 0.997 | Person ID: 0 | Status: RE_IDENTIFIED
2025-07-09 01:16:45,834 - root - INFO - Person matching: HISTORY | Score: 0.997 | Person ID: 0 | Status: RE_IDENTIFIED
2025-07-09 01:16:46,523 - root - INFO - Person matching: HISTORY | Score: 0.996 | Person ID: 0 | Status: RE_IDENTIFIED
2025-07-09 01:16:47,395 - root - INFO - Person matching: HISTORY | Score: 0.996 | Person ID: 0 | Status: RE_IDENTIFIED
2025-07-09 01:16:47,985 - root - INFO - Person matching: HISTORY | Score: 0.995 | Person ID: 0 | Status: RE_IDENTIFIED
2025-07-09 01:16:48,590 - root - INFO - Person matching: HISTORY | Score: 0.995 | Person ID: 0 | Status: RE_IDENTIFIED
2025-07-09 01:16:49,089 - root - INFO - Person matching: HISTORY | Score: 0.994 | Person ID: 0 | Status: RE_IDENTIFIED
2025-07-09 01:16:49,610 - root - INFO - Person matching: HISTORY | Score: 0.994 | Person ID: 0 | Status: RE_IDENTIFIED
2025-07-09 01:16:50,137 - root - INFO - Person matching: HISTORY | Score: 0.993 | Person ID: 0 | Status: RE_IDENTIFIED
2025-07-09 01:16:50,699 - root - INFO - Person matching: HISTORY | Score: 0.992 | Person ID: 0 | Status: RE_IDENTIFIED
2025-07-09 01:16:51,304 - root - INFO - Person matching: HISTORY | Score: 0.991 | Person ID: 0 | Status: RE_IDENTIFIED
2025-07-09 01:16:51,941 - root - INFO - Person matching: HISTORY | Score: 0.989 | Person ID: 0 | Status: RE_IDENTIFIED
2025-07-09 01:16:52,600 - root - INFO - Person matching: HISTORY | Score: 0.986 | Person ID: 0 | Status: RE_IDENTIFIED
2025-07-09 01:16:53,255 - root - INFO - Person matching: HISTORY | Score: 0.985 | Person ID: 0 | Status: RE_IDENTIFIED
2025-07-09 01:16:53,863 - root - INFO - Person matching: HISTORY | Score: 0.985 | Person ID: 0 | Status: RE_IDENTIFIED
2025-07-09 01:16:54,483 - root - INFO - Person matching: HISTORY | Score: 0.984 | Person ID: 0 | Status: RE_IDENTIFIED
2025-07-09 01:16:55,022 - root - INFO - Person matching: HISTORY | Score: 0.984 | Person ID: 0 | Status: RE_IDENTIFIED
2025-07-09 01:16:55,437 - root - INFO - Person matching: HISTORY | Score: 0.983 | Person ID: 0 | Status: RE_IDENTIFIED
2025-07-09 01:16:55,988 - root - INFO - Person matching: HISTORY | Score: 0.982 | Person ID: 0 | Status: RE_IDENTIFIED
2025-07-09 01:16:56,561 - root - INFO - Person matching: HISTORY | Score: 0.982 | Person ID: 0 | Status: RE_IDENTIFIED
2025-07-09 01:16:57,170 - root - INFO - Person matching: HISTORY | Score: 0.980 | Person ID: 0 | Status: RE_IDENTIFIED
2025-07-09 01:16:57,795 - root - INFO - Person matching: HISTORY | Score: 0.978 | Person ID: 0 | Status: RE_IDENTIFIED
2025-07-09 01:16:58,396 - root - INFO - Person matching: HISTORY | Score: 0.976 | Person ID: 0 | Status: RE_IDENTIFIED
2025-07-09 01:16:58,946 - root - INFO - Person matching: HISTORY | Score: 0.974 | Person ID: 0 | Status: RE_IDENTIFIED
2025-07-09 01:16:59,490 - root - INFO - Person matching: HISTORY | Score: 0.969 | Person ID: 0 | Status: RE_IDENTIFIED
2025-07-09 01:17:00,020 - root - INFO - Person matching: HISTORY | Score: 0.968 | Person ID: 0 | Status: RE_IDENTIFIED
2025-07-09 01:17:00,562 - root - INFO - Person matching: HISTORY | Score: 0.966 | Person ID: 0 | Status: RE_IDENTIFIED
2025-07-09 01:17:01,070 - root - INFO - Person matching: HISTORY | Score: 0.963 | Person ID: 0 | Status: RE_IDENTIFIED
2025-07-09 01:17:01,659 - root - INFO - Person matching: HISTORY | Score: 0.959 | Person ID: 0 | Status: RE_IDENTIFIED
2025-07-09 01:17:02,217 - root - INFO - Person matching: HISTORY | Score: 0.956 | Person ID: 0 | Status: RE_IDENTIFIED
2025-07-09 01:17:02,833 - root - INFO - Person matching: HISTORY | Score: 0.953 | Person ID: 0 | Status: RE_IDENTIFIED
2025-07-09 01:17:03,428 - root - INFO - Person matching: HISTORY | Score: 0.950 | Person ID: 0 | Status: RE_IDENTIFIED
2025-07-09 01:17:04,023 - root - INFO - Person matching: HISTORY | Score: 0.945 | Person ID: 0 | Status: RE_IDENTIFIED
2025-07-09 01:17:04,586 - root - INFO - Person matching: HISTORY | Score: 0.938 | Person ID: 0 | Status: RE_IDENTIFIED
2025-07-09 01:17:05,168 - root - INFO - Person matching: HISTORY | Score: 0.935 | Person ID: 0 | Status: RE_IDENTIFIED
2025-07-09 01:17:05,745 - root - INFO - Person matching: HISTORY | Score: 0.930 | Person ID: 0 | Status: RE_IDENTIFIED
2025-07-09 01:17:06,369 - root - INFO - Person matching: HISTORY | Score: 0.924 | Person ID: 0 | Status: RE_IDENTIFIED
2025-07-09 01:17:06,990 - root - INFO - Person matching: HISTORY | Score: 0.919 | Person ID: 0 | Status: RE_IDENTIFIED
2025-07-09 01:17:07,649 - root - INFO - Person matching: HISTORY | Score: 0.913 | Person ID: 0 | Status: RE_IDENTIFIED
2025-07-09 01:17:08,366 - root - INFO - Person matching: HISTORY | Score: 0.903 | Person ID: 0 | Status: RE_IDENTIFIED
2025-07-09 01:17:09,010 - root - INFO - Person matching: HISTORY | Score: 0.898 | Person ID: 0 | Status: RE_IDENTIFIED
2025-07-09 01:17:09,561 - root - INFO - Person matching: HISTORY | Score: 0.884 | Person ID: 0 | Status: RE_IDENTIFIED
2025-07-09 01:17:10,127 - root - INFO - Person matching: HISTORY | Score: 0.878 | Person ID: 0 | Status: RE_IDENTIFIED
2025-07-09 01:17:10,647 - root - INFO - Person matching: HISTORY | Score: 0.871 | Person ID: 0 | Status: RE_IDENTIFIED
2025-07-09 01:17:11,009 - root - INFO - Person matching: HISTORY | Score: 0.853 | Person ID: 0 | Status: RE_IDENTIFIED
2025-07-09 01:17:11,363 - root - INFO - Person matching: HISTORY | Score: 0.805 | Person ID: 0 | Status: RE_IDENTIFIED
2025-07-09 01:17:11,749 - root - INFO - Person matching: HISTORY | Score: 0.790 | Person ID: 0 | Status: RE_IDENTIFIED
2025-07-09 01:17:12,607 - root - INFO - Person matching: HISTORY | Score: 0.776 | Person ID: 0 | Status: RE_IDENTIFIED
2025-07-09 01:17:13,470 - root - INFO - Person matching: HISTORY | Score: 0.772 | Person ID: 0 | Status: RE_IDENTIFIED
2025-07-09 01:17:13,552 - root - INFO - Person matching: HISTORY | Score: 0.999 | Person ID: 1 | Status: RE_IDENTIFIED
2025-07-09 01:17:14,418 - root - INFO - Person matching: HISTORY | Score: 0.758 | Person ID: 0 | Status: RE_IDENTIFIED
2025-07-09 01:17:14,440 - root - INFO - Person matching: HISTORY | Score: 0.997 | Person ID: 1 | Status: RE_IDENTIFIED
2025-07-09 01:17:15,397 - root - INFO - Person matching: HISTORY | Score: 0.762 | Person ID: 0 | Status: RE_IDENTIFIED
2025-07-09 01:17:15,430 - root - INFO - Person matching: HISTORY | Score: 0.991 | Person ID: 1 | Status: RE_IDENTIFIED
2025-07-09 01:17:16,246 - root - INFO - Person matching: HISTORY | Score: 0.730 | Person ID: 0 | Status: RE_IDENTIFIED
2025-07-09 01:17:16,291 - root - INFO - Person matching: HISTORY | Score: 0.993 | Person ID: 1 | Status: RE_IDENTIFIED
2025-07-09 01:17:17,245 - root - INFO - Person matching: HISTORY | Score: 0.736 | Person ID: 0 | Status: RE_IDENTIFIED
2025-07-09 01:17:17,363 - root - INFO - Person matching: HISTORY | Score: 0.992 | Person ID: 1 | Status: RE_IDENTIFIED
2025-07-09 01:17:18,253 - root - INFO - Person matching: HISTORY | Score: 0.729 | Person ID: 0 | Status: RE_IDENTIFIED
2025-07-09 01:17:18,380 - root - INFO - Person matching: HISTORY | Score: 0.979 | Person ID: 1 | Status: RE_IDENTIFIED
2025-07-09 01:17:19,383 - root - INFO - Person matching: HISTORY | Score: 0.735 | Person ID: 0 | Status: RE_IDENTIFIED
2025-07-09 01:17:19,435 - root - INFO - Person matching: HISTORY | Score: 0.977 | Person ID: 1 | Status: RE_IDENTIFIED
2025-07-09 01:17:20,311 - root - INFO - Person matching: HISTORY | Score: 0.705 | Person ID: 0 | Status: RE_IDENTIFIED
2025-07-09 01:17:20,405 - root - INFO - Person matching: HISTORY | Score: 0.992 | Person ID: 1 | Status: RE_IDENTIFIED
2025-07-09 01:17:21,085 - root - INFO - Person matching: HISTORY | Score: 0.984 | Person ID: 1 | Status: RE_IDENTIFIED
2025-07-09 01:17:22,196 - root - INFO - Person matching: HISTORY | Score: 0.985 | Person ID: 1 | Status: RE_IDENTIFIED
2025-07-09 01:17:22,907 - root - INFO - Person matching: HISTORY | Score: 0.990 | Person ID: 1 | Status: RE_IDENTIFIED
2025-07-09 01:17:23,557 - root - INFO - Person matching: HISTORY | Score: 0.988 | Person ID: 1 | Status: RE_IDENTIFIED
2025-07-09 01:17:24,366 - root - INFO - Person matching: HISTORY | Score: 0.983 | Person ID: 1 | Status: RE_IDENTIFIED
2025-07-09 01:17:25,059 - root - INFO - Person matching: HISTORY | Score: 0.981 | Person ID: 1 | Status: RE_IDENTIFIED
2025-07-09 01:17:25,728 - root - INFO - Person matching: HISTORY | Score: 0.982 | Person ID: 1 | Status: RE_IDENTIFIED
2025-07-09 01:17:26,331 - root - INFO - Person matching: HISTORY | Score: 0.978 | Person ID: 1 | Status: RE_IDENTIFIED
2025-07-09 01:17:26,946 - root - INFO - Person matching: HISTORY | Score: 0.971 | Person ID: 1 | Status: RE_IDENTIFIED
2025-07-09 01:17:27,668 - root - INFO - Person matching: HISTORY | Score: 0.967 | Person ID: 1 | Status: RE_IDENTIFIED
2025-07-09 01:17:28,300 - root - INFO - Person matching: HISTORY | Score: 0.947 | Person ID: 1 | Status: RE_IDENTIFIED
2025-07-09 01:17:28,915 - root - INFO - Person matching: HISTORY | Score: 0.945 | Person ID: 1 | Status: RE_IDENTIFIED
2025-07-09 01:17:29,581 - root - INFO - Person matching: HISTORY | Score: 0.956 | Person ID: 1 | Status: RE_IDENTIFIED
2025-07-09 01:17:30,118 - root - INFO - Person matching: HISTORY | Score: 0.959 | Person ID: 1 | Status: RE_IDENTIFIED
2025-07-09 01:17:30,657 - root - INFO - Person matching: HISTORY | Score: 0.963 | Person ID: 1 | Status: RE_IDENTIFIED
2025-07-09 01:17:31,188 - root - INFO - Person matching: HISTORY | Score: 0.967 | Person ID: 1 | Status: RE_IDENTIFIED
2025-07-09 01:17:31,803 - root - INFO - Person matching: HISTORY | Score: 0.969 | Person ID: 1 | Status: RE_IDENTIFIED
2025-07-09 01:17:32,380 - root - INFO - Person matching: HISTORY | Score: 0.969 | Person ID: 1 | Status: RE_IDENTIFIED
2025-07-09 01:17:32,996 - root - INFO - Person matching: HISTORY | Score: 0.971 | Person ID: 1 | Status: RE_IDENTIFIED
2025-07-09 01:17:33,740 - root - INFO - Person matching: HISTORY | Score: 0.970 | Person ID: 1 | Status: RE_IDENTIFIED
2025-07-09 01:17:34,433 - root - INFO - Person matching: HISTORY | Score: 0.972 | Person ID: 1 | Status: RE_IDENTIFIED
2025-07-09 01:17:35,033 - root - INFO - Person matching: HISTORY | Score: 0.973 | Person ID: 1 | Status: RE_IDENTIFIED
2025-07-09 01:17:35,749 - root - INFO - Person matching: HISTORY | Score: 0.974 | Person ID: 1 | Status: RE_IDENTIFIED
2025-07-09 01:17:36,335 - root - INFO - Person matching: HISTORY | Score: 0.975 | Person ID: 1 | Status: RE_IDENTIFIED
2025-07-09 01:17:36,933 - root - INFO - Person matching: HISTORY | Score: 0.978 | Person ID: 1 | Status: RE_IDENTIFIED
2025-07-09 01:17:37,543 - root - INFO - Person matching: HISTORY | Score: 0.981 | Person ID: 1 | Status: RE_IDENTIFIED
2025-07-09 01:17:38,177 - root - INFO - Person matching: HISTORY | Score: 0.978 | Person ID: 1 | Status: RE_IDENTIFIED
2025-07-09 01:17:38,810 - root - INFO - Person matching: HISTORY | Score: 0.980 | Person ID: 1 | Status: RE_IDENTIFIED
2025-07-09 01:17:39,562 - root - INFO - Person matching: HISTORY | Score: 0.982 | Person ID: 1 | Status: RE_IDENTIFIED
2025-07-09 01:17:39,588 - root - INFO - Person matching: HISTORY | Score: 0.668 | Person ID: 0 | Status: RE_IDENTIFIED
2025-07-09 01:17:40,312 - root - INFO - Person matching: HISTORY | Score: 0.983 | Person ID: 1 | Status: RE_IDENTIFIED
2025-07-09 01:17:40,337 - root - INFO - Person matching: HISTORY | Score: 0.686 | Person ID: 0 | Status: RE_IDENTIFIED
2025-07-09 01:17:41,140 - root - INFO - Person matching: HISTORY | Score: 0.982 | Person ID: 1 | Status: RE_IDENTIFIED
2025-07-09 01:17:41,155 - root - INFO - Person matching: HISTORY | Score: 0.731 | Person ID: 0 | Status: RE_IDENTIFIED
2025-07-09 01:17:42,035 - root - INFO - Person matching: HISTORY | Score: 0.837 | Person ID: 1 | Status: RE_IDENTIFIED
2025-07-09 01:17:42,238 - root - INFO - Person matching: HISTORY | Score: 0.807 | Person ID: 0 | Status: RE_IDENTIFIED
2025-07-09 01:17:43,507 - root - INFO - Person matching: HISTORY | Score: 0.846 | Person ID: 1 | Status: RE_IDENTIFIED
2025-07-09 01:17:43,653 - root - INFO - Person matching: HISTORY | Score: 0.816 | Person ID: 0 | Status: RE_IDENTIFIED
2025-07-09 01:17:44,588 - root - INFO - Person matching: HISTORY | Score: 0.857 | Person ID: 1 | Status: RE_IDENTIFIED
2025-07-09 01:17:44,693 - root - INFO - Person matching: HISTORY | Score: 0.816 | Person ID: 0 | Status: RE_IDENTIFIED
2025-07-09 01:17:45,519 - root - INFO - Person matching: HISTORY | Score: 0.872 | Person ID: 1 | Status: RE_IDENTIFIED
2025-07-09 01:17:45,535 - root - INFO - Person matching: HISTORY | Score: 0.818 | Person ID: 0 | Status: RE_IDENTIFIED
2025-07-09 01:17:46,383 - root - INFO - Person matching: HISTORY | Score: 0.885 | Person ID: 1 | Status: RE_IDENTIFIED
2025-07-09 01:17:46,413 - root - INFO - Person matching: HISTORY | Score: 0.823 | Person ID: 0 | Status: RE_IDENTIFIED
2025-07-09 01:17:47,424 - root - INFO - Person matching: HISTORY | Score: 0.887 | Person ID: 1 | Status: RE_IDENTIFIED
2025-07-09 01:17:47,466 - root - INFO - Person matching: HISTORY | Score: 0.832 | Person ID: 0 | Status: RE_IDENTIFIED
2025-07-09 01:17:48,559 - root - INFO - Person matching: HISTORY | Score: 0.897 | Person ID: 1 | Status: RE_IDENTIFIED
2025-07-09 01:17:48,772 - root - INFO - Person matching: HISTORY | Score: 0.838 | Person ID: 0 | Status: RE_IDENTIFIED
2025-07-09 01:17:49,856 - root - INFO - Person matching: HISTORY | Score: 0.899 | Person ID: 1 | Status: RE_IDENTIFIED
2025-07-09 01:17:49,956 - root - INFO - Person matching: HISTORY | Score: 0.852 | Person ID: 0 | Status: RE_IDENTIFIED
2025-07-09 01:17:50,668 - root - INFO - Person matching: HISTORY | Score: 0.899 | Person ID: 1 | Status: RE_IDENTIFIED
2025-07-09 01:17:50,786 - root - INFO - Person matching: HISTORY | Score: 0.851 | Person ID: 0 | Status: RE_IDENTIFIED
2025-07-09 01:17:51,592 - root - INFO - Person matching: HISTORY | Score: 0.903 | Person ID: 1 | Status: RE_IDENTIFIED
2025-07-09 01:17:51,736 - root - INFO - Person matching: HISTORY | Score: 0.861 | Person ID: 0 | Status: RE_IDENTIFIED
2025-07-09 01:17:52,250 - root - INFO - Person matching: HISTORY | Score: 0.904 | Person ID: 1 | Status: RE_IDENTIFIED
2025-07-09 01:17:52,250 - root - INFO - Person matching: HISTORY | Score: 0.858 | Person ID: 0 | Status: RE_IDENTIFIED
2025-07-09 01:17:52,760 - root - INFO - Person matching: HISTORY | Score: 0.911 | Person ID: 1 | Status: RE_IDENTIFIED
2025-07-09 01:17:52,767 - root - INFO - Person matching: HISTORY | Score: 0.872 | Person ID: 0 | Status: RE_IDENTIFIED
2025-07-09 01:17:53,270 - root - INFO - Person matching: HISTORY | Score: 0.914 | Person ID: 1 | Status: RE_IDENTIFIED
2025-07-09 01:17:53,276 - root - INFO - Person matching: HISTORY | Score: 0.908 | Person ID: 0 | Status: RE_IDENTIFIED
2025-07-09 01:17:53,886 - root - INFO - Person matching: HISTORY | Score: 0.923 | Person ID: 1 | Status: RE_IDENTIFIED
2025-07-09 01:17:53,888 - root - INFO - Person matching: HISTORY | Score: 0.916 | Person ID: 0 | Status: RE_IDENTIFIED
2025-07-09 01:17:54,407 - root - INFO - Person matching: HISTORY | Score: 0.942 | Person ID: 1 | Status: RE_IDENTIFIED
2025-07-09 01:17:54,410 - root - INFO - Person matching: HISTORY | Score: 0.839 | Person ID: 0 | Status: RE_IDENTIFIED
2025-07-09 01:17:55,060 - root - INFO - Person matching: HISTORY | Score: 0.936 | Person ID: 1 | Status: RE_IDENTIFIED
2025-07-09 01:17:55,062 - root - INFO - Person matching: HISTORY | Score: 0.853 | Person ID: 0 | Status: RE_IDENTIFIED
2025-07-09 01:17:55,581 - root - INFO - Person matching: HISTORY | Score: 0.942 | Person ID: 1 | Status: RE_IDENTIFIED
2025-07-09 01:17:55,583 - root - INFO - Person matching: HISTORY | Score: 0.858 | Person ID: 0 | Status: RE_IDENTIFIED
2025-07-09 01:17:56,082 - root - INFO - Person matching: HISTORY | Score: 0.917 | Person ID: 1 | Status: RE_IDENTIFIED
2025-07-09 01:17:56,083 - root - INFO - Person matching: HISTORY | Score: 0.935 | Person ID: 0 | Status: RE_IDENTIFIED
2025-07-09 01:17:56,533 - root - INFO - Person matching: HISTORY | Score: 0.919 | Person ID: 1 | Status: RE_IDENTIFIED
2025-07-09 01:17:56,536 - root - INFO - Person matching: HISTORY | Score: 0.939 | Person ID: 0 | Status: RE_IDENTIFIED
2025-07-09 01:17:56,964 - root - INFO - Person matching: HISTORY | Score: 0.920 | Person ID: 1 | Status: RE_IDENTIFIED
2025-07-09 01:17:56,965 - root - INFO - Person matching: HISTORY | Score: 0.941 | Person ID: 0 | Status: RE_IDENTIFIED
2025-07-09 01:17:57,435 - root - INFO - Person matching: HISTORY | Score: 0.920 | Person ID: 1 | Status: RE_IDENTIFIED
2025-07-09 01:17:57,436 - root - INFO - Person matching: HISTORY | Score: 0.942 | Person ID: 0 | Status: RE_IDENTIFIED
2025-07-09 01:17:57,915 - root - INFO - Person matching: HISTORY | Score: 0.919 | Person ID: 1 | Status: RE_IDENTIFIED
2025-07-09 01:17:57,916 - root - INFO - Person matching: HISTORY | Score: 0.948 | Person ID: 0 | Status: RE_IDENTIFIED
2025-07-09 01:17:58,367 - root - INFO - Person matching: HISTORY | Score: 0.920 | Person ID: 1 | Status: RE_IDENTIFIED
2025-07-09 01:17:58,369 - root - INFO - Person matching: HISTORY | Score: 0.942 | Person ID: 0 | Status: RE_IDENTIFIED
2025-07-09 01:17:59,018 - root - INFO - Person matching: HISTORY | Score: 0.917 | Person ID: 1 | Status: RE_IDENTIFIED
2025-07-09 01:17:59,025 - root - INFO - Person matching: HISTORY | Score: 0.946 | Person ID: 0 | Status: RE_IDENTIFIED
2025-07-09 01:17:59,626 - root - INFO - Person matching: HISTORY | Score: 0.918 | Person ID: 1 | Status: RE_IDENTIFIED
2025-07-09 01:17:59,627 - root - INFO - Person matching: HISTORY | Score: 0.946 | Person ID: 0 | Status: RE_IDENTIFIED
2025-07-09 01:18:00,247 - root - INFO - Person matching: HISTORY | Score: 0.916 | Person ID: 1 | Status: RE_IDENTIFIED
2025-07-09 01:18:00,248 - root - INFO - Person matching: HISTORY | Score: 0.946 | Person ID: 0 | Status: RE_IDENTIFIED
2025-07-09 01:18:01,025 - root - INFO - Person matching: HISTORY | Score: 0.951 | Person ID: 0 | Status: RE_IDENTIFIED
2025-07-09 01:18:01,097 - root - INFO - Person matching: HISTORY | Score: 0.918 | Person ID: 1 | Status: RE_IDENTIFIED
2025-07-09 01:18:01,866 - root - INFO - Person matching: HISTORY | Score: 0.950 | Person ID: 0 | Status: RE_IDENTIFIED
2025-07-09 01:18:01,869 - root - INFO - Person matching: HISTORY | Score: 0.916 | Person ID: 1 | Status: RE_IDENTIFIED
2025-07-09 01:18:02,649 - root - INFO - Person matching: HISTORY | Score: 0.953 | Person ID: 0 | Status: RE_IDENTIFIED
2025-07-09 01:18:02,653 - root - INFO - Person matching: HISTORY | Score: 0.915 | Person ID: 1 | Status: RE_IDENTIFIED
2025-07-09 01:18:03,440 - root - INFO - Person matching: HISTORY | Score: 0.954 | Person ID: 0 | Status: RE_IDENTIFIED
2025-07-09 01:18:03,446 - root - INFO - Person matching: HISTORY | Score: 0.914 | Person ID: 1 | Status: RE_IDENTIFIED
2025-07-09 01:18:04,067 - root - INFO - Person matching: HISTORY | Score: 0.957 | Person ID: 0 | Status: RE_IDENTIFIED
2025-07-09 01:18:04,068 - root - INFO - Person matching: HISTORY | Score: 0.910 | Person ID: 1 | Status: RE_IDENTIFIED
2025-07-09 01:18:04,718 - root - INFO - Person matching: HISTORY | Score: 0.958 | Person ID: 0 | Status: RE_IDENTIFIED
2025-07-09 01:18:04,725 - root - INFO - Person matching: HISTORY | Score: 0.911 | Person ID: 1 | Status: RE_IDENTIFIED
2025-07-09 01:18:05,245 - root - INFO - Person matching: HISTORY | Score: 0.958 | Person ID: 0 | Status: RE_IDENTIFIED
2025-07-09 01:18:05,247 - root - INFO - Person matching: HISTORY | Score: 0.908 | Person ID: 1 | Status: RE_IDENTIFIED
2025-07-09 01:18:05,921 - root - INFO - Person matching: HISTORY | Score: 0.960 | Person ID: 0 | Status: RE_IDENTIFIED
2025-07-09 01:18:05,924 - root - INFO - Person matching: HISTORY | Score: 0.908 | Person ID: 1 | Status: RE_IDENTIFIED
2025-07-09 01:18:06,549 - root - INFO - Person matching: HISTORY | Score: 0.961 | Person ID: 0 | Status: RE_IDENTIFIED
2025-07-09 01:18:06,552 - root - INFO - Person matching: HISTORY | Score: 0.904 | Person ID: 1 | Status: RE_IDENTIFIED
2025-07-09 01:18:07,285 - root - INFO - Person matching: HISTORY | Score: 0.963 | Person ID: 0 | Status: RE_IDENTIFIED
2025-07-09 01:18:07,289 - root - INFO - Person matching: HISTORY | Score: 0.901 | Person ID: 1 | Status: RE_IDENTIFIED
2025-07-09 01:18:08,069 - root - INFO - Person matching: HISTORY | Score: 0.952 | Person ID: 0 | Status: RE_IDENTIFIED
2025-07-09 01:18:08,073 - root - INFO - Person matching: HISTORY | Score: 0.919 | Person ID: 1 | Status: RE_IDENTIFIED
2025-07-09 01:18:08,849 - root - INFO - Person matching: HISTORY | Score: 0.952 | Person ID: 0 | Status: RE_IDENTIFIED
2025-07-09 01:18:08,853 - root - INFO - Person matching: HISTORY | Score: 0.925 | Person ID: 1 | Status: RE_IDENTIFIED
2025-07-09 01:18:09,632 - root - INFO - Person matching: HISTORY | Score: 0.954 | Person ID: 0 | Status: RE_IDENTIFIED
2025-07-09 01:18:09,635 - root - INFO - Person matching: HISTORY | Score: 0.929 | Person ID: 1 | Status: RE_IDENTIFIED
2025-07-09 01:18:10,207 - root - INFO - Person matching: HISTORY | Score: 0.951 | Person ID: 0 | Status: RE_IDENTIFIED
2025-07-09 01:18:10,947 - root - INFO - Person matching: HISTORY | Score: 0.949 | Person ID: 0 | Status: RE_IDENTIFIED
2025-07-09 01:18:10,949 - root - INFO - Person matching: HISTORY | Score: 0.930 | Person ID: 1 | Status: RE_IDENTIFIED
2025-07-09 01:18:11,656 - root - INFO - Person matching: HISTORY | Score: 0.953 | Person ID: 0 | Status: RE_IDENTIFIED
2025-07-09 01:18:11,660 - root - INFO - Person matching: HISTORY | Score: 0.930 | Person ID: 1 | Status: RE_IDENTIFIED
2025-07-09 01:18:12,488 - root - INFO - Person matching: HISTORY | Score: 0.959 | Person ID: 0 | Status: RE_IDENTIFIED
2025-07-09 01:18:12,490 - root - INFO - Person matching: HISTORY | Score: 0.932 | Person ID: 1 | Status: RE_IDENTIFIED
2025-07-09 01:18:13,274 - root - INFO - Person matching: HISTORY | Score: 0.960 | Person ID: 0 | Status: RE_IDENTIFIED
2025-07-09 01:18:13,280 - root - INFO - Person matching: HISTORY | Score: 0.932 | Person ID: 1 | Status: RE_IDENTIFIED
2025-07-09 01:18:14,030 - root - INFO - Person matching: HISTORY | Score: 0.960 | Person ID: 0 | Status: RE_IDENTIFIED
2025-07-09 01:18:14,032 - root - INFO - Person matching: HISTORY | Score: 0.933 | Person ID: 1 | Status: RE_IDENTIFIED
2025-07-09 01:18:14,802 - root - INFO - Person matching: HISTORY | Score: 0.967 | Person ID: 0 | Status: RE_IDENTIFIED
2025-07-09 01:18:14,804 - root - INFO - Person matching: HISTORY | Score: 0.852 | Person ID: 1 | Status: RE_IDENTIFIED
2025-07-09 01:18:15,455 - root - INFO - Person matching: HISTORY | Score: 0.969 | Person ID: 0 | Status: RE_IDENTIFIED
2025-07-09 01:18:15,483 - root - INFO - Person matching: HISTORY | Score: 0.854 | Person ID: 1 | Status: RE_IDENTIFIED
2025-07-09 01:18:16,163 - root - INFO - Person matching: HISTORY | Score: 0.975 | Person ID: 0 | Status: RE_IDENTIFIED
2025-07-09 01:18:16,174 - root - INFO - Person matching: HISTORY | Score: 0.854 | Person ID: 1 | Status: RE_IDENTIFIED
2025-07-09 01:18:16,854 - root - INFO - Person matching: HISTORY | Score: 0.964 | Person ID: 0 | Status: RE_IDENTIFIED
2025-07-09 01:18:16,865 - root - INFO - Person matching: HISTORY | Score: 0.936 | Person ID: 1 | Status: RE_IDENTIFIED
2025-07-09 01:18:17,623 - root - INFO - Person matching: HISTORY | Score: 0.967 | Person ID: 0 | Status: RE_IDENTIFIED
2025-07-09 01:18:17,647 - root - INFO - Person matching: HISTORY | Score: 0.939 | Person ID: 1 | Status: RE_IDENTIFIED
2025-07-09 01:18:18,379 - root - INFO - Person matching: HISTORY | Score: 0.963 | Person ID: 0 | Status: RE_IDENTIFIED
2025-07-09 01:18:18,408 - root - INFO - Person matching: HISTORY | Score: 0.937 | Person ID: 1 | Status: RE_IDENTIFIED
2025-07-09 01:18:19,188 - root - INFO - Person matching: HISTORY | Score: 0.962 | Person ID: 0 | Status: RE_IDENTIFIED
2025-07-09 01:18:19,279 - root - INFO - Person matching: HISTORY | Score: 0.939 | Person ID: 1 | Status: RE_IDENTIFIED
2025-07-09 01:18:20,098 - root - INFO - Person matching: HISTORY | Score: 0.962 | Person ID: 0 | Status: RE_IDENTIFIED
2025-07-09 01:18:20,110 - root - INFO - Person matching: HISTORY | Score: 0.943 | Person ID: 1 | Status: RE_IDENTIFIED
2025-07-09 01:18:20,773 - root - INFO - Person matching: HISTORY | Score: 0.959 | Person ID: 0 | Status: RE_IDENTIFIED
2025-07-09 01:18:20,777 - root - INFO - Person matching: HISTORY | Score: 0.946 | Person ID: 1 | Status: RE_IDENTIFIED
2025-07-09 01:18:21,457 - root - INFO - Person matching: HISTORY | Score: 0.957 | Person ID: 0 | Status: RE_IDENTIFIED
2025-07-09 01:18:21,466 - root - INFO - Person matching: HISTORY | Score: 0.949 | Person ID: 1 | Status: RE_IDENTIFIED
2025-07-09 01:18:22,138 - root - INFO - Person matching: HISTORY | Score: 0.957 | Person ID: 0 | Status: RE_IDENTIFIED
2025-07-09 01:18:22,140 - root - INFO - Person matching: HISTORY | Score: 0.952 | Person ID: 1 | Status: RE_IDENTIFIED
2025-07-09 01:18:23,121 - root - INFO - Person matching: HISTORY | Score: 0.953 | Person ID: 0 | Status: RE_IDENTIFIED
2025-07-09 01:18:23,184 - root - INFO - Person matching: HISTORY | Score: 0.955 | Person ID: 1 | Status: RE_IDENTIFIED
2025-07-09 01:18:25,459 - root - INFO - Person matching: HISTORY | Score: 0.955 | Person ID: 0 | Status: RE_IDENTIFIED
2025-07-09 01:18:25,488 - root - INFO - Person matching: HISTORY | Score: 0.956 | Person ID: 1 | Status: RE_IDENTIFIED
2025-07-09 01:18:26,921 - root - INFO - Person matching: HISTORY | Score: 0.951 | Person ID: 0 | Status: RE_IDENTIFIED
2025-07-09 01:18:26,955 - root - INFO - Person matching: HISTORY | Score: 0.957 | Person ID: 1 | Status: RE_IDENTIFIED
2025-07-09 01:18:28,699 - root - INFO - Person matching: HISTORY | Score: 0.949 | Person ID: 0 | Status: RE_IDENTIFIED
2025-07-09 01:18:28,756 - root - INFO - Person matching: HISTORY | Score: 0.955 | Person ID: 1 | Status: RE_IDENTIFIED
2025-07-09 01:18:31,428 - root - INFO - Person matching: HISTORY | Score: 0.948 | Person ID: 0 | Status: RE_IDENTIFIED
2025-07-09 01:18:31,472 - root - INFO - Person matching: HISTORY | Score: 0.955 | Person ID: 1 | Status: RE_IDENTIFIED
2025-07-09 01:18:32,591 - root - INFO - Person matching: HISTORY | Score: 0.945 | Person ID: 0 | Status: RE_IDENTIFIED
2025-07-09 01:18:32,597 - root - INFO - Person matching: HISTORY | Score: 0.955 | Person ID: 1 | Status: RE_IDENTIFIED
2025-07-09 01:18:33,867 - root - INFO - Person matching: HISTORY | Score: 0.944 | Person ID: 0 | Status: RE_IDENTIFIED
2025-07-09 01:18:33,870 - root - INFO - Person matching: HISTORY | Score: 0.955 | Person ID: 1 | Status: RE_IDENTIFIED
2025-07-09 01:18:35,141 - root - INFO - Person matching: HISTORY | Score: 0.945 | Person ID: 0 | Status: RE_IDENTIFIED
2025-07-09 01:18:35,175 - root - INFO - Person matching: HISTORY | Score: 0.955 | Person ID: 1 | Status: RE_IDENTIFIED
2025-07-09 01:18:36,080 - root - INFO - Person matching: HISTORY | Score: 0.939 | Person ID: 0 | Status: RE_IDENTIFIED
2025-07-09 01:18:36,359 - root - INFO - Person matching: HISTORY | Score: 0.955 | Person ID: 1 | Status: RE_IDENTIFIED
2025-07-09 01:18:37,270 - root - INFO - Person matching: HISTORY | Score: 0.936 | Person ID: 0 | Status: RE_IDENTIFIED
2025-07-09 01:18:37,272 - root - INFO - Person matching: HISTORY | Score: 0.956 | Person ID: 1 | Status: RE_IDENTIFIED
2025-07-09 01:18:40,591 - root - INFO - Person matching: HISTORY | Score: 0.938 | Person ID: 0 | Status: RE_IDENTIFIED
2025-07-09 01:18:40,610 - root - INFO - Person matching: HISTORY | Score: 0.958 | Person ID: 1 | Status: RE_IDENTIFIED
2025-07-09 01:18:43,705 - root - INFO - Person matching: HISTORY | Score: 0.933 | Person ID: 0 | Status: RE_IDENTIFIED
2025-07-09 01:18:43,714 - root - INFO - Person matching: HISTORY | Score: 0.958 | Person ID: 1 | Status: RE_IDENTIFIED
2025-07-09 01:18:45,407 - root - INFO - Person matching: HISTORY | Score: 0.928 | Person ID: 0 | Status: RE_IDENTIFIED
2025-07-09 01:18:45,414 - root - INFO - Person matching: HISTORY | Score: 0.959 | Person ID: 1 | Status: RE_IDENTIFIED
2025-07-09 01:18:47,837 - root - INFO - Person matching: HISTORY | Score: 0.925 | Person ID: 0 | Status: RE_IDENTIFIED
2025-07-09 01:18:47,840 - root - INFO - Person matching: HISTORY | Score: 0.959 | Person ID: 1 | Status: RE_IDENTIFIED
2025-07-09 01:18:50,474 - root - INFO - Person matching: HISTORY | Score: 0.922 | Person ID: 0 | Status: RE_IDENTIFIED
2025-07-09 01:18:50,476 - root - INFO - Person matching: HISTORY | Score: 0.961 | Person ID: 1 | Status: RE_IDENTIFIED
2025-07-09 01:18:51,003 - root - INFO - Person matching: HISTORY | Score: 0.919 | Person ID: 0 | Status: RE_IDENTIFIED
2025-07-09 01:18:51,005 - root - INFO - Person matching: HISTORY | Score: 0.963 | Person ID: 1 | Status: RE_IDENTIFIED
2025-07-09 01:18:51,715 - root - INFO - Person matching: HISTORY | Score: 0.918 | Person ID: 0 | Status: RE_IDENTIFIED
2025-07-09 01:18:51,719 - root - INFO - Person matching: HISTORY | Score: 0.965 | Person ID: 1 | Status: RE_IDENTIFIED
2025-07-09 01:18:56,248 - root - INFO - Person matching: HISTORY | Score: 0.981 | Person ID: 0 | Status: RE_IDENTIFIED
2025-07-09 01:18:56,278 - root - INFO - Person matching: HISTORY | Score: 0.760 | Person ID: 1 | Status: RE_IDENTIFIED
2025-07-09 01:18:58,948 - root - INFO - Person matching: HISTORY | Score: 0.910 | Person ID: 0 | Status: RE_IDENTIFIED
2025-07-09 01:18:58,968 - root - INFO - Person matching: HISTORY | Score: 0.973 | Person ID: 1 | Status: RE_IDENTIFIED
2025-07-09 01:19:01,827 - root - INFO - Person matching: HISTORY | Score: 0.908 | Person ID: 0 | Status: RE_IDENTIFIED
2025-07-09 01:19:01,834 - root - INFO - Person matching: HISTORY | Score: 0.975 | Person ID: 1 | Status: RE_IDENTIFIED
2025-07-09 01:19:04,545 - root - INFO - Person matching: HISTORY | Score: 0.900 | Person ID: 0 | Status: RE_IDENTIFIED
2025-07-09 01:19:04,551 - root - INFO - Person matching: HISTORY | Score: 0.972 | Person ID: 1 | Status: RE_IDENTIFIED
2025-07-09 01:19:05,312 - root - INFO - Person matching: HISTORY | Score: 0.895 | Person ID: 0 | Status: RE_IDENTIFIED
2025-07-09 01:19:05,318 - root - INFO - Person matching: HISTORY | Score: 0.970 | Person ID: 1 | Status: RE_IDENTIFIED
2025-07-09 01:19:06,016 - root - INFO - Person matching: HISTORY | Score: 0.888 | Person ID: 0 | Status: RE_IDENTIFIED
2025-07-09 01:19:06,021 - root - INFO - Person matching: HISTORY | Score: 0.970 | Person ID: 1 | Status: RE_IDENTIFIED
2025-07-09 01:19:06,692 - root - INFO - Person matching: HISTORY | Score: 0.884 | Person ID: 0 | Status: RE_IDENTIFIED
2025-07-09 01:19:06,698 - root - INFO - Person matching: HISTORY | Score: 0.970 | Person ID: 1 | Status: RE_IDENTIFIED
2025-07-09 01:19:07,430 - root - INFO - Person matching: HISTORY | Score: 0.875 | Person ID: 0 | Status: RE_IDENTIFIED
2025-07-09 01:19:07,433 - root - INFO - Person matching: HISTORY | Score: 0.970 | Person ID: 1 | Status: RE_IDENTIFIED
2025-07-09 01:19:11,902 - root - INFO - Person matching: HISTORY | Score: 0.860 | Person ID: 0 | Status: RE_IDENTIFIED
2025-07-09 01:19:11,930 - root - INFO - Person matching: HISTORY | Score: 0.970 | Person ID: 1 | Status: RE_IDENTIFIED
2025-07-09 01:19:14,019 - root - INFO - Person matching: HISTORY | Score: 0.842 | Person ID: 0 | Status: RE_IDENTIFIED
2025-07-09 01:19:14,022 - root - INFO - Person matching: HISTORY | Score: 0.970 | Person ID: 1 | Status: RE_IDENTIFIED
2025-07-09 01:19:16,000 - root - INFO - Person matching: HISTORY | Score: 0.844 | Person ID: 0 | Status: RE_IDENTIFIED
2025-07-09 01:19:16,005 - root - INFO - Person matching: HISTORY | Score: 0.969 | Person ID: 1 | Status: RE_IDENTIFIED
2025-07-09 01:19:17,179 - root - INFO - Person matching: HISTORY | Score: 0.989 | Person ID: 0 | Status: RE_IDENTIFIED
2025-07-09 01:19:17,183 - root - INFO - Person matching: HISTORY | Score: 0.658 | Person ID: 1 | Status: RE_IDENTIFIED
2025-07-09 01:19:18,215 - root - INFO - Person matching: HISTORY | Score: 0.990 | Person ID: 0 | Status: RE_IDENTIFIED
2025-07-09 01:19:18,224 - root - INFO - Person matching: HISTORY | Score: 0.658 | Person ID: 1 | Status: RE_IDENTIFIED
2025-07-09 01:19:19,371 - root - INFO - Person matching: HISTORY | Score: 0.990 | Person ID: 0 | Status: RE_IDENTIFIED
2025-07-09 01:19:19,373 - root - INFO - Person matching: HISTORY | Score: 0.639 | Person ID: 1 | Status: RE_IDENTIFIED
2025-07-09 01:19:19,400 - root - INFO - Saved person history to data\persistent\person_history.pkl
2025-07-09 01:19:19,405 - root - INFO - Ended tracking session at 1752041959.3953774
2025-07-09 01:22:48,831 - root - INFO - PersonDetector initialized with device: cuda
2025-07-09 01:22:53,399 - root - INFO - EmbeddingExtractor initialized with resnet50
2025-07-09 01:22:53,402 - root - INFO - ReIDMatcher initialized with threshold: 0.7
2025-07-09 01:22:53,405 - root - INFO - PersistentTracker initialized
2025-07-09 01:22:53,405 - root - INFO - Visualizer initialized
2025-07-09 01:22:59,714 - root - INFO - Started new tracking session at 0.0
2025-07-09 01:23:00,918 - root - INFO - Person matching: HISTORY | Score: 0.999 | Person ID: 0 | Status: RE_IDENTIFIED
2025-07-09 01:23:01,847 - root - INFO - Person matching: HISTORY | Score: 1.000 | Person ID: 0 | Status: RE_IDENTIFIED
2025-07-09 01:23:03,198 - root - INFO - Person matching: HISTORY | Score: 0.999 | Person ID: 0 | Status: RE_IDENTIFIED
2025-07-09 01:23:05,035 - root - INFO - Person matching: HISTORY | Score: 0.999 | Person ID: 0 | Status: RE_IDENTIFIED
2025-07-09 01:23:07,320 - root - INFO - Person matching: HISTORY | Score: 0.999 | Person ID: 0 | Status: RE_IDENTIFIED
2025-07-09 01:23:08,987 - root - INFO - Person matching: HISTORY | Score: 0.999 | Person ID: 0 | Status: RE_IDENTIFIED
2025-07-09 01:23:10,445 - root - INFO - Person matching: HISTORY | Score: 0.999 | Person ID: 0 | Status: RE_IDENTIFIED
2025-07-09 01:23:11,874 - root - INFO - Person matching: HISTORY | Score: 0.999 | Person ID: 0 | Status: RE_IDENTIFIED
2025-07-09 01:23:12,902 - root - INFO - Person matching: HISTORY | Score: 0.999 | Person ID: 0 | Status: RE_IDENTIFIED
2025-07-09 01:23:13,786 - root - INFO - Person matching: HISTORY | Score: 0.999 | Person ID: 0 | Status: RE_IDENTIFIED
2025-07-09 01:23:14,465 - root - INFO - Person matching: HISTORY | Score: 0.999 | Person ID: 0 | Status: RE_IDENTIFIED
2025-07-09 01:23:15,032 - root - INFO - Person matching: HISTORY | Score: 0.999 | Person ID: 0 | Status: RE_IDENTIFIED
2025-07-09 01:23:15,729 - root - INFO - Person matching: HISTORY | Score: 0.999 | Person ID: 0 | Status: RE_IDENTIFIED
2025-07-09 01:23:16,502 - root - INFO - Person matching: HISTORY | Score: 0.999 | Person ID: 0 | Status: RE_IDENTIFIED
2025-07-09 01:23:17,180 - root - INFO - Person matching: HISTORY | Score: 0.998 | Person ID: 0 | Status: RE_IDENTIFIED
2025-07-09 01:23:17,916 - root - INFO - Person matching: HISTORY | Score: 0.998 | Person ID: 0 | Status: RE_IDENTIFIED
2025-07-09 01:23:18,790 - root - INFO - Person matching: HISTORY | Score: 0.998 | Person ID: 0 | Status: RE_IDENTIFIED
2025-07-09 01:23:19,231 - root - INFO - Person matching: HISTORY | Score: 0.998 | Person ID: 0 | Status: RE_IDENTIFIED
2025-07-09 01:23:19,941 - root - INFO - Person matching: HISTORY | Score: 0.997 | Person ID: 0 | Status: RE_IDENTIFIED
2025-07-09 01:23:20,539 - root - INFO - Person matching: HISTORY | Score: 0.997 | Person ID: 0 | Status: RE_IDENTIFIED
2025-07-09 01:23:21,226 - root - INFO - Person matching: HISTORY | Score: 0.998 | Person ID: 0 | Status: RE_IDENTIFIED
2025-07-09 01:23:21,833 - root - INFO - Person matching: HISTORY | Score: 0.997 | Person ID: 0 | Status: RE_IDENTIFIED
2025-07-09 01:23:22,499 - root - INFO - Person matching: HISTORY | Score: 0.997 | Person ID: 0 | Status: RE_IDENTIFIED
2025-07-09 01:23:23,069 - root - INFO - Person matching: HISTORY | Score: 0.997 | Person ID: 0 | Status: RE_IDENTIFIED
2025-07-09 01:23:23,656 - root - INFO - Person matching: HISTORY | Score: 0.997 | Person ID: 0 | Status: RE_IDENTIFIED
2025-07-09 01:23:24,357 - root - INFO - Person matching: HISTORY | Score: 0.997 | Person ID: 0 | Status: RE_IDENTIFIED
2025-07-09 01:23:24,904 - root - INFO - Person matching: HISTORY | Score: 0.996 | Person ID: 0 | Status: RE_IDENTIFIED
2025-07-09 01:23:25,520 - root - INFO - Person matching: HISTORY | Score: 0.996 | Person ID: 0 | Status: RE_IDENTIFIED
2025-07-09 01:23:26,178 - root - INFO - Person matching: HISTORY | Score: 0.996 | Person ID: 0 | Status: RE_IDENTIFIED
2025-07-09 01:23:26,724 - root - INFO - Person matching: HISTORY | Score: 0.995 | Person ID: 0 | Status: RE_IDENTIFIED
2025-07-09 01:23:27,526 - root - INFO - Person matching: HISTORY | Score: 0.995 | Person ID: 0 | Status: RE_IDENTIFIED
2025-07-09 01:23:28,088 - root - INFO - Person matching: HISTORY | Score: 0.994 | Person ID: 0 | Status: RE_IDENTIFIED
2025-07-09 01:23:28,536 - root - INFO - Person matching: HISTORY | Score: 0.994 | Person ID: 0 | Status: RE_IDENTIFIED
2025-07-09 01:23:29,071 - root - INFO - Person matching: HISTORY | Score: 0.993 | Person ID: 0 | Status: RE_IDENTIFIED
2025-07-09 01:23:29,755 - root - INFO - Person matching: HISTORY | Score: 0.992 | Person ID: 0 | Status: RE_IDENTIFIED
2025-07-09 01:23:30,209 - root - INFO - Person matching: HISTORY | Score: 0.991 | Person ID: 0 | Status: RE_IDENTIFIED
2025-07-09 01:23:30,748 - root - INFO - Person matching: HISTORY | Score: 0.989 | Person ID: 0 | Status: RE_IDENTIFIED
2025-07-09 01:23:31,277 - root - INFO - Person matching: HISTORY | Score: 0.986 | Person ID: 0 | Status: RE_IDENTIFIED
2025-07-09 01:23:31,795 - root - INFO - Person matching: HISTORY | Score: 0.985 | Person ID: 0 | Status: RE_IDENTIFIED
2025-07-09 01:23:32,326 - root - INFO - Person matching: HISTORY | Score: 0.986 | Person ID: 0 | Status: RE_IDENTIFIED
2025-07-09 01:23:32,847 - root - INFO - Person matching: HISTORY | Score: 0.984 | Person ID: 0 | Status: RE_IDENTIFIED
2025-07-09 01:23:33,467 - root - INFO - Person matching: HISTORY | Score: 0.984 | Person ID: 0 | Status: RE_IDENTIFIED
2025-07-09 01:23:34,102 - root - INFO - Person matching: HISTORY | Score: 0.983 | Person ID: 0 | Status: RE_IDENTIFIED
2025-07-09 01:23:34,612 - root - INFO - Person matching: HISTORY | Score: 0.982 | Person ID: 0 | Status: RE_IDENTIFIED
2025-07-09 01:23:35,170 - root - INFO - Person matching: HISTORY | Score: 0.982 | Person ID: 0 | Status: RE_IDENTIFIED
2025-07-09 01:23:35,675 - root - INFO - Person matching: HISTORY | Score: 0.980 | Person ID: 0 | Status: RE_IDENTIFIED
2025-07-09 01:23:36,295 - root - INFO - Person matching: HISTORY | Score: 0.978 | Person ID: 0 | Status: RE_IDENTIFIED
2025-07-09 01:23:36,798 - root - INFO - Person matching: HISTORY | Score: 0.976 | Person ID: 0 | Status: RE_IDENTIFIED
2025-07-09 01:23:37,398 - root - INFO - Person matching: HISTORY | Score: 0.974 | Person ID: 0 | Status: RE_IDENTIFIED
2025-07-09 01:23:38,012 - root - INFO - Person matching: HISTORY | Score: 0.969 | Person ID: 0 | Status: RE_IDENTIFIED
2025-07-09 01:23:38,561 - root - INFO - Person matching: HISTORY | Score: 0.968 | Person ID: 0 | Status: RE_IDENTIFIED
2025-07-09 01:23:39,035 - root - INFO - Person matching: HISTORY | Score: 0.966 | Person ID: 0 | Status: RE_IDENTIFIED
2025-07-09 01:23:39,446 - root - INFO - Person matching: HISTORY | Score: 0.963 | Person ID: 0 | Status: RE_IDENTIFIED
2025-07-09 01:23:39,963 - root - INFO - Person matching: HISTORY | Score: 0.959 | Person ID: 0 | Status: RE_IDENTIFIED
2025-07-09 01:23:40,394 - root - INFO - Person matching: HISTORY | Score: 0.956 | Person ID: 0 | Status: RE_IDENTIFIED
2025-07-09 01:23:40,838 - root - INFO - Person matching: HISTORY | Score: 0.953 | Person ID: 0 | Status: RE_IDENTIFIED
2025-07-09 01:23:41,963 - root - INFO - Person matching: HISTORY | Score: 0.950 | Person ID: 0 | Status: RE_IDENTIFIED
2025-07-09 01:23:43,782 - root - INFO - Person matching: HISTORY | Score: 0.945 | Person ID: 0 | Status: RE_IDENTIFIED
2025-07-09 01:23:44,639 - root - INFO - Person matching: HISTORY | Score: 0.938 | Person ID: 0 | Status: RE_IDENTIFIED
2025-07-09 01:23:45,298 - root - INFO - Person matching: HISTORY | Score: 0.935 | Person ID: 0 | Status: RE_IDENTIFIED
2025-07-09 01:23:46,041 - root - INFO - Person matching: HISTORY | Score: 0.929 | Person ID: 0 | Status: RE_IDENTIFIED
2025-07-09 01:23:46,581 - root - INFO - Person matching: HISTORY | Score: 0.924 | Person ID: 0 | Status: RE_IDENTIFIED
2025-07-09 01:23:47,424 - root - INFO - Person matching: HISTORY | Score: 0.918 | Person ID: 0 | Status: RE_IDENTIFIED
2025-07-09 01:23:48,856 - root - INFO - Person matching: HISTORY | Score: 0.913 | Person ID: 0 | Status: RE_IDENTIFIED
2025-07-09 01:23:49,884 - root - INFO - Person matching: HISTORY | Score: 0.902 | Person ID: 0 | Status: RE_IDENTIFIED
2025-07-09 01:23:50,669 - root - INFO - Person matching: HISTORY | Score: 0.898 | Person ID: 0 | Status: RE_IDENTIFIED
2025-07-09 01:23:51,611 - root - INFO - Person matching: HISTORY | Score: 0.884 | Person ID: 0 | Status: RE_IDENTIFIED
2025-07-09 01:23:52,459 - root - INFO - Person matching: HISTORY | Score: 0.878 | Person ID: 0 | Status: RE_IDENTIFIED
2025-07-09 01:23:53,209 - root - INFO - Person matching: HISTORY | Score: 0.871 | Person ID: 0 | Status: RE_IDENTIFIED
2025-07-09 01:23:54,363 - root - INFO - Person matching: HISTORY | Score: 0.852 | Person ID: 0 | Status: RE_IDENTIFIED
2025-07-09 01:23:55,302 - root - INFO - Person matching: HISTORY | Score: 0.804 | Person ID: 0 | Status: RE_IDENTIFIED
2025-07-09 01:23:55,875 - root - INFO - Person matching: HISTORY | Score: 0.790 | Person ID: 0 | Status: RE_IDENTIFIED
2025-07-09 01:23:56,585 - root - INFO - Person matching: HISTORY | Score: 0.777 | Person ID: 0 | Status: RE_IDENTIFIED
2025-07-09 01:23:57,296 - root - INFO - Person matching: HISTORY | Score: 0.773 | Person ID: 0 | Status: RE_IDENTIFIED
2025-07-09 01:23:57,301 - root - INFO - Person matching: HISTORY | Score: 0.998 | Person ID: 1 | Status: RE_IDENTIFIED
2025-07-09 01:23:58,428 - root - INFO - Person matching: HISTORY | Score: 0.758 | Person ID: 0 | Status: RE_IDENTIFIED
2025-07-09 01:23:58,429 - root - INFO - Person matching: HISTORY | Score: 0.996 | Person ID: 1 | Status: RE_IDENTIFIED
2025-07-09 01:23:59,568 - root - INFO - Person matching: HISTORY | Score: 0.763 | Person ID: 0 | Status: RE_IDENTIFIED
2025-07-09 01:23:59,572 - root - INFO - Person matching: HISTORY | Score: 0.991 | Person ID: 1 | Status: RE_IDENTIFIED
2025-07-09 01:24:01,655 - root - INFO - Person matching: HISTORY | Score: 0.730 | Person ID: 0 | Status: RE_IDENTIFIED
2025-07-09 01:24:01,659 - root - INFO - Person matching: HISTORY | Score: 0.993 | Person ID: 1 | Status: RE_IDENTIFIED
2025-07-09 01:24:02,599 - root - INFO - Person matching: HISTORY | Score: 0.737 | Person ID: 0 | Status: RE_IDENTIFIED
2025-07-09 01:24:02,612 - root - INFO - Person matching: HISTORY | Score: 0.991 | Person ID: 1 | Status: RE_IDENTIFIED
2025-07-09 01:24:03,443 - root - INFO - Person matching: HISTORY | Score: 0.732 | Person ID: 0 | Status: RE_IDENTIFIED
2025-07-09 01:24:03,449 - root - INFO - Person matching: HISTORY | Score: 0.979 | Person ID: 1 | Status: RE_IDENTIFIED
2025-07-09 01:24:04,226 - root - INFO - Person matching: HISTORY | Score: 0.736 | Person ID: 0 | Status: RE_IDENTIFIED
2025-07-09 01:24:04,238 - root - INFO - Person matching: HISTORY | Score: 0.977 | Person ID: 1 | Status: RE_IDENTIFIED
2025-07-09 01:24:04,904 - root - INFO - Person matching: HISTORY | Score: 0.706 | Person ID: 0 | Status: RE_IDENTIFIED
2025-07-09 01:24:04,907 - root - INFO - Person matching: HISTORY | Score: 0.991 | Person ID: 1 | Status: RE_IDENTIFIED
2025-07-09 01:24:05,440 - root - INFO - Person matching: HISTORY | Score: 0.984 | Person ID: 1 | Status: RE_IDENTIFIED
2025-07-09 01:24:06,108 - root - INFO - Person matching: HISTORY | Score: 0.984 | Person ID: 1 | Status: RE_IDENTIFIED
2025-07-09 01:24:06,779 - root - INFO - Person matching: HISTORY | Score: 0.990 | Person ID: 1 | Status: RE_IDENTIFIED
2025-07-09 01:24:07,499 - root - INFO - Person matching: HISTORY | Score: 0.987 | Person ID: 1 | Status: RE_IDENTIFIED
2025-07-09 01:24:08,285 - root - INFO - Person matching: HISTORY | Score: 0.983 | Person ID: 1 | Status: RE_IDENTIFIED
2025-07-09 01:24:09,232 - root - INFO - Person matching: HISTORY | Score: 0.980 | Person ID: 1 | Status: RE_IDENTIFIED
2025-07-09 01:24:09,940 - root - INFO - Person matching: HISTORY | Score: 0.981 | Person ID: 1 | Status: RE_IDENTIFIED
2025-07-09 01:24:10,701 - root - INFO - Person matching: HISTORY | Score: 0.977 | Person ID: 1 | Status: RE_IDENTIFIED
2025-07-09 01:24:11,386 - root - INFO - Person matching: HISTORY | Score: 0.971 | Person ID: 1 | Status: RE_IDENTIFIED
2025-07-09 01:24:12,018 - root - INFO - Person matching: HISTORY | Score: 0.967 | Person ID: 1 | Status: RE_IDENTIFIED
2025-07-09 01:24:12,763 - root - INFO - Person matching: HISTORY | Score: 0.947 | Person ID: 1 | Status: RE_IDENTIFIED
2025-07-09 01:24:13,446 - root - INFO - Person matching: HISTORY | Score: 0.945 | Person ID: 1 | Status: RE_IDENTIFIED
2025-07-09 01:24:14,125 - root - INFO - Person matching: HISTORY | Score: 0.955 | Person ID: 1 | Status: RE_IDENTIFIED
2025-07-09 01:24:14,786 - root - INFO - Person matching: HISTORY | Score: 0.959 | Person ID: 1 | Status: RE_IDENTIFIED
2025-07-09 01:24:15,382 - root - INFO - Person matching: HISTORY | Score: 0.963 | Person ID: 1 | Status: RE_IDENTIFIED
2025-07-09 01:24:16,028 - root - INFO - Person matching: HISTORY | Score: 0.967 | Person ID: 1 | Status: RE_IDENTIFIED
2025-07-09 01:24:16,604 - root - INFO - Person matching: HISTORY | Score: 0.969 | Person ID: 1 | Status: RE_IDENTIFIED
2025-07-09 01:24:17,215 - root - INFO - Person matching: HISTORY | Score: 0.968 | Person ID: 1 | Status: RE_IDENTIFIED
2025-07-09 01:24:17,796 - root - INFO - Person matching: HISTORY | Score: 0.970 | Person ID: 1 | Status: RE_IDENTIFIED
2025-07-09 01:24:18,791 - root - INFO - Person matching: HISTORY | Score: 0.969 | Person ID: 1 | Status: RE_IDENTIFIED
2025-07-09 01:24:19,499 - root - INFO - Person matching: HISTORY | Score: 0.972 | Person ID: 1 | Status: RE_IDENTIFIED
2025-07-09 01:24:20,119 - root - INFO - Person matching: HISTORY | Score: 0.972 | Person ID: 1 | Status: RE_IDENTIFIED
2025-07-09 01:24:20,707 - root - INFO - Person matching: HISTORY | Score: 0.973 | Person ID: 1 | Status: RE_IDENTIFIED
2025-07-09 01:24:21,245 - root - INFO - Person matching: HISTORY | Score: 0.975 | Person ID: 1 | Status: RE_IDENTIFIED
2025-07-09 01:24:21,759 - root - INFO - Person matching: HISTORY | Score: 0.977 | Person ID: 1 | Status: RE_IDENTIFIED
2025-07-09 01:24:22,252 - root - INFO - Person matching: HISTORY | Score: 0.981 | Person ID: 1 | Status: RE_IDENTIFIED
2025-07-09 01:24:22,829 - root - INFO - Person matching: HISTORY | Score: 0.978 | Person ID: 1 | Status: RE_IDENTIFIED
2025-07-09 01:24:23,396 - root - INFO - Person matching: HISTORY | Score: 0.980 | Person ID: 1 | Status: RE_IDENTIFIED
2025-07-09 01:24:24,108 - root - INFO - Person matching: HISTORY | Score: 0.982 | Person ID: 1 | Status: RE_IDENTIFIED
2025-07-09 01:24:24,836 - root - INFO - Person matching: HISTORY | Score: 0.983 | Person ID: 1 | Status: RE_IDENTIFIED
2025-07-09 01:24:24,843 - root - INFO - Person matching: HISTORY | Score: 0.992 | Person ID: 2 | Status: RE_IDENTIFIED
2025-07-09 01:24:25,485 - root - INFO - Person matching: HISTORY | Score: 0.982 | Person ID: 1 | Status: RE_IDENTIFIED
2025-07-09 01:24:25,514 - root - INFO - Person matching: HISTORY | Score: 0.986 | Person ID: 2 | Status: RE_IDENTIFIED
2025-07-09 01:24:26,205 - root - INFO - Person matching: HISTORY | Score: 0.988 | Person ID: 2 | Status: RE_IDENTIFIED
2025-07-09 01:24:26,211 - root - INFO - Person matching: HISTORY | Score: 0.983 | Person ID: 1 | Status: RE_IDENTIFIED
2025-07-09 01:24:26,958 - root - INFO - Person matching: HISTORY | Score: 0.979 | Person ID: 2 | Status: RE_IDENTIFIED
2025-07-09 01:24:27,019 - root - INFO - Person matching: HISTORY | Score: 0.983 | Person ID: 1 | Status: RE_IDENTIFIED
2025-07-09 01:24:27,794 - root - INFO - Person matching: HISTORY | Score: 0.976 | Person ID: 2 | Status: RE_IDENTIFIED
2025-07-09 01:24:27,799 - root - INFO - Person matching: HISTORY | Score: 0.984 | Person ID: 1 | Status: RE_IDENTIFIED
2025-07-09 01:24:28,509 - root - INFO - Person matching: HISTORY | Score: 0.974 | Person ID: 2 | Status: RE_IDENTIFIED
2025-07-09 01:24:28,557 - root - INFO - Person matching: HISTORY | Score: 0.984 | Person ID: 1 | Status: RE_IDENTIFIED
2025-07-09 01:24:29,426 - root - INFO - Person matching: HISTORY | Score: 0.976 | Person ID: 2 | Status: RE_IDENTIFIED
2025-07-09 01:24:29,465 - root - INFO - Person matching: HISTORY | Score: 0.984 | Person ID: 1 | Status: RE_IDENTIFIED
2025-07-09 01:24:30,322 - root - INFO - Person matching: HISTORY | Score: 0.978 | Person ID: 2 | Status: RE_IDENTIFIED
2025-07-09 01:24:30,389 - root - INFO - Person matching: HISTORY | Score: 0.985 | Person ID: 1 | Status: RE_IDENTIFIED
2025-07-09 01:24:31,570 - root - INFO - Person matching: HISTORY | Score: 0.980 | Person ID: 2 | Status: RE_IDENTIFIED
2025-07-09 01:24:31,588 - root - INFO - Person matching: HISTORY | Score: 0.984 | Person ID: 1 | Status: RE_IDENTIFIED
2025-07-09 01:24:32,569 - root - INFO - Person matching: HISTORY | Score: 0.984 | Person ID: 2 | Status: RE_IDENTIFIED
2025-07-09 01:24:32,625 - root - INFO - Person matching: HISTORY | Score: 0.985 | Person ID: 1 | Status: RE_IDENTIFIED
2025-07-09 01:24:34,019 - root - INFO - Person matching: HISTORY | Score: 0.982 | Person ID: 2 | Status: RE_IDENTIFIED
2025-07-09 01:24:34,191 - root - INFO - Person matching: HISTORY | Score: 0.985 | Person ID: 1 | Status: RE_IDENTIFIED
2025-07-09 01:24:35,146 - root - INFO - Person matching: HISTORY | Score: 0.981 | Person ID: 2 | Status: RE_IDENTIFIED
2025-07-09 01:24:35,190 - root - INFO - Person matching: HISTORY | Score: 0.985 | Person ID: 1 | Status: RE_IDENTIFIED
2025-07-09 01:24:36,008 - root - INFO - Person matching: HISTORY | Score: 0.984 | Person ID: 2 | Status: RE_IDENTIFIED
2025-07-09 01:24:36,023 - root - INFO - Person matching: HISTORY | Score: 0.986 | Person ID: 1 | Status: RE_IDENTIFIED
2025-07-09 01:24:36,816 - root - INFO - Person matching: HISTORY | Score: 0.982 | Person ID: 2 | Status: RE_IDENTIFIED
2025-07-09 01:24:36,870 - root - INFO - Person matching: HISTORY | Score: 0.986 | Person ID: 1 | Status: RE_IDENTIFIED
2025-07-09 01:24:37,722 - root - INFO - Person matching: HISTORY | Score: 0.985 | Person ID: 2 | Status: RE_IDENTIFIED
2025-07-09 01:24:37,751 - root - INFO - Person matching: HISTORY | Score: 0.965 | Person ID: 1 | Status: RE_IDENTIFIED
2025-07-09 01:24:38,569 - root - INFO - Person matching: HISTORY | Score: 0.984 | Person ID: 2 | Status: RE_IDENTIFIED
2025-07-09 01:24:38,581 - root - INFO - Person matching: HISTORY | Score: 0.963 | Person ID: 1 | Status: RE_IDENTIFIED
2025-07-09 01:24:39,391 - root - INFO - Person matching: HISTORY | Score: 0.955 | Person ID: 1 | Status: RE_IDENTIFIED
2025-07-09 01:24:39,466 - root - INFO - Person matching: HISTORY | Score: 0.983 | Person ID: 2 | Status: RE_IDENTIFIED
2025-07-09 01:24:40,273 - root - INFO - Person matching: HISTORY | Score: 0.948 | Person ID: 1 | Status: RE_IDENTIFIED
2025-07-09 01:24:40,292 - root - INFO - Person matching: HISTORY | Score: 0.981 | Person ID: 2 | Status: RE_IDENTIFIED
2025-07-09 01:24:41,025 - root - INFO - Person matching: HISTORY | Score: 0.952 | Person ID: 1 | Status: RE_IDENTIFIED
2025-07-09 01:24:41,030 - root - INFO - Person matching: HISTORY | Score: 0.974 | Person ID: 2 | Status: RE_IDENTIFIED
2025-07-09 01:24:41,793 - root - INFO - Person matching: HISTORY | Score: 0.978 | Person ID: 2 | Status: RE_IDENTIFIED
2025-07-09 01:24:41,806 - root - INFO - Person matching: HISTORY | Score: 0.947 | Person ID: 1 | Status: RE_IDENTIFIED
2025-07-09 01:24:42,569 - root - INFO - Person matching: HISTORY | Score: 0.975 | Person ID: 2 | Status: RE_IDENTIFIED
2025-07-09 01:24:42,576 - root - INFO - Person matching: HISTORY | Score: 0.944 | Person ID: 1 | Status: RE_IDENTIFIED
2025-07-09 01:24:43,389 - root - INFO - Person matching: HISTORY | Score: 0.978 | Person ID: 2 | Status: RE_IDENTIFIED
2025-07-09 01:24:43,408 - root - INFO - Person matching: HISTORY | Score: 0.945 | Person ID: 1 | Status: RE_IDENTIFIED
2025-07-09 01:24:44,264 - root - INFO - Person matching: HISTORY | Score: 0.982 | Person ID: 2 | Status: RE_IDENTIFIED
2025-07-09 01:24:44,268 - root - INFO - Person matching: HISTORY | Score: 0.950 | Person ID: 1 | Status: RE_IDENTIFIED
2025-07-09 01:24:45,097 - root - INFO - Person matching: HISTORY | Score: 0.982 | Person ID: 2 | Status: RE_IDENTIFIED
2025-07-09 01:24:45,144 - root - INFO - Person matching: HISTORY | Score: 0.944 | Person ID: 1 | Status: RE_IDENTIFIED
2025-07-09 01:24:45,986 - root - INFO - Person matching: HISTORY | Score: 0.970 | Person ID: 2 | Status: RE_IDENTIFIED
2025-07-09 01:24:46,005 - root - INFO - Person matching: HISTORY | Score: 0.950 | Person ID: 1 | Status: RE_IDENTIFIED
2025-07-09 01:24:46,822 - root - INFO - Person matching: HISTORY | Score: 0.969 | Person ID: 2 | Status: RE_IDENTIFIED
2025-07-09 01:24:46,832 - root - INFO - Person matching: HISTORY | Score: 0.945 | Person ID: 1 | Status: RE_IDENTIFIED
2025-07-09 01:24:47,532 - root - INFO - Person matching: HISTORY | Score: 0.967 | Person ID: 2 | Status: RE_IDENTIFIED
2025-07-09 01:24:47,546 - root - INFO - Person matching: HISTORY | Score: 0.944 | Person ID: 1 | Status: RE_IDENTIFIED
2025-07-09 01:24:48,293 - root - INFO - Person matching: HISTORY | Score: 0.972 | Person ID: 2 | Status: RE_IDENTIFIED
2025-07-09 01:24:48,308 - root - INFO - Person matching: HISTORY | Score: 0.943 | Person ID: 1 | Status: RE_IDENTIFIED
2025-07-09 01:24:49,124 - root - INFO - Person matching: HISTORY | Score: 0.944 | Person ID: 1 | Status: RE_IDENTIFIED
2025-07-09 01:24:49,129 - root - INFO - Person matching: HISTORY | Score: 0.961 | Person ID: 2 | Status: RE_IDENTIFIED
2025-07-09 01:24:49,975 - root - INFO - Person matching: HISTORY | Score: 0.944 | Person ID: 1 | Status: RE_IDENTIFIED
2025-07-09 01:24:49,979 - root - INFO - Person matching: HISTORY | Score: 0.956 | Person ID: 2 | Status: RE_IDENTIFIED
2025-07-09 01:24:50,662 - root - INFO - Person matching: HISTORY | Score: 0.944 | Person ID: 1 | Status: RE_IDENTIFIED
2025-07-09 01:24:50,675 - root - INFO - Person matching: HISTORY | Score: 0.953 | Person ID: 2 | Status: RE_IDENTIFIED
2025-07-09 01:24:51,340 - root - INFO - Person matching: HISTORY | Score: 0.943 | Person ID: 1 | Status: RE_IDENTIFIED
2025-07-09 01:24:51,360 - root - INFO - Person matching: HISTORY | Score: 0.951 | Person ID: 2 | Status: RE_IDENTIFIED
2025-07-09 01:24:52,112 - root - INFO - Person matching: HISTORY | Score: 0.946 | Person ID: 1 | Status: RE_IDENTIFIED
2025-07-09 01:24:52,119 - root - INFO - Person matching: HISTORY | Score: 0.945 | Person ID: 2 | Status: RE_IDENTIFIED
2025-07-09 01:24:52,921 - root - INFO - Person matching: HISTORY | Score: 0.945 | Person ID: 1 | Status: RE_IDENTIFIED
2025-07-09 01:24:52,928 - root - INFO - Person matching: HISTORY | Score: 0.948 | Person ID: 2 | Status: RE_IDENTIFIED
2025-07-09 01:24:53,700 - root - INFO - Person matching: HISTORY | Score: 0.947 | Person ID: 1 | Status: RE_IDENTIFIED
2025-07-09 01:24:53,715 - root - INFO - Person matching: HISTORY | Score: 0.946 | Person ID: 2 | Status: RE_IDENTIFIED
2025-07-09 01:24:54,529 - root - INFO - Person matching: HISTORY | Score: 0.947 | Person ID: 1 | Status: RE_IDENTIFIED
2025-07-09 01:24:54,586 - root - INFO - Person matching: HISTORY | Score: 0.948 | Person ID: 2 | Status: RE_IDENTIFIED
2025-07-09 01:24:55,829 - root - INFO - Person matching: HISTORY | Score: 0.950 | Person ID: 1 | Status: RE_IDENTIFIED
2025-07-09 01:24:55,833 - root - INFO - Person matching: HISTORY | Score: 0.942 | Person ID: 2 | Status: RE_IDENTIFIED
2025-07-09 01:24:56,936 - root - INFO - Person matching: HISTORY | Score: 0.951 | Person ID: 1 | Status: RE_IDENTIFIED
2025-07-09 01:24:56,947 - root - INFO - Person matching: HISTORY | Score: 0.936 | Person ID: 2 | Status: RE_IDENTIFIED
2025-07-09 01:24:57,864 - root - INFO - Person matching: HISTORY | Score: 0.931 | Person ID: 0 | Status: RE_IDENTIFIED
2025-07-09 01:24:57,920 - root - INFO - Person matching: HISTORY | Score: 0.954 | Person ID: 1 | Status: RE_IDENTIFIED
2025-07-09 01:24:58,765 - root - INFO - Person matching: HISTORY | Score: 0.932 | Person ID: 0 | Status: RE_IDENTIFIED
2025-07-09 01:24:58,769 - root - INFO - Person matching: HISTORY | Score: 0.957 | Person ID: 1 | Status: RE_IDENTIFIED
2025-07-09 01:24:59,536 - root - INFO - Person matching: HISTORY | Score: 0.934 | Person ID: 0 | Status: RE_IDENTIFIED
2025-07-09 01:24:59,575 - root - INFO - Person matching: HISTORY | Score: 0.958 | Person ID: 1 | Status: RE_IDENTIFIED
2025-07-09 01:25:00,295 - root - INFO - Person matching: HISTORY | Score: 0.933 | Person ID: 0 | Status: RE_IDENTIFIED
2025-07-09 01:25:01,169 - root - INFO - Person matching: HISTORY | Score: 0.929 | Person ID: 0 | Status: RE_IDENTIFIED
2025-07-09 01:25:01,205 - root - INFO - Person matching: HISTORY | Score: 0.958 | Person ID: 1 | Status: RE_IDENTIFIED
2025-07-09 01:25:01,983 - root - INFO - Person matching: HISTORY | Score: 0.933 | Person ID: 0 | Status: RE_IDENTIFIED
2025-07-09 01:25:01,994 - root - INFO - Person matching: HISTORY | Score: 0.958 | Person ID: 1 | Status: RE_IDENTIFIED
2025-07-09 01:25:02,661 - root - INFO - Person matching: HISTORY | Score: 0.942 | Person ID: 0 | Status: RE_IDENTIFIED
2025-07-09 01:25:02,665 - root - INFO - Person matching: HISTORY | Score: 0.957 | Person ID: 1 | Status: RE_IDENTIFIED
2025-07-09 01:25:03,378 - root - INFO - Person matching: HISTORY | Score: 0.946 | Person ID: 0 | Status: RE_IDENTIFIED
2025-07-09 01:25:03,443 - root - INFO - Person matching: HISTORY | Score: 0.957 | Person ID: 1 | Status: RE_IDENTIFIED
2025-07-09 01:25:04,274 - root - INFO - Person matching: HISTORY | Score: 0.951 | Person ID: 0 | Status: RE_IDENTIFIED
2025-07-09 01:25:04,292 - root - INFO - Person matching: HISTORY | Score: 0.957 | Person ID: 1 | Status: RE_IDENTIFIED
2025-07-09 01:25:05,151 - root - INFO - Person matching: HISTORY | Score: 0.957 | Person ID: 1 | Status: RE_IDENTIFIED
2025-07-09 01:25:05,176 - root - INFO - Person matching: HISTORY | Score: 0.952 | Person ID: 0 | Status: RE_IDENTIFIED
2025-07-09 01:25:05,956 - root - INFO - Person matching: HISTORY | Score: 0.957 | Person ID: 1 | Status: RE_IDENTIFIED
2025-07-09 01:25:06,011 - root - INFO - Person matching: HISTORY | Score: 0.956 | Person ID: 0 | Status: RE_IDENTIFIED
2025-07-09 01:25:06,678 - root - INFO - Person matching: HISTORY | Score: 0.957 | Person ID: 1 | Status: RE_IDENTIFIED
2025-07-09 01:25:06,752 - root - INFO - Person matching: HISTORY | Score: 0.957 | Person ID: 0 | Status: RE_IDENTIFIED
2025-07-09 01:25:07,454 - root - INFO - Person matching: HISTORY | Score: 0.959 | Person ID: 0 | Status: RE_IDENTIFIED
2025-07-09 01:25:07,511 - root - INFO - Person matching: HISTORY | Score: 0.957 | Person ID: 1 | Status: RE_IDENTIFIED
2025-07-09 01:25:09,934 - root - INFO - Person matching: HISTORY | Score: 0.962 | Person ID: 0 | Status: RE_IDENTIFIED
2025-07-09 01:25:09,949 - root - INFO - Person matching: HISTORY | Score: 0.958 | Person ID: 1 | Status: RE_IDENTIFIED
2025-07-09 01:25:11,040 - root - INFO - Person matching: HISTORY | Score: 0.960 | Person ID: 0 | Status: RE_IDENTIFIED
2025-07-09 01:25:11,050 - root - INFO - Person matching: HISTORY | Score: 0.958 | Person ID: 1 | Status: RE_IDENTIFIED
2025-07-09 01:25:11,904 - root - INFO - Person matching: HISTORY | Score: 0.959 | Person ID: 0 | Status: RE_IDENTIFIED
2025-07-09 01:25:11,910 - root - INFO - Person matching: HISTORY | Score: 0.959 | Person ID: 1 | Status: RE_IDENTIFIED
2025-07-09 01:25:13,027 - root - INFO - Person matching: HISTORY | Score: 0.959 | Person ID: 0 | Status: RE_IDENTIFIED
2025-07-09 01:25:13,097 - root - INFO - Person matching: HISTORY | Score: 0.961 | Person ID: 1 | Status: RE_IDENTIFIED
2025-07-09 01:25:13,919 - root - INFO - Person matching: HISTORY | Score: 0.956 | Person ID: 0 | Status: RE_IDENTIFIED
2025-07-09 01:25:14,006 - root - INFO - Person matching: HISTORY | Score: 0.963 | Person ID: 1 | Status: RE_IDENTIFIED
2025-07-09 01:25:15,069 - root - INFO - Person matching: HISTORY | Score: 0.957 | Person ID: 0 | Status: RE_IDENTIFIED
2025-07-09 01:25:15,092 - root - INFO - Person matching: HISTORY | Score: 0.963 | Person ID: 1 | Status: RE_IDENTIFIED
2025-07-09 01:25:16,073 - root - INFO - Person matching: HISTORY | Score: 0.960 | Person ID: 0 | Status: RE_IDENTIFIED
2025-07-09 01:25:16,100 - root - INFO - Person matching: HISTORY | Score: 0.965 | Person ID: 1 | Status: RE_IDENTIFIED
2025-07-09 01:25:16,876 - root - INFO - Person matching: HISTORY | Score: 0.957 | Person ID: 0 | Status: RE_IDENTIFIED
2025-07-09 01:25:16,921 - root - INFO - Person matching: HISTORY | Score: 0.968 | Person ID: 1 | Status: RE_IDENTIFIED
2025-07-09 01:25:17,612 - root - INFO - Person matching: HISTORY | Score: 0.961 | Person ID: 0 | Status: RE_IDENTIFIED
2025-07-09 01:25:17,623 - root - INFO - Person matching: HISTORY | Score: 0.968 | Person ID: 1 | Status: RE_IDENTIFIED
2025-07-09 01:25:18,355 - root - INFO - Person matching: HISTORY | Score: 0.959 | Person ID: 0 | Status: RE_IDENTIFIED
2025-07-09 01:25:18,359 - root - INFO - Person matching: HISTORY | Score: 0.968 | Person ID: 1 | Status: RE_IDENTIFIED
2025-07-09 01:25:19,132 - root - INFO - Person matching: HISTORY | Score: 0.958 | Person ID: 0 | Status: RE_IDENTIFIED
2025-07-09 01:25:19,176 - root - INFO - Person matching: HISTORY | Score: 0.966 | Person ID: 1 | Status: RE_IDENTIFIED
2025-07-09 01:25:19,946 - root - INFO - Person matching: HISTORY | Score: 0.958 | Person ID: 0 | Status: RE_IDENTIFIED
2025-07-09 01:25:19,952 - root - INFO - Person matching: HISTORY | Score: 0.965 | Person ID: 1 | Status: RE_IDENTIFIED
2025-07-09 01:25:20,692 - root - INFO - Person matching: HISTORY | Score: 0.956 | Person ID: 0 | Status: RE_IDENTIFIED
2025-07-09 01:25:20,697 - root - INFO - Person matching: HISTORY | Score: 0.965 | Person ID: 1 | Status: RE_IDENTIFIED
2025-07-09 01:25:22,609 - root - INFO - Person matching: HISTORY | Score: 0.957 | Person ID: 0 | Status: RE_IDENTIFIED
2025-07-09 01:25:22,624 - root - INFO - Person matching: HISTORY | Score: 0.964 | Person ID: 1 | Status: RE_IDENTIFIED
2025-07-09 01:25:24,736 - root - INFO - Person matching: HISTORY | Score: 0.960 | Person ID: 0 | Status: RE_IDENTIFIED
2025-07-09 01:25:24,746 - root - INFO - Person matching: HISTORY | Score: 0.964 | Person ID: 1 | Status: RE_IDENTIFIED
2025-07-09 01:25:26,285 - root - INFO - Person matching: HISTORY | Score: 0.958 | Person ID: 0 | Status: RE_IDENTIFIED
2025-07-09 01:25:26,289 - root - INFO - Person matching: HISTORY | Score: 0.964 | Person ID: 1 | Status: RE_IDENTIFIED
2025-07-09 01:25:27,229 - root - INFO - Person matching: HISTORY | Score: 0.956 | Person ID: 0 | Status: RE_IDENTIFIED
2025-07-09 01:25:27,251 - root - INFO - Person matching: HISTORY | Score: 0.964 | Person ID: 1 | Status: RE_IDENTIFIED
2025-07-09 01:25:28,572 - root - INFO - Person matching: HISTORY | Score: 0.958 | Person ID: 0 | Status: RE_IDENTIFIED
2025-07-09 01:25:28,596 - root - INFO - Person matching: HISTORY | Score: 0.965 | Person ID: 1 | Status: RE_IDENTIFIED
2025-07-09 01:25:30,354 - root - INFO - Person matching: HISTORY | Score: 0.954 | Person ID: 0 | Status: RE_IDENTIFIED
2025-07-09 01:25:30,359 - root - INFO - Person matching: HISTORY | Score: 0.965 | Person ID: 1 | Status: RE_IDENTIFIED
2025-07-09 01:25:32,639 - root - INFO - Person matching: HISTORY | Score: 0.952 | Person ID: 0 | Status: RE_IDENTIFIED
2025-07-09 01:25:32,676 - root - INFO - Person matching: HISTORY | Score: 0.965 | Person ID: 1 | Status: RE_IDENTIFIED
2025-07-09 01:25:34,845 - root - INFO - Person matching: HISTORY | Score: 0.951 | Person ID: 0 | Status: RE_IDENTIFIED
2025-07-09 01:25:34,849 - root - INFO - Person matching: HISTORY | Score: 0.965 | Person ID: 1 | Status: RE_IDENTIFIED
2025-07-09 01:25:36,001 - root - INFO - Person matching: HISTORY | Score: 0.950 | Person ID: 0 | Status: RE_IDENTIFIED
2025-07-09 01:25:36,008 - root - INFO - Person matching: HISTORY | Score: 0.966 | Person ID: 1 | Status: RE_IDENTIFIED
2025-07-09 01:25:37,083 - root - INFO - Person matching: HISTORY | Score: 0.950 | Person ID: 0 | Status: RE_IDENTIFIED
2025-07-09 01:25:37,086 - root - INFO - Person matching: HISTORY | Score: 0.967 | Person ID: 1 | Status: RE_IDENTIFIED
2025-07-09 01:25:38,169 - root - INFO - Person matching: HISTORY | Score: 0.951 | Person ID: 0 | Status: RE_IDENTIFIED
2025-07-09 01:25:38,175 - root - INFO - Person matching: HISTORY | Score: 0.966 | Person ID: 1 | Status: RE_IDENTIFIED
2025-07-09 01:25:39,529 - root - INFO - Person matching: HISTORY | Score: 0.969 | Person ID: 1 | Status: RE_IDENTIFIED
2025-07-09 01:25:39,536 - root - INFO - Person matching: HISTORY | Score: 0.953 | Person ID: 0 | Status: RE_IDENTIFIED
2025-07-09 01:25:40,671 - root - INFO - Person matching: HISTORY | Score: 0.951 | Person ID: 0 | Status: RE_IDENTIFIED
2025-07-09 01:25:40,678 - root - INFO - Person matching: HISTORY | Score: 0.971 | Person ID: 1 | Status: RE_IDENTIFIED
2025-07-09 01:25:41,779 - root - INFO - Person matching: HISTORY | Score: 0.952 | Person ID: 0 | Status: RE_IDENTIFIED
2025-07-09 01:25:41,785 - root - INFO - Person matching: HISTORY | Score: 0.973 | Person ID: 1 | Status: RE_IDENTIFIED
2025-07-09 01:25:42,987 - root - INFO - Person matching: HISTORY | Score: 0.949 | Person ID: 0 | Status: RE_IDENTIFIED
2025-07-09 01:25:43,007 - root - INFO - Person matching: HISTORY | Score: 0.972 | Person ID: 1 | Status: RE_IDENTIFIED
2025-07-09 01:25:45,016 - root - INFO - Person matching: HISTORY | Score: 0.946 | Person ID: 0 | Status: RE_IDENTIFIED
2025-07-09 01:25:45,031 - root - INFO - Person matching: HISTORY | Score: 0.971 | Person ID: 1 | Status: RE_IDENTIFIED
2025-07-09 01:25:46,465 - root - INFO - Person matching: HISTORY | Score: 0.943 | Person ID: 0 | Status: RE_IDENTIFIED
2025-07-09 01:25:46,487 - root - INFO - Person matching: HISTORY | Score: 0.969 | Person ID: 1 | Status: RE_IDENTIFIED
2025-07-09 01:25:47,987 - root - INFO - Person matching: HISTORY | Score: 0.942 | Person ID: 0 | Status: RE_IDENTIFIED
2025-07-09 01:25:47,999 - root - INFO - Person matching: HISTORY | Score: 0.968 | Person ID: 1 | Status: RE_IDENTIFIED
2025-07-09 01:25:49,371 - root - INFO - Person matching: HISTORY | Score: 0.939 | Person ID: 0 | Status: RE_IDENTIFIED
2025-07-09 01:25:49,375 - root - INFO - Person matching: HISTORY | Score: 0.968 | Person ID: 1 | Status: RE_IDENTIFIED
2025-07-09 01:25:50,849 - root - INFO - Person matching: HISTORY | Score: 0.930 | Person ID: 0 | Status: RE_IDENTIFIED
2025-07-09 01:25:50,874 - root - INFO - Person matching: HISTORY | Score: 0.967 | Person ID: 1 | Status: RE_IDENTIFIED
2025-07-09 01:25:52,704 - root - INFO - Person matching: HISTORY | Score: 0.916 | Person ID: 0 | Status: RE_IDENTIFIED
2025-07-09 01:25:52,740 - root - INFO - Person matching: HISTORY | Score: 0.967 | Person ID: 1 | Status: RE_IDENTIFIED
2025-07-09 01:25:54,151 - root - INFO - Person matching: HISTORY | Score: 0.918 | Person ID: 0 | Status: RE_IDENTIFIED
2025-07-09 01:25:54,155 - root - INFO - Person matching: HISTORY | Score: 0.967 | Person ID: 1 | Status: RE_IDENTIFIED
2025-07-09 01:25:55,409 - root - INFO - Person matching: HISTORY | Score: 0.965 | Person ID: 1 | Status: RE_IDENTIFIED
2025-07-09 01:25:55,414 - root - INFO - Person matching: HISTORY | Score: 0.887 | Person ID: 0 | Status: RE_IDENTIFIED
2025-07-09 01:25:56,279 - root - INFO - Person matching: HISTORY | Score: 0.966 | Person ID: 1 | Status: RE_IDENTIFIED
2025-07-09 01:25:56,283 - root - INFO - Person matching: HISTORY | Score: 0.883 | Person ID: 0 | Status: RE_IDENTIFIED
2025-07-09 01:25:56,972 - root - INFO - Person matching: HISTORY | Score: 0.967 | Person ID: 1 | Status: RE_IDENTIFIED
2025-07-09 01:25:56,975 - root - INFO - Person matching: HISTORY | Score: 0.867 | Person ID: 0 | Status: RE_IDENTIFIED
2025-07-09 01:25:57,014 - root - INFO - Saved person history to data\persistent\person_history.pkl
2025-07-09 01:25:57,015 - root - INFO - Ended tracking session at 1752042356.9962163
