2025-07-09 00:31:19,256 - root - INFO - PersonDetector initialized with device: cuda
2025-07-09 00:31:23,130 - root - INFO - EmbeddingExtractor initialized with resnet50
2025-07-09 00:31:23,131 - root - INFO - ReIDMatcher initialized with threshold: 0.7
2025-07-09 00:31:23,153 - root - INFO - Loaded person history: 7 persons
2025-07-09 00:31:23,158 - root - INFO - PersistentTracker initialized
2025-07-09 00:31:27,121 - root - INFO - Started new tracking session at 0.0
2025-07-09 00:31:27,125 - root - INFO - Person matching: HISTORY | Score: 0.943 | Person ID: 5 | Status: RE_IDENTIFIED
2025-07-09 00:31:27,557 - root - INFO - Person matching: HISTORY | Score: 0.944 | Person ID: 5 | Status: RE_IDENTIFIED
2025-07-09 00:31:27,969 - root - INFO - Person matching: HISTORY | Score: 0.944 | Person ID: 5 | Status: RE_IDENTIFIED
2025-07-09 00:31:28,447 - root - INFO - Person matching: HISTORY | Score: 0.945 | Person ID: 5 | Status: RE_IDENTIFIED
2025-07-09 00:31:28,770 - root - INFO - Person matching: HISTORY | Score: 0.947 | Person ID: 5 | Status: RE_IDENTIFIED
2025-07-09 00:31:29,165 - root - INFO - Person matching: HISTORY | Score: 0.947 | Person ID: 5 | Status: RE_IDENTIFIED
2025-07-09 00:31:29,582 - root - INFO - Person matching: HISTORY | Score: 0.946 | Person ID: 5 | Status: RE_IDENTIFIED
2025-07-09 00:31:29,994 - root - INFO - Person matching: HISTORY | Score: 0.947 | Person ID: 5 | Status: RE_IDENTIFIED
2025-07-09 00:31:30,352 - root - INFO - Person matching: HISTORY | Score: 0.948 | Person ID: 5 | Status: RE_IDENTIFIED
2025-07-09 00:31:30,682 - root - INFO - Person matching: HISTORY | Score: 0.950 | Person ID: 5 | Status: RE_IDENTIFIED
2025-07-09 00:31:31,022 - root - INFO - Person matching: HISTORY | Score: 0.951 | Person ID: 5 | Status: RE_IDENTIFIED
2025-07-09 00:31:31,352 - root - INFO - Person matching: HISTORY | Score: 0.951 | Person ID: 5 | Status: RE_IDENTIFIED
2025-07-09 00:31:31,606 - root - INFO - Person matching: HISTORY | Score: 0.953 | Person ID: 5 | Status: RE_IDENTIFIED
2025-07-09 00:31:31,969 - root - INFO - Person matching: HISTORY | Score: 0.955 | Person ID: 5 | Status: RE_IDENTIFIED
2025-07-09 00:31:32,251 - root - INFO - Person matching: HISTORY | Score: 0.956 | Person ID: 5 | Status: RE_IDENTIFIED
2025-07-09 00:31:32,721 - root - INFO - Person matching: HISTORY | Score: 0.956 | Person ID: 5 | Status: RE_IDENTIFIED
2025-07-09 00:31:33,210 - root - INFO - Person matching: HISTORY | Score: 0.955 | Person ID: 5 | Status: RE_IDENTIFIED
2025-07-09 00:31:33,678 - root - INFO - Person matching: HISTORY | Score: 0.958 | Person ID: 5 | Status: RE_IDENTIFIED
2025-07-09 00:31:34,221 - root - INFO - Person matching: HISTORY | Score: 0.959 | Person ID: 5 | Status: RE_IDENTIFIED
2025-07-09 00:31:34,645 - root - INFO - Person matching: HISTORY | Score: 0.958 | Person ID: 5 | Status: RE_IDENTIFIED
2025-07-09 00:31:34,968 - root - INFO - Person matching: HISTORY | Score: 0.958 | Person ID: 5 | Status: RE_IDENTIFIED
2025-07-09 00:31:35,492 - root - INFO - Person matching: HISTORY | Score: 0.959 | Person ID: 5 | Status: RE_IDENTIFIED
2025-07-09 00:31:35,889 - root - INFO - Person matching: HISTORY | Score: 0.958 | Person ID: 5 | Status: RE_IDENTIFIED
2025-07-09 00:31:36,299 - root - INFO - Person matching: HISTORY | Score: 0.958 | Person ID: 5 | Status: RE_IDENTIFIED
2025-07-09 00:31:36,776 - root - INFO - Person matching: HISTORY | Score: 0.959 | Person ID: 5 | Status: RE_IDENTIFIED
2025-07-09 00:31:37,477 - root - INFO - Person matching: HISTORY | Score: 0.960 | Person ID: 5 | Status: RE_IDENTIFIED
2025-07-09 00:31:38,126 - root - INFO - Person matching: HISTORY | Score: 0.960 | Person ID: 5 | Status: RE_IDENTIFIED
2025-07-09 00:31:39,079 - root - INFO - Person matching: HISTORY | Score: 0.960 | Person ID: 5 | Status: RE_IDENTIFIED
2025-07-09 00:31:39,732 - root - INFO - Person matching: HISTORY | Score: 0.962 | Person ID: 5 | Status: RE_IDENTIFIED
2025-07-09 00:31:40,732 - root - INFO - Person matching: HISTORY | Score: 0.962 | Person ID: 5 | Status: RE_IDENTIFIED
2025-07-09 00:31:41,244 - root - INFO - Person matching: HISTORY | Score: 0.963 | Person ID: 5 | Status: RE_IDENTIFIED
2025-07-09 00:31:41,768 - root - INFO - Person matching: HISTORY | Score: 0.961 | Person ID: 5 | Status: RE_IDENTIFIED
2025-07-09 00:31:42,344 - root - INFO - Person matching: HISTORY | Score: 0.960 | Person ID: 5 | Status: RE_IDENTIFIED
2025-07-09 00:31:42,904 - root - INFO - Person matching: HISTORY | Score: 0.960 | Person ID: 5 | Status: RE_IDENTIFIED
2025-07-09 00:31:43,692 - root - INFO - Person matching: HISTORY | Score: 0.958 | Person ID: 5 | Status: RE_IDENTIFIED
2025-07-09 00:31:44,400 - root - INFO - Person matching: HISTORY | Score: 0.957 | Person ID: 5 | Status: RE_IDENTIFIED
2025-07-09 00:31:45,414 - root - INFO - Person matching: HISTORY | Score: 0.956 | Person ID: 5 | Status: RE_IDENTIFIED
2025-07-09 00:31:45,984 - root - INFO - Person matching: HISTORY | Score: 0.953 | Person ID: 5 | Status: RE_IDENTIFIED
2025-07-09 00:31:47,027 - root - INFO - Person matching: HISTORY | Score: 0.949 | Person ID: 5 | Status: RE_IDENTIFIED
2025-07-09 00:31:48,295 - root - INFO - Person matching: HISTORY | Score: 0.949 | Person ID: 5 | Status: RE_IDENTIFIED
2025-07-09 00:31:49,486 - root - INFO - Person matching: HISTORY | Score: 0.948 | Person ID: 5 | Status: RE_IDENTIFIED
2025-07-09 00:31:50,461 - root - INFO - Person matching: HISTORY | Score: 0.947 | Person ID: 5 | Status: RE_IDENTIFIED
2025-07-09 00:31:51,918 - root - INFO - Person matching: HISTORY | Score: 0.947 | Person ID: 5 | Status: RE_IDENTIFIED
2025-07-09 00:31:53,262 - root - INFO - Person matching: HISTORY | Score: 0.945 | Person ID: 5 | Status: RE_IDENTIFIED
2025-07-09 00:31:54,604 - root - INFO - Person matching: HISTORY | Score: 0.945 | Person ID: 5 | Status: RE_IDENTIFIED
2025-07-09 00:31:55,658 - root - INFO - Person matching: HISTORY | Score: 0.944 | Person ID: 5 | Status: RE_IDENTIFIED
2025-07-09 00:31:56,676 - root - INFO - Person matching: HISTORY | Score: 0.940 | Person ID: 5 | Status: RE_IDENTIFIED
2025-07-09 00:31:57,473 - root - INFO - Person matching: HISTORY | Score: 0.939 | Person ID: 5 | Status: RE_IDENTIFIED
2025-07-09 00:31:58,754 - root - INFO - Person matching: HISTORY | Score: 0.938 | Person ID: 1 | Status: RE_IDENTIFIED
2025-07-09 00:32:00,264 - root - INFO - Person matching: HISTORY | Score: 0.940 | Person ID: 1 | Status: RE_IDENTIFIED
2025-07-09 00:32:01,439 - root - INFO - Person matching: HISTORY | Score: 0.937 | Person ID: 1 | Status: RE_IDENTIFIED
2025-07-09 00:32:06,063 - root - INFO - Person matching: HISTORY | Score: 0.940 | Person ID: 1 | Status: RE_IDENTIFIED
2025-07-09 00:32:07,329 - root - INFO - Person matching: HISTORY | Score: 0.942 | Person ID: 1 | Status: RE_IDENTIFIED
2025-07-09 00:32:09,847 - root - INFO - Person matching: HISTORY | Score: 0.944 | Person ID: 1 | Status: RE_IDENTIFIED
2025-07-09 00:32:12,616 - root - INFO - Person matching: HISTORY | Score: 0.941 | Person ID: 1 | Status: RE_IDENTIFIED
2025-07-09 00:32:13,534 - root - INFO - Person matching: HISTORY | Score: 0.942 | Person ID: 1 | Status: RE_IDENTIFIED
2025-07-09 00:32:14,343 - root - INFO - Person matching: HISTORY | Score: 0.941 | Person ID: 1 | Status: RE_IDENTIFIED
2025-07-09 00:32:15,720 - root - INFO - Person matching: HISTORY | Score: 0.940 | Person ID: 1 | Status: RE_IDENTIFIED
2025-07-09 00:32:16,825 - root - INFO - Person matching: HISTORY | Score: 0.937 | Person ID: 1 | Status: RE_IDENTIFIED
2025-07-09 00:32:17,749 - root - INFO - Person matching: HISTORY | Score: 0.931 | Person ID: 1 | Status: RE_IDENTIFIED
2025-07-09 00:32:18,500 - root - INFO - Person matching: HISTORY | Score: 0.932 | Person ID: 1 | Status: RE_IDENTIFIED
2025-07-09 00:32:19,024 - root - INFO - Person matching: HISTORY | Score: 0.927 | Person ID: 1 | Status: RE_IDENTIFIED
2025-07-09 00:32:19,548 - root - INFO - Person matching: HISTORY | Score: 0.924 | Person ID: 1 | Status: RE_IDENTIFIED
2025-07-09 00:32:20,006 - root - INFO - Person matching: HISTORY | Score: 0.920 | Person ID: 1 | Status: RE_IDENTIFIED
2025-07-09 00:32:20,358 - root - INFO - Person matching: HISTORY | Score: 0.919 | Person ID: 1 | Status: RE_IDENTIFIED
2025-07-09 00:32:20,779 - root - INFO - Person matching: HISTORY | Score: 0.910 | Person ID: 1 | Status: RE_IDENTIFIED
2025-07-09 00:32:21,081 - root - INFO - Person matching: HISTORY | Score: 0.905 | Person ID: 1 | Status: RE_IDENTIFIED
2025-07-09 00:32:21,524 - root - INFO - Person matching: HISTORY | Score: 0.892 | Person ID: 1 | Status: RE_IDENTIFIED
2025-07-09 00:32:21,867 - root - INFO - Person matching: HISTORY | Score: 0.887 | Person ID: 1 | Status: RE_IDENTIFIED
2025-07-09 00:32:22,177 - root - INFO - Person matching: HISTORY | Score: 0.882 | Person ID: 1 | Status: RE_IDENTIFIED
2025-07-09 00:32:22,537 - root - INFO - Person matching: HISTORY | Score: 0.871 | Person ID: 1 | Status: RE_IDENTIFIED
2025-07-09 00:32:22,948 - root - INFO - Person matching: HISTORY | Score: 0.842 | Person ID: 6 | Status: RE_IDENTIFIED
2025-07-09 00:32:23,327 - root - INFO - Person matching: HISTORY | Score: 0.849 | Person ID: 6 | Status: RE_IDENTIFIED
2025-07-09 00:32:23,847 - root - INFO - Person matching: HISTORY | Score: 0.858 | Person ID: 6 | Status: RE_IDENTIFIED
2025-07-09 00:32:23,859 - root - INFO - Person matching: HISTORY | Score: 0.897 | Person ID: 3 | Status: RE_IDENTIFIED
2025-07-09 00:32:24,360 - root - INFO - Person matching: HISTORY | Score: 0.866 | Person ID: 6 | Status: RE_IDENTIFIED
2025-07-09 00:32:24,364 - root - INFO - Person matching: HISTORY | Score: 0.902 | Person ID: 3 | Status: RE_IDENTIFIED
2025-07-09 00:32:24,971 - root - INFO - Person matching: HISTORY | Score: 0.882 | Person ID: 6 | Status: RE_IDENTIFIED
2025-07-09 00:32:24,976 - root - INFO - Person matching: HISTORY | Score: 0.904 | Person ID: 3 | Status: RE_IDENTIFIED
2025-07-09 00:32:25,564 - root - INFO - Person matching: HISTORY | Score: 0.885 | Person ID: 6 | Status: RE_IDENTIFIED
2025-07-09 00:32:25,568 - root - INFO - Person matching: HISTORY | Score: 0.912 | Person ID: 3 | Status: RE_IDENTIFIED
2025-07-09 00:32:26,139 - root - INFO - Person matching: HISTORY | Score: 0.879 | Person ID: 6 | Status: RE_IDENTIFIED
2025-07-09 00:32:26,226 - root - INFO - Person matching: HISTORY | Score: 0.911 | Person ID: 3 | Status: RE_IDENTIFIED
2025-07-09 00:32:26,732 - root - INFO - Person matching: HISTORY | Score: 0.869 | Person ID: 6 | Status: RE_IDENTIFIED
2025-07-09 00:32:26,745 - root - INFO - Person matching: HISTORY | Score: 0.928 | Person ID: 3 | Status: RE_IDENTIFIED
2025-07-09 00:32:27,142 - root - INFO - Person matching: HISTORY | Score: 0.878 | Person ID: 6 | Status: RE_IDENTIFIED
2025-07-09 00:32:27,147 - root - INFO - Person matching: HISTORY | Score: 0.939 | Person ID: 3 | Status: RE_IDENTIFIED
2025-07-09 00:32:27,537 - root - INFO - Person matching: HISTORY | Score: 0.888 | Person ID: 6 | Status: RE_IDENTIFIED
2025-07-09 00:32:27,547 - root - INFO - Person matching: HISTORY | Score: 0.939 | Person ID: 3 | Status: RE_IDENTIFIED
2025-07-09 00:32:27,996 - root - INFO - Person matching: HISTORY | Score: 0.894 | Person ID: 6 | Status: RE_IDENTIFIED
2025-07-09 00:32:27,999 - root - INFO - Person matching: HISTORY | Score: 0.942 | Person ID: 3 | Status: RE_IDENTIFIED
2025-07-09 00:32:28,427 - root - INFO - Person matching: HISTORY | Score: 0.882 | Person ID: 6 | Status: RE_IDENTIFIED
2025-07-09 00:32:28,432 - root - INFO - Person matching: HISTORY | Score: 0.942 | Person ID: 3 | Status: RE_IDENTIFIED
2025-07-09 00:32:28,908 - root - INFO - Person matching: HISTORY | Score: 0.879 | Person ID: 6 | Status: RE_IDENTIFIED
2025-07-09 00:32:28,910 - root - INFO - Person matching: HISTORY | Score: 0.943 | Person ID: 3 | Status: RE_IDENTIFIED
2025-07-09 00:32:29,378 - root - INFO - Person matching: HISTORY | Score: 0.862 | Person ID: 6 | Status: RE_IDENTIFIED
2025-07-09 00:32:29,382 - root - INFO - Person matching: HISTORY | Score: 0.947 | Person ID: 3 | Status: RE_IDENTIFIED
2025-07-09 00:32:29,788 - root - INFO - Person matching: HISTORY | Score: 0.948 | Person ID: 3 | Status: RE_IDENTIFIED
2025-07-09 00:32:29,795 - root - INFO - Person matching: HISTORY | Score: 0.847 | Person ID: 6 | Status: RE_IDENTIFIED
2025-07-09 00:32:30,121 - root - INFO - Person matching: HISTORY | Score: 0.944 | Person ID: 3 | Status: RE_IDENTIFIED
2025-07-09 00:32:30,125 - root - INFO - Person matching: HISTORY | Score: 0.849 | Person ID: 6 | Status: RE_IDENTIFIED
2025-07-09 00:32:30,592 - root - INFO - Person matching: HISTORY | Score: 0.948 | Person ID: 3 | Status: RE_IDENTIFIED
2025-07-09 00:32:30,596 - root - INFO - Person matching: HISTORY | Score: 0.837 | Person ID: 6 | Status: RE_IDENTIFIED
2025-07-09 00:32:30,928 - root - INFO - Person matching: HISTORY | Score: 0.953 | Person ID: 3 | Status: RE_IDENTIFIED
2025-07-09 00:32:30,938 - root - INFO - Person matching: HISTORY | Score: 0.841 | Person ID: 6 | Status: RE_IDENTIFIED
2025-07-09 00:32:31,331 - root - INFO - Person matching: HISTORY | Score: 0.956 | Person ID: 3 | Status: RE_IDENTIFIED
2025-07-09 00:32:31,334 - root - INFO - Person matching: HISTORY | Score: 0.845 | Person ID: 6 | Status: RE_IDENTIFIED
2025-07-09 00:32:31,699 - root - INFO - Person matching: HISTORY | Score: 0.961 | Person ID: 3 | Status: RE_IDENTIFIED
2025-07-09 00:32:31,701 - root - INFO - Person matching: HISTORY | Score: 0.850 | Person ID: 6 | Status: RE_IDENTIFIED
2025-07-09 00:32:32,132 - root - INFO - Person matching: HISTORY | Score: 0.960 | Person ID: 3 | Status: RE_IDENTIFIED
2025-07-09 00:32:32,138 - root - INFO - Person matching: HISTORY | Score: 0.855 | Person ID: 6 | Status: RE_IDENTIFIED
2025-07-09 00:32:32,517 - root - INFO - Person matching: HISTORY | Score: 0.951 | Person ID: 3 | Status: RE_IDENTIFIED
2025-07-09 00:32:32,524 - root - INFO - Person matching: HISTORY | Score: 0.851 | Person ID: 6 | Status: RE_IDENTIFIED
2025-07-09 00:32:32,775 - root - INFO - Person matching: HISTORY | Score: 0.948 | Person ID: 3 | Status: RE_IDENTIFIED
2025-07-09 00:32:33,139 - root - INFO - Person matching: HISTORY | Score: 0.954 | Person ID: 3 | Status: RE_IDENTIFIED
2025-07-09 00:32:33,455 - root - INFO - Person matching: HISTORY | Score: 0.955 | Person ID: 3 | Status: RE_IDENTIFIED
2025-07-09 00:32:33,766 - root - INFO - Person matching: HISTORY | Score: 0.956 | Person ID: 3 | Status: RE_IDENTIFIED
2025-07-09 00:32:33,993 - root - INFO - Person matching: HISTORY | Score: 0.958 | Person ID: 3 | Status: RE_IDENTIFIED
2025-07-09 00:32:34,370 - root - INFO - Person matching: HISTORY | Score: 0.958 | Person ID: 3 | Status: RE_IDENTIFIED
2025-07-09 00:32:34,680 - root - INFO - Person matching: HISTORY | Score: 0.958 | Person ID: 3 | Status: RE_IDENTIFIED
2025-07-09 00:32:34,966 - root - INFO - Person matching: HISTORY | Score: 0.958 | Person ID: 3 | Status: RE_IDENTIFIED
2025-07-09 00:32:35,232 - root - INFO - Person matching: HISTORY | Score: 0.958 | Person ID: 3 | Status: RE_IDENTIFIED
2025-07-09 00:32:35,529 - root - INFO - Person matching: HISTORY | Score: 0.959 | Person ID: 3 | Status: RE_IDENTIFIED
2025-07-09 00:32:35,807 - root - INFO - Person matching: HISTORY | Score: 0.959 | Person ID: 3 | Status: RE_IDENTIFIED
2025-07-09 00:32:36,091 - root - INFO - Person matching: HISTORY | Score: 0.960 | Person ID: 3 | Status: RE_IDENTIFIED
2025-07-09 00:32:36,417 - root - INFO - Person matching: HISTORY | Score: 0.963 | Person ID: 3 | Status: RE_IDENTIFIED
2025-07-09 00:32:36,755 - root - INFO - Person matching: HISTORY | Score: 0.965 | Person ID: 3 | Status: RE_IDENTIFIED
2025-07-09 00:32:37,096 - root - INFO - Person matching: HISTORY | Score: 0.968 | Person ID: 3 | Status: RE_IDENTIFIED
2025-07-09 00:32:37,405 - root - INFO - Person matching: HISTORY | Score: 0.965 | Person ID: 3 | Status: RE_IDENTIFIED
2025-07-09 00:32:37,725 - root - INFO - Person matching: HISTORY | Score: 0.968 | Person ID: 3 | Status: RE_IDENTIFIED
2025-07-09 00:32:38,037 - root - INFO - Person matching: HISTORY | Score: 0.969 | Person ID: 3 | Status: RE_IDENTIFIED
2025-07-09 00:32:38,041 - root - INFO - Person matching: HISTORY | Score: 0.911 | Person ID: 2 | Status: RE_IDENTIFIED
2025-07-09 00:32:38,433 - root - INFO - Person matching: HISTORY | Score: 0.971 | Person ID: 3 | Status: RE_IDENTIFIED
2025-07-09 00:32:38,437 - root - INFO - Person matching: HISTORY | Score: 0.912 | Person ID: 2 | Status: RE_IDENTIFIED
2025-07-09 00:32:38,884 - root - INFO - Person matching: HISTORY | Score: 0.971 | Person ID: 3 | Status: RE_IDENTIFIED
2025-07-09 00:32:38,887 - root - INFO - Person matching: HISTORY | Score: 0.925 | Person ID: 2 | Status: RE_IDENTIFIED
2025-07-09 00:32:39,266 - root - INFO - Person matching: HISTORY | Score: 0.925 | Person ID: 2 | Status: RE_IDENTIFIED
2025-07-09 00:32:39,269 - root - INFO - Person matching: HISTORY | Score: 0.973 | Person ID: 3 | Status: RE_IDENTIFIED
2025-07-09 00:32:39,695 - root - INFO - Person matching: HISTORY | Score: 0.925 | Person ID: 2 | Status: RE_IDENTIFIED
2025-07-09 00:32:39,699 - root - INFO - Person matching: HISTORY | Score: 0.973 | Person ID: 3 | Status: RE_IDENTIFIED
2025-07-09 00:32:40,139 - root - INFO - Person matching: HISTORY | Score: 0.923 | Person ID: 4 | Status: RE_IDENTIFIED
2025-07-09 00:32:40,144 - root - INFO - Person matching: HISTORY | Score: 0.974 | Person ID: 3 | Status: RE_IDENTIFIED
2025-07-09 00:32:40,512 - root - INFO - Person matching: HISTORY | Score: 0.926 | Person ID: 4 | Status: RE_IDENTIFIED
2025-07-09 00:32:40,518 - root - INFO - Person matching: HISTORY | Score: 0.974 | Person ID: 3 | Status: RE_IDENTIFIED
2025-07-09 00:32:40,935 - root - INFO - Person matching: HISTORY | Score: 0.936 | Person ID: 4 | Status: RE_IDENTIFIED
2025-07-09 00:32:40,938 - root - INFO - Person matching: HISTORY | Score: 0.975 | Person ID: 3 | Status: RE_IDENTIFIED
2025-07-09 00:32:41,372 - root - INFO - Person matching: HISTORY | Score: 0.937 | Person ID: 4 | Status: RE_IDENTIFIED
2025-07-09 00:32:41,375 - root - INFO - Person matching: HISTORY | Score: 0.976 | Person ID: 3 | Status: RE_IDENTIFIED
2025-07-09 00:32:41,679 - root - INFO - Person matching: HISTORY | Score: 0.941 | Person ID: 4 | Status: RE_IDENTIFIED
2025-07-09 00:32:41,681 - root - INFO - Person matching: HISTORY | Score: 0.977 | Person ID: 3 | Status: RE_IDENTIFIED
2025-07-09 00:32:42,159 - root - INFO - Person matching: HISTORY | Score: 0.942 | Person ID: 4 | Status: RE_IDENTIFIED
2025-07-09 00:32:42,163 - root - INFO - Person matching: HISTORY | Score: 0.978 | Person ID: 3 | Status: RE_IDENTIFIED
2025-07-09 00:32:42,505 - root - INFO - Person matching: HISTORY | Score: 0.945 | Person ID: 4 | Status: RE_IDENTIFIED
2025-07-09 00:32:42,509 - root - INFO - Person matching: HISTORY | Score: 0.978 | Person ID: 3 | Status: RE_IDENTIFIED
2025-07-09 00:32:42,912 - root - INFO - Person matching: HISTORY | Score: 0.947 | Person ID: 4 | Status: RE_IDENTIFIED
2025-07-09 00:32:42,925 - root - INFO - Person matching: HISTORY | Score: 0.978 | Person ID: 3 | Status: RE_IDENTIFIED
2025-07-09 00:32:43,277 - root - INFO - Person matching: HISTORY | Score: 0.951 | Person ID: 4 | Status: RE_IDENTIFIED
2025-07-09 00:32:43,285 - root - INFO - Person matching: HISTORY | Score: 0.978 | Person ID: 3 | Status: RE_IDENTIFIED
2025-07-09 00:32:43,748 - root - INFO - Person matching: HISTORY | Score: 0.956 | Person ID: 4 | Status: RE_IDENTIFIED
2025-07-09 00:32:43,752 - root - INFO - Person matching: HISTORY | Score: 0.979 | Person ID: 3 | Status: RE_IDENTIFIED
2025-07-09 00:32:44,209 - root - INFO - Person matching: HISTORY | Score: 0.957 | Person ID: 4 | Status: RE_IDENTIFIED
2025-07-09 00:32:44,212 - root - INFO - Person matching: HISTORY | Score: 0.962 | Person ID: 3 | Status: RE_IDENTIFIED
2025-07-09 00:32:44,646 - root - INFO - Person matching: HISTORY | Score: 0.963 | Person ID: 4 | Status: RE_IDENTIFIED
2025-07-09 00:32:44,653 - root - INFO - Person matching: HISTORY | Score: 0.961 | Person ID: 3 | Status: RE_IDENTIFIED
2025-07-09 00:32:45,072 - root - INFO - Person matching: HISTORY | Score: 0.953 | Person ID: 3 | Status: RE_IDENTIFIED
2025-07-09 00:32:45,075 - root - INFO - Person matching: HISTORY | Score: 0.960 | Person ID: 4 | Status: RE_IDENTIFIED
2025-07-09 00:32:45,519 - root - INFO - Person matching: HISTORY | Score: 0.947 | Person ID: 3 | Status: RE_IDENTIFIED
2025-07-09 00:32:45,522 - root - INFO - Person matching: HISTORY | Score: 0.963 | Person ID: 4 | Status: RE_IDENTIFIED
2025-07-09 00:32:45,835 - root - INFO - Person matching: HISTORY | Score: 0.950 | Person ID: 3 | Status: RE_IDENTIFIED
2025-07-09 00:32:45,837 - root - INFO - Person matching: HISTORY | Score: 0.962 | Person ID: 4 | Status: RE_IDENTIFIED
2025-07-09 00:32:46,195 - root - INFO - Person matching: HISTORY | Score: 0.966 | Person ID: 4 | Status: RE_IDENTIFIED
2025-07-09 00:32:46,198 - root - INFO - Person matching: HISTORY | Score: 0.946 | Person ID: 3 | Status: RE_IDENTIFIED
2025-07-09 00:32:46,577 - root - INFO - Person matching: HISTORY | Score: 0.965 | Person ID: 4 | Status: RE_IDENTIFIED
2025-07-09 00:32:46,582 - root - INFO - Person matching: HISTORY | Score: 0.943 | Person ID: 3 | Status: RE_IDENTIFIED
2025-07-09 00:32:46,985 - root - INFO - Person matching: HISTORY | Score: 0.966 | Person ID: 4 | Status: RE_IDENTIFIED
2025-07-09 00:32:46,988 - root - INFO - Person matching: HISTORY | Score: 0.943 | Person ID: 3 | Status: RE_IDENTIFIED
2025-07-09 00:32:47,422 - root - INFO - Person matching: HISTORY | Score: 0.969 | Person ID: 4 | Status: RE_IDENTIFIED
2025-07-09 00:32:47,428 - root - INFO - Person matching: HISTORY | Score: 0.947 | Person ID: 3 | Status: RE_IDENTIFIED
2025-07-09 00:32:47,767 - root - INFO - Person matching: HISTORY | Score: 0.969 | Person ID: 4 | Status: RE_IDENTIFIED
2025-07-09 00:32:47,770 - root - INFO - Person matching: HISTORY | Score: 0.940 | Person ID: 3 | Status: RE_IDENTIFIED
2025-07-09 00:32:48,259 - root - INFO - Person matching: HISTORY | Score: 0.965 | Person ID: 4 | Status: RE_IDENTIFIED
2025-07-09 00:32:48,261 - root - INFO - Person matching: HISTORY | Score: 0.946 | Person ID: 3 | Status: RE_IDENTIFIED
2025-07-09 00:32:48,702 - root - INFO - Person matching: HISTORY | Score: 0.964 | Person ID: 4 | Status: RE_IDENTIFIED
2025-07-09 00:32:48,709 - root - INFO - Person matching: HISTORY | Score: 0.941 | Person ID: 3 | Status: RE_IDENTIFIED
2025-07-09 00:32:49,082 - root - INFO - Person matching: HISTORY | Score: 0.961 | Person ID: 4 | Status: RE_IDENTIFIED
2025-07-09 00:32:49,086 - root - INFO - Person matching: HISTORY | Score: 0.940 | Person ID: 3 | Status: RE_IDENTIFIED
2025-07-09 00:32:49,615 - root - INFO - Person matching: HISTORY | Score: 0.963 | Person ID: 4 | Status: RE_IDENTIFIED
2025-07-09 00:32:49,626 - root - INFO - Person matching: HISTORY | Score: 0.939 | Person ID: 3 | Status: RE_IDENTIFIED
2025-07-09 00:32:50,116 - root - INFO - Person matching: HISTORY | Score: 0.939 | Person ID: 3 | Status: RE_IDENTIFIED
2025-07-09 00:32:50,125 - root - INFO - Person matching: HISTORY | Score: 0.954 | Person ID: 4 | Status: RE_IDENTIFIED
2025-07-09 00:32:50,569 - root - INFO - Person matching: HISTORY | Score: 0.938 | Person ID: 3 | Status: RE_IDENTIFIED
2025-07-09 00:32:50,572 - root - INFO - Person matching: HISTORY | Score: 0.945 | Person ID: 4 | Status: RE_IDENTIFIED
2025-07-09 00:32:51,040 - root - INFO - Person matching: HISTORY | Score: 0.938 | Person ID: 3 | Status: RE_IDENTIFIED
2025-07-09 00:32:51,050 - root - INFO - Person matching: HISTORY | Score: 0.942 | Person ID: 4 | Status: RE_IDENTIFIED
2025-07-09 00:32:51,459 - root - INFO - Person matching: HISTORY | Score: 0.937 | Person ID: 3 | Status: RE_IDENTIFIED
2025-07-09 00:32:51,463 - root - INFO - Person matching: HISTORY | Score: 0.938 | Person ID: 4 | Status: RE_IDENTIFIED
2025-07-09 00:32:51,897 - root - INFO - Person matching: HISTORY | Score: 0.939 | Person ID: 3 | Status: RE_IDENTIFIED
2025-07-09 00:32:51,904 - root - INFO - Person matching: HISTORY | Score: 0.931 | Person ID: 4 | Status: RE_IDENTIFIED
2025-07-09 00:32:52,288 - root - INFO - Person matching: HISTORY | Score: 0.939 | Person ID: 3 | Status: RE_IDENTIFIED
2025-07-09 00:32:52,292 - root - INFO - Person matching: HISTORY | Score: 0.933 | Person ID: 4 | Status: RE_IDENTIFIED
2025-07-09 00:32:52,720 - root - INFO - Person matching: HISTORY | Score: 0.941 | Person ID: 3 | Status: RE_IDENTIFIED
2025-07-09 00:32:52,728 - root - INFO - Person matching: HISTORY | Score: 0.930 | Person ID: 4 | Status: RE_IDENTIFIED
2025-07-09 00:32:53,174 - root - INFO - Person matching: HISTORY | Score: 0.942 | Person ID: 3 | Status: RE_IDENTIFIED
2025-07-09 00:32:53,178 - root - INFO - Person matching: HISTORY | Score: 0.930 | Person ID: 4 | Status: RE_IDENTIFIED
2025-07-09 00:32:53,573 - root - INFO - Person matching: HISTORY | Score: 0.944 | Person ID: 3 | Status: RE_IDENTIFIED
2025-07-09 00:32:53,576 - root - INFO - Person matching: HISTORY | Score: 0.923 | Person ID: 4 | Status: RE_IDENTIFIED
2025-07-09 00:32:54,041 - root - INFO - Person matching: HISTORY | Score: 0.946 | Person ID: 3 | Status: RE_IDENTIFIED
2025-07-09 00:32:54,044 - root - INFO - Person matching: HISTORY | Score: 0.917 | Person ID: 4 | Status: RE_IDENTIFIED
2025-07-09 00:32:54,432 - root - INFO - Person matching: HISTORY | Score: 0.899 | Person ID: 4 | Status: RE_IDENTIFIED
2025-07-09 00:32:54,436 - root - INFO - Person matching: HISTORY | Score: 0.949 | Person ID: 3 | Status: RE_IDENTIFIED
2025-07-09 00:32:54,866 - root - INFO - Person matching: HISTORY | Score: 0.901 | Person ID: 4 | Status: RE_IDENTIFIED
2025-07-09 00:32:54,868 - root - INFO - Person matching: HISTORY | Score: 0.953 | Person ID: 3 | Status: RE_IDENTIFIED
2025-07-09 00:32:55,313 - root - INFO - Person matching: HISTORY | Score: 0.898 | Person ID: 4 | Status: RE_IDENTIFIED
2025-07-09 00:32:55,316 - root - INFO - Person matching: HISTORY | Score: 0.955 | Person ID: 3 | Status: RE_IDENTIFIED
2025-07-09 00:32:55,765 - root - INFO - Person matching: HISTORY | Score: 0.895 | Person ID: 4 | Status: RE_IDENTIFIED
2025-07-09 00:32:55,775 - root - INFO - Person matching: HISTORY | Score: 0.960 | Person ID: 3 | Status: RE_IDENTIFIED
2025-07-09 00:32:56,137 - root - INFO - Person matching: HISTORY | Score: 0.902 | Person ID: 4 | Status: RE_IDENTIFIED
2025-07-09 00:32:56,142 - root - INFO - Person matching: HISTORY | Score: 0.956 | Person ID: 3 | Status: RE_IDENTIFIED
2025-07-09 00:32:56,657 - root - INFO - Person matching: HISTORY | Score: 0.899 | Person ID: 4 | Status: RE_IDENTIFIED
2025-07-09 00:32:56,662 - root - INFO - Person matching: HISTORY | Score: 0.955 | Person ID: 3 | Status: RE_IDENTIFIED
2025-07-09 00:32:57,112 - root - INFO - Person matching: HISTORY | Score: 0.897 | Person ID: 1 | Status: RE_IDENTIFIED
2025-07-09 00:32:57,117 - root - INFO - Person matching: HISTORY | Score: 0.954 | Person ID: 3 | Status: RE_IDENTIFIED
2025-07-09 00:32:57,554 - root - INFO - Person matching: HISTORY | Score: 0.903 | Person ID: 1 | Status: RE_IDENTIFIED
2025-07-09 00:32:57,558 - root - INFO - Person matching: HISTORY | Score: 0.953 | Person ID: 3 | Status: RE_IDENTIFIED
2025-07-09 00:32:58,016 - root - INFO - Person matching: HISTORY | Score: 0.909 | Person ID: 1 | Status: RE_IDENTIFIED
2025-07-09 00:32:58,020 - root - INFO - Person matching: HISTORY | Score: 0.953 | Person ID: 3 | Status: RE_IDENTIFIED
2025-07-09 00:32:58,555 - root - INFO - Person matching: HISTORY | Score: 0.953 | Person ID: 3 | Status: RE_IDENTIFIED
2025-07-09 00:32:58,558 - root - INFO - Person matching: HISTORY | Score: 0.910 | Person ID: 1 | Status: RE_IDENTIFIED
2025-07-09 00:32:58,971 - root - INFO - Person matching: HISTORY | Score: 0.953 | Person ID: 3 | Status: RE_IDENTIFIED
2025-07-09 00:32:58,975 - root - INFO - Person matching: HISTORY | Score: 0.915 | Person ID: 1 | Status: RE_IDENTIFIED
2025-07-09 00:32:59,350 - root - INFO - Person matching: HISTORY | Score: 0.954 | Person ID: 3 | Status: RE_IDENTIFIED
2025-07-09 00:32:59,360 - root - INFO - Person matching: HISTORY | Score: 0.918 | Person ID: 1 | Status: RE_IDENTIFIED
2025-07-09 00:32:59,827 - root - INFO - Person matching: HISTORY | Score: 0.924 | Person ID: 1 | Status: RE_IDENTIFIED
2025-07-09 00:32:59,837 - root - INFO - Person matching: HISTORY | Score: 0.953 | Person ID: 3 | Status: RE_IDENTIFIED
2025-07-09 00:33:00,282 - root - INFO - Person matching: HISTORY | Score: 0.927 | Person ID: 1 | Status: RE_IDENTIFIED
2025-07-09 00:33:00,285 - root - INFO - Person matching: HISTORY | Score: 0.956 | Person ID: 3 | Status: RE_IDENTIFIED
2025-07-09 00:33:00,640 - root - INFO - Person matching: HISTORY | Score: 0.928 | Person ID: 1 | Status: RE_IDENTIFIED
2025-07-09 00:33:00,642 - root - INFO - Person matching: HISTORY | Score: 0.955 | Person ID: 3 | Status: RE_IDENTIFIED
2025-07-09 00:33:01,018 - root - INFO - Person matching: HISTORY | Score: 0.928 | Person ID: 1 | Status: RE_IDENTIFIED
2025-07-09 00:33:01,021 - root - INFO - Person matching: HISTORY | Score: 0.956 | Person ID: 3 | Status: RE_IDENTIFIED
2025-07-09 00:33:01,387 - root - INFO - Person matching: HISTORY | Score: 0.931 | Person ID: 1 | Status: RE_IDENTIFIED
2025-07-09 00:33:01,391 - root - INFO - Person matching: HISTORY | Score: 0.960 | Person ID: 3 | Status: RE_IDENTIFIED
2025-07-09 00:33:01,782 - root - INFO - Person matching: HISTORY | Score: 0.930 | Person ID: 1 | Status: RE_IDENTIFIED
2025-07-09 00:33:01,798 - root - INFO - Person matching: HISTORY | Score: 0.962 | Person ID: 3 | Status: RE_IDENTIFIED
2025-07-09 00:33:02,205 - root - INFO - Person matching: HISTORY | Score: 0.933 | Person ID: 1 | Status: RE_IDENTIFIED
2025-07-09 00:33:02,214 - root - INFO - Person matching: HISTORY | Score: 0.963 | Person ID: 3 | Status: RE_IDENTIFIED
2025-07-09 00:33:02,647 - root - INFO - Person matching: HISTORY | Score: 0.938 | Person ID: 1 | Status: RE_IDENTIFIED
2025-07-09 00:33:02,658 - root - INFO - Person matching: HISTORY | Score: 0.965 | Person ID: 3 | Status: RE_IDENTIFIED
2025-07-09 00:33:03,084 - root - INFO - Person matching: HISTORY | Score: 0.935 | Person ID: 1 | Status: RE_IDENTIFIED
2025-07-09 00:33:03,086 - root - INFO - Person matching: HISTORY | Score: 0.967 | Person ID: 3 | Status: RE_IDENTIFIED
2025-07-09 00:33:03,504 - root - INFO - Person matching: HISTORY | Score: 0.942 | Person ID: 1 | Status: RE_IDENTIFIED
2025-07-09 00:33:03,509 - root - INFO - Person matching: HISTORY | Score: 0.968 | Person ID: 3 | Status: RE_IDENTIFIED
2025-07-09 00:33:03,930 - root - INFO - Person matching: HISTORY | Score: 0.940 | Person ID: 1 | Status: RE_IDENTIFIED
2025-07-09 00:33:03,937 - root - INFO - Person matching: HISTORY | Score: 0.967 | Person ID: 3 | Status: RE_IDENTIFIED
2025-07-09 00:33:04,422 - root - INFO - Person matching: HISTORY | Score: 0.940 | Person ID: 1 | Status: RE_IDENTIFIED
2025-07-09 00:33:04,426 - root - INFO - Person matching: HISTORY | Score: 0.965 | Person ID: 3 | Status: RE_IDENTIFIED
2025-07-09 00:33:04,825 - root - INFO - Person matching: HISTORY | Score: 0.939 | Person ID: 1 | Status: RE_IDENTIFIED
2025-07-09 00:33:04,830 - root - INFO - Person matching: HISTORY | Score: 0.964 | Person ID: 3 | Status: RE_IDENTIFIED
2025-07-09 00:33:05,134 - root - INFO - Person matching: HISTORY | Score: 0.938 | Person ID: 1 | Status: RE_IDENTIFIED
2025-07-09 00:33:05,141 - root - INFO - Person matching: HISTORY | Score: 0.965 | Person ID: 3 | Status: RE_IDENTIFIED
2025-07-09 00:33:05,735 - root - INFO - Person matching: HISTORY | Score: 0.940 | Person ID: 1 | Status: RE_IDENTIFIED
2025-07-09 00:33:05,738 - root - INFO - Person matching: HISTORY | Score: 0.965 | Person ID: 3 | Status: RE_IDENTIFIED
2025-07-09 00:33:06,186 - root - INFO - Person matching: HISTORY | Score: 0.945 | Person ID: 1 | Status: RE_IDENTIFIED
2025-07-09 00:33:06,189 - root - INFO - Person matching: HISTORY | Score: 0.965 | Person ID: 3 | Status: RE_IDENTIFIED
2025-07-09 00:33:06,564 - root - INFO - Person matching: HISTORY | Score: 0.944 | Person ID: 1 | Status: RE_IDENTIFIED
2025-07-09 00:33:06,569 - root - INFO - Person matching: HISTORY | Score: 0.965 | Person ID: 3 | Status: RE_IDENTIFIED
2025-07-09 00:33:06,926 - root - INFO - Person matching: HISTORY | Score: 0.942 | Person ID: 1 | Status: RE_IDENTIFIED
2025-07-09 00:33:06,929 - root - INFO - Person matching: HISTORY | Score: 0.965 | Person ID: 3 | Status: RE_IDENTIFIED
2025-07-09 00:33:07,238 - root - INFO - Person matching: HISTORY | Score: 0.943 | Person ID: 1 | Status: RE_IDENTIFIED
2025-07-09 00:33:07,245 - root - INFO - Person matching: HISTORY | Score: 0.965 | Person ID: 3 | Status: RE_IDENTIFIED
2025-07-09 00:33:07,539 - root - INFO - Person matching: HISTORY | Score: 0.939 | Person ID: 1 | Status: RE_IDENTIFIED
2025-07-09 00:33:07,544 - root - INFO - Person matching: HISTORY | Score: 0.966 | Person ID: 3 | Status: RE_IDENTIFIED
2025-07-09 00:33:07,993 - root - INFO - Person matching: HISTORY | Score: 0.937 | Person ID: 1 | Status: RE_IDENTIFIED
2025-07-09 00:33:07,999 - root - INFO - Person matching: HISTORY | Score: 0.965 | Person ID: 3 | Status: RE_IDENTIFIED
2025-07-09 00:33:08,487 - root - INFO - Person matching: HISTORY | Score: 0.935 | Person ID: 1 | Status: RE_IDENTIFIED
2025-07-09 00:33:08,492 - root - INFO - Person matching: HISTORY | Score: 0.965 | Person ID: 3 | Status: RE_IDENTIFIED
2025-07-09 00:33:08,912 - root - INFO - Person matching: HISTORY | Score: 0.934 | Person ID: 1 | Status: RE_IDENTIFIED
2025-07-09 00:33:08,917 - root - INFO - Person matching: HISTORY | Score: 0.966 | Person ID: 3 | Status: RE_IDENTIFIED
2025-07-09 00:33:09,417 - root - INFO - Person matching: HISTORY | Score: 0.935 | Person ID: 1 | Status: RE_IDENTIFIED
2025-07-09 00:33:09,425 - root - INFO - Person matching: HISTORY | Score: 0.967 | Person ID: 3 | Status: RE_IDENTIFIED
2025-07-09 00:33:09,866 - root - INFO - Person matching: HISTORY | Score: 0.935 | Person ID: 1 | Status: RE_IDENTIFIED
2025-07-09 00:33:09,892 - root - INFO - Person matching: HISTORY | Score: 0.967 | Person ID: 3 | Status: RE_IDENTIFIED
2025-07-09 00:33:10,385 - root - INFO - Person matching: HISTORY | Score: 0.969 | Person ID: 3 | Status: RE_IDENTIFIED
2025-07-09 00:33:10,388 - root - INFO - Person matching: HISTORY | Score: 0.937 | Person ID: 1 | Status: RE_IDENTIFIED
2025-07-09 00:33:10,907 - root - INFO - Person matching: HISTORY | Score: 0.934 | Person ID: 1 | Status: RE_IDENTIFIED
2025-07-09 00:33:10,915 - root - INFO - Person matching: HISTORY | Score: 0.972 | Person ID: 3 | Status: RE_IDENTIFIED
2025-07-09 00:33:11,416 - root - INFO - Person matching: HISTORY | Score: 0.935 | Person ID: 1 | Status: RE_IDENTIFIED
2025-07-09 00:33:11,419 - root - INFO - Person matching: HISTORY | Score: 0.973 | Person ID: 3 | Status: RE_IDENTIFIED
2025-07-09 00:33:11,909 - root - INFO - Person matching: HISTORY | Score: 0.933 | Person ID: 1 | Status: RE_IDENTIFIED
2025-07-09 00:33:11,924 - root - INFO - Person matching: HISTORY | Score: 0.972 | Person ID: 3 | Status: RE_IDENTIFIED
2025-07-09 00:33:12,301 - root - INFO - Person matching: HISTORY | Score: 0.929 | Person ID: 1 | Status: RE_IDENTIFIED
2025-07-09 00:33:12,309 - root - INFO - Person matching: HISTORY | Score: 0.971 | Person ID: 3 | Status: RE_IDENTIFIED
2025-07-09 00:33:12,865 - root - INFO - Person matching: HISTORY | Score: 0.926 | Person ID: 1 | Status: RE_IDENTIFIED
2025-07-09 00:33:12,875 - root - INFO - Person matching: HISTORY | Score: 0.970 | Person ID: 3 | Status: RE_IDENTIFIED
2025-07-09 00:33:13,683 - root - INFO - Person matching: HISTORY | Score: 0.925 | Person ID: 1 | Status: RE_IDENTIFIED
2025-07-09 00:33:13,695 - root - INFO - Person matching: HISTORY | Score: 0.968 | Person ID: 3 | Status: RE_IDENTIFIED
2025-07-09 00:33:14,149 - root - INFO - Person matching: HISTORY | Score: 0.923 | Person ID: 1 | Status: RE_IDENTIFIED
2025-07-09 00:33:14,153 - root - INFO - Person matching: HISTORY | Score: 0.968 | Person ID: 3 | Status: RE_IDENTIFIED
2025-07-09 00:33:14,883 - root - INFO - Person matching: HISTORY | Score: 0.914 | Person ID: 1 | Status: RE_IDENTIFIED
2025-07-09 00:33:14,905 - root - INFO - Person matching: HISTORY | Score: 0.967 | Person ID: 3 | Status: RE_IDENTIFIED
2025-07-09 00:33:15,708 - root - INFO - Person matching: HISTORY | Score: 0.902 | Person ID: 1 | Status: RE_IDENTIFIED
2025-07-09 00:33:15,724 - root - INFO - Person matching: HISTORY | Score: 0.967 | Person ID: 3 | Status: RE_IDENTIFIED
2025-07-09 00:33:16,529 - root - INFO - Person matching: HISTORY | Score: 0.902 | Person ID: 1 | Status: RE_IDENTIFIED
2025-07-09 00:33:16,544 - root - INFO - Person matching: HISTORY | Score: 0.967 | Person ID: 3 | Status: RE_IDENTIFIED
2025-07-09 00:33:17,427 - root - INFO - Person matching: HISTORY | Score: 0.965 | Person ID: 3 | Status: RE_IDENTIFIED
2025-07-09 00:33:17,434 - root - INFO - Person matching: HISTORY | Score: 0.893 | Person ID: 6 | Status: RE_IDENTIFIED
2025-07-09 00:33:17,822 - root - INFO - Person matching: HISTORY | Score: 0.966 | Person ID: 3 | Status: RE_IDENTIFIED
2025-07-09 00:33:17,834 - root - INFO - Person matching: HISTORY | Score: 0.898 | Person ID: 6 | Status: RE_IDENTIFIED
2025-07-09 00:33:18,223 - root - INFO - Person matching: HISTORY | Score: 0.967 | Person ID: 3 | Status: RE_IDENTIFIED
2025-07-09 00:33:18,229 - root - INFO - Person matching: HISTORY | Score: 0.893 | Person ID: 6 | Status: RE_IDENTIFIED
2025-07-09 00:33:18,375 - root - INFO - Saved person history to data\persistent\person_history.pkl
2025-07-09 00:33:18,390 - root - INFO - Ended tracking session at 1752039198.2315934
2025-07-09 00:37:04,634 - root - INFO - PersonDetector initialized with device: cuda
2025-07-09 00:37:08,624 - root - INFO - EmbeddingExtractor initialized with resnet50
2025-07-09 00:37:08,626 - root - INFO - ReIDMatcher initialized with threshold: 0.7
2025-07-09 00:37:08,628 - root - INFO - PersistentTracker initialized
2025-07-09 00:37:14,717 - root - INFO - Started new tracking session at 0.0
2025-07-09 00:37:15,168 - root - INFO - Person matching: HISTORY | Score: 0.999 | Person ID: 0 | Status: RE_IDENTIFIED
2025-07-09 00:37:15,602 - root - INFO - Person matching: HISTORY | Score: 1.000 | Person ID: 0 | Status: RE_IDENTIFIED
2025-07-09 00:37:16,124 - root - INFO - Person matching: HISTORY | Score: 0.999 | Person ID: 0 | Status: RE_IDENTIFIED
2025-07-09 00:37:16,558 - root - INFO - Person matching: HISTORY | Score: 0.999 | Person ID: 0 | Status: RE_IDENTIFIED
2025-07-09 00:37:16,930 - root - INFO - Person matching: HISTORY | Score: 0.999 | Person ID: 0 | Status: RE_IDENTIFIED
2025-07-09 00:37:17,396 - root - INFO - Person matching: HISTORY | Score: 0.999 | Person ID: 0 | Status: RE_IDENTIFIED
2025-07-09 00:37:17,904 - root - INFO - Person matching: HISTORY | Score: 0.999 | Person ID: 0 | Status: RE_IDENTIFIED
2025-07-09 00:37:18,368 - root - INFO - Person matching: HISTORY | Score: 0.999 | Person ID: 0 | Status: RE_IDENTIFIED
2025-07-09 00:37:18,960 - root - INFO - Person matching: HISTORY | Score: 0.999 | Person ID: 0 | Status: RE_IDENTIFIED
2025-07-09 00:37:19,636 - root - INFO - Person matching: HISTORY | Score: 0.999 | Person ID: 0 | Status: RE_IDENTIFIED
2025-07-09 00:37:20,278 - root - INFO - Person matching: HISTORY | Score: 0.999 | Person ID: 0 | Status: RE_IDENTIFIED
2025-07-09 00:37:20,945 - root - INFO - Person matching: HISTORY | Score: 0.999 | Person ID: 0 | Status: RE_IDENTIFIED
2025-07-09 00:37:21,446 - root - INFO - Person matching: HISTORY | Score: 0.998 | Person ID: 0 | Status: RE_IDENTIFIED
2025-07-09 00:37:21,833 - root - INFO - Person matching: HISTORY | Score: 0.999 | Person ID: 0 | Status: RE_IDENTIFIED
2025-07-09 00:37:22,403 - root - INFO - Person matching: HISTORY | Score: 0.999 | Person ID: 0 | Status: RE_IDENTIFIED
2025-07-09 00:37:22,982 - root - INFO - Person matching: HISTORY | Score: 0.998 | Person ID: 0 | Status: RE_IDENTIFIED
2025-07-09 00:37:23,655 - root - INFO - Person matching: HISTORY | Score: 0.998 | Person ID: 0 | Status: RE_IDENTIFIED
2025-07-09 00:37:24,387 - root - INFO - Person matching: HISTORY | Score: 0.998 | Person ID: 0 | Status: RE_IDENTIFIED
2025-07-09 00:37:25,023 - root - INFO - Person matching: HISTORY | Score: 0.997 | Person ID: 0 | Status: RE_IDENTIFIED
2025-07-09 00:37:25,591 - root - INFO - Person matching: HISTORY | Score: 0.997 | Person ID: 0 | Status: RE_IDENTIFIED
2025-07-09 00:37:26,195 - root - INFO - Person matching: HISTORY | Score: 0.997 | Person ID: 0 | Status: RE_IDENTIFIED
2025-07-09 00:37:26,603 - root - INFO - Person matching: HISTORY | Score: 0.997 | Person ID: 0 | Status: RE_IDENTIFIED
2025-07-09 00:37:26,961 - root - INFO - Person matching: HISTORY | Score: 0.997 | Person ID: 0 | Status: RE_IDENTIFIED
2025-07-09 00:37:27,307 - root - INFO - Person matching: HISTORY | Score: 0.997 | Person ID: 0 | Status: RE_IDENTIFIED
2025-07-09 00:37:27,730 - root - INFO - Person matching: HISTORY | Score: 0.997 | Person ID: 0 | Status: RE_IDENTIFIED
2025-07-09 00:37:28,156 - root - INFO - Person matching: HISTORY | Score: 0.997 | Person ID: 0 | Status: RE_IDENTIFIED
2025-07-09 00:37:28,692 - root - INFO - Person matching: HISTORY | Score: 0.996 | Person ID: 0 | Status: RE_IDENTIFIED
2025-07-09 00:37:29,300 - root - INFO - Person matching: HISTORY | Score: 0.996 | Person ID: 0 | Status: RE_IDENTIFIED
2025-07-09 00:37:29,882 - root - INFO - Person matching: HISTORY | Score: 0.995 | Person ID: 0 | Status: RE_IDENTIFIED
2025-07-09 00:37:30,404 - root - INFO - Person matching: HISTORY | Score: 0.995 | Person ID: 0 | Status: RE_IDENTIFIED
2025-07-09 00:37:30,841 - root - INFO - Person matching: HISTORY | Score: 0.995 | Person ID: 0 | Status: RE_IDENTIFIED
2025-07-09 00:37:31,244 - root - INFO - Person matching: HISTORY | Score: 0.994 | Person ID: 0 | Status: RE_IDENTIFIED
2025-07-09 00:37:31,606 - root - INFO - Person matching: HISTORY | Score: 0.994 | Person ID: 0 | Status: RE_IDENTIFIED
2025-07-09 00:37:31,961 - root - INFO - Person matching: HISTORY | Score: 0.993 | Person ID: 0 | Status: RE_IDENTIFIED
2025-07-09 00:37:32,327 - root - INFO - Person matching: HISTORY | Score: 0.992 | Person ID: 0 | Status: RE_IDENTIFIED
2025-07-09 00:37:32,775 - root - INFO - Person matching: HISTORY | Score: 0.991 | Person ID: 0 | Status: RE_IDENTIFIED
2025-07-09 00:37:33,208 - root - INFO - Person matching: HISTORY | Score: 0.988 | Person ID: 0 | Status: RE_IDENTIFIED
2025-07-09 00:37:33,585 - root - INFO - Person matching: HISTORY | Score: 0.986 | Person ID: 0 | Status: RE_IDENTIFIED
2025-07-09 00:37:34,056 - root - INFO - Person matching: HISTORY | Score: 0.985 | Person ID: 0 | Status: RE_IDENTIFIED
2025-07-09 00:37:34,517 - root - INFO - Person matching: HISTORY | Score: 0.985 | Person ID: 0 | Status: RE_IDENTIFIED
2025-07-09 00:37:34,913 - root - INFO - Person matching: HISTORY | Score: 0.984 | Person ID: 0 | Status: RE_IDENTIFIED
2025-07-09 00:37:35,346 - root - INFO - Person matching: HISTORY | Score: 0.984 | Person ID: 0 | Status: RE_IDENTIFIED
2025-07-09 00:37:35,787 - root - INFO - Person matching: HISTORY | Score: 0.982 | Person ID: 0 | Status: RE_IDENTIFIED
2025-07-09 00:37:36,195 - root - INFO - Person matching: HISTORY | Score: 0.982 | Person ID: 0 | Status: RE_IDENTIFIED
2025-07-09 00:37:36,632 - root - INFO - Person matching: HISTORY | Score: 0.982 | Person ID: 0 | Status: RE_IDENTIFIED
2025-07-09 00:37:36,988 - root - INFO - Person matching: HISTORY | Score: 0.979 | Person ID: 0 | Status: RE_IDENTIFIED
2025-07-09 00:37:37,447 - root - INFO - Person matching: HISTORY | Score: 0.978 | Person ID: 0 | Status: RE_IDENTIFIED
2025-07-09 00:37:37,800 - root - INFO - Person matching: HISTORY | Score: 0.976 | Person ID: 0 | Status: RE_IDENTIFIED
2025-07-09 00:37:38,107 - root - INFO - Person matching: HISTORY | Score: 0.974 | Person ID: 0 | Status: RE_IDENTIFIED
2025-07-09 00:37:38,565 - root - INFO - Person matching: HISTORY | Score: 0.969 | Person ID: 0 | Status: RE_IDENTIFIED
2025-07-09 00:37:39,017 - root - INFO - Person matching: HISTORY | Score: 0.967 | Person ID: 0 | Status: RE_IDENTIFIED
2025-07-09 00:37:39,642 - root - INFO - Person matching: HISTORY | Score: 0.965 | Person ID: 0 | Status: RE_IDENTIFIED
2025-07-09 00:37:40,312 - root - INFO - Person matching: HISTORY | Score: 0.962 | Person ID: 0 | Status: RE_IDENTIFIED
2025-07-09 00:37:40,993 - root - INFO - Person matching: HISTORY | Score: 0.959 | Person ID: 0 | Status: RE_IDENTIFIED
2025-07-09 00:37:41,483 - root - INFO - Person matching: HISTORY | Score: 0.956 | Person ID: 0 | Status: RE_IDENTIFIED
2025-07-09 00:37:41,925 - root - INFO - Person matching: HISTORY | Score: 0.952 | Person ID: 0 | Status: RE_IDENTIFIED
2025-07-09 00:37:42,300 - root - INFO - Person matching: HISTORY | Score: 0.949 | Person ID: 0 | Status: RE_IDENTIFIED
2025-07-09 00:37:42,811 - root - INFO - Person matching: HISTORY | Score: 0.944 | Person ID: 0 | Status: RE_IDENTIFIED
2025-07-09 00:37:43,279 - root - INFO - Person matching: HISTORY | Score: 0.938 | Person ID: 0 | Status: RE_IDENTIFIED
2025-07-09 00:37:43,792 - root - INFO - Person matching: HISTORY | Score: 0.935 | Person ID: 0 | Status: RE_IDENTIFIED
2025-07-09 00:37:44,607 - root - INFO - Person matching: HISTORY | Score: 0.929 | Person ID: 0 | Status: RE_IDENTIFIED
2025-07-09 00:37:45,469 - root - INFO - Person matching: HISTORY | Score: 0.924 | Person ID: 0 | Status: RE_IDENTIFIED
2025-07-09 00:37:46,292 - root - INFO - Person matching: HISTORY | Score: 0.918 | Person ID: 0 | Status: RE_IDENTIFIED
2025-07-09 00:37:46,967 - root - INFO - Person matching: HISTORY | Score: 0.913 | Person ID: 0 | Status: RE_IDENTIFIED
2025-07-09 00:37:47,791 - root - INFO - Person matching: HISTORY | Score: 0.902 | Person ID: 0 | Status: RE_IDENTIFIED
2025-07-09 00:37:48,291 - root - INFO - Person matching: HISTORY | Score: 0.897 | Person ID: 0 | Status: RE_IDENTIFIED
2025-07-09 00:37:48,861 - root - INFO - Person matching: HISTORY | Score: 0.884 | Person ID: 0 | Status: RE_IDENTIFIED
2025-07-09 00:37:49,390 - root - INFO - Person matching: HISTORY | Score: 0.877 | Person ID: 0 | Status: RE_IDENTIFIED
2025-07-09 00:37:50,189 - root - INFO - Person matching: HISTORY | Score: 0.870 | Person ID: 0 | Status: RE_IDENTIFIED
2025-07-09 00:37:50,905 - root - INFO - Person matching: HISTORY | Score: 0.853 | Person ID: 0 | Status: RE_IDENTIFIED
2025-07-09 00:37:51,557 - root - INFO - Person matching: HISTORY | Score: 0.804 | Person ID: 0 | Status: RE_IDENTIFIED
2025-07-09 00:37:52,494 - root - INFO - Person matching: HISTORY | Score: 0.790 | Person ID: 0 | Status: RE_IDENTIFIED
2025-07-09 00:37:54,369 - root - INFO - Person matching: HISTORY | Score: 0.776 | Person ID: 0 | Status: RE_IDENTIFIED
2025-07-09 00:37:57,289 - root - INFO - Person matching: HISTORY | Score: 0.774 | Person ID: 0 | Status: RE_IDENTIFIED
2025-07-09 00:37:57,293 - root - INFO - Person matching: HISTORY | Score: 0.999 | Person ID: 1 | Status: RE_IDENTIFIED
2025-07-09 00:37:59,317 - root - INFO - Person matching: HISTORY | Score: 0.759 | Person ID: 0 | Status: RE_IDENTIFIED
2025-07-09 00:37:59,321 - root - INFO - Person matching: HISTORY | Score: 0.997 | Person ID: 1 | Status: RE_IDENTIFIED
2025-07-09 00:38:00,876 - root - INFO - Person matching: HISTORY | Score: 0.763 | Person ID: 0 | Status: RE_IDENTIFIED
2025-07-09 00:38:00,878 - root - INFO - Person matching: HISTORY | Score: 0.991 | Person ID: 1 | Status: RE_IDENTIFIED
2025-07-09 00:38:01,910 - root - INFO - Person matching: HISTORY | Score: 0.730 | Person ID: 0 | Status: RE_IDENTIFIED
2025-07-09 00:38:01,924 - root - INFO - Person matching: HISTORY | Score: 0.993 | Person ID: 1 | Status: RE_IDENTIFIED
2025-07-09 00:38:02,936 - root - INFO - Person matching: HISTORY | Score: 0.738 | Person ID: 0 | Status: RE_IDENTIFIED
2025-07-09 00:38:02,938 - root - INFO - Person matching: HISTORY | Score: 0.991 | Person ID: 1 | Status: RE_IDENTIFIED
2025-07-09 00:38:03,726 - root - INFO - Person matching: HISTORY | Score: 0.732 | Person ID: 0 | Status: RE_IDENTIFIED
2025-07-09 00:38:03,729 - root - INFO - Person matching: HISTORY | Score: 0.979 | Person ID: 1 | Status: RE_IDENTIFIED
2025-07-09 00:38:04,646 - root - INFO - Person matching: HISTORY | Score: 0.735 | Person ID: 0 | Status: RE_IDENTIFIED
2025-07-09 00:38:04,659 - root - INFO - Person matching: HISTORY | Score: 0.977 | Person ID: 1 | Status: RE_IDENTIFIED
2025-07-09 00:38:05,459 - root - INFO - Person matching: HISTORY | Score: 0.706 | Person ID: 0 | Status: RE_IDENTIFIED
2025-07-09 00:38:05,461 - root - INFO - Person matching: HISTORY | Score: 0.992 | Person ID: 1 | Status: RE_IDENTIFIED
2025-07-09 00:38:06,280 - root - INFO - Person matching: HISTORY | Score: 0.654 | Person ID: 0 | Status: RE_IDENTIFIED
2025-07-09 00:38:06,282 - root - INFO - Person matching: HISTORY | Score: 0.984 | Person ID: 1 | Status: RE_IDENTIFIED
2025-07-09 00:38:07,045 - root - INFO - Person matching: HISTORY | Score: 0.624 | Person ID: 0 | Status: RE_IDENTIFIED
2025-07-09 00:38:07,048 - root - INFO - Person matching: HISTORY | Score: 0.985 | Person ID: 1 | Status: RE_IDENTIFIED
2025-07-09 00:38:07,730 - root - INFO - Person matching: HISTORY | Score: 0.990 | Person ID: 1 | Status: RE_IDENTIFIED
2025-07-09 00:38:08,345 - root - INFO - Person matching: HISTORY | Score: 0.988 | Person ID: 1 | Status: RE_IDENTIFIED
2025-07-09 00:38:08,349 - root - INFO - Person matching: HISTORY | Score: 0.981 | Person ID: 2 | Status: RE_IDENTIFIED
2025-07-09 00:38:09,120 - root - INFO - Person matching: HISTORY | Score: 0.984 | Person ID: 1 | Status: RE_IDENTIFIED
2025-07-09 00:38:09,123 - root - INFO - Person matching: HISTORY | Score: 0.987 | Person ID: 2 | Status: RE_IDENTIFIED
2025-07-09 00:38:10,398 - root - INFO - Person matching: HISTORY | Score: 0.981 | Person ID: 1 | Status: RE_IDENTIFIED
2025-07-09 00:38:10,404 - root - INFO - Person matching: HISTORY | Score: 0.970 | Person ID: 2 | Status: RE_IDENTIFIED
2025-07-09 00:38:11,429 - root - INFO - Person matching: HISTORY | Score: 0.983 | Person ID: 1 | Status: RE_IDENTIFIED
2025-07-09 00:38:11,436 - root - INFO - Person matching: HISTORY | Score: 0.985 | Person ID: 2 | Status: RE_IDENTIFIED
2025-07-09 00:38:12,554 - root - INFO - Person matching: HISTORY | Score: 0.978 | Person ID: 1 | Status: RE_IDENTIFIED
2025-07-09 00:38:12,559 - root - INFO - Person matching: HISTORY | Score: 0.989 | Person ID: 2 | Status: RE_IDENTIFIED
2025-07-09 00:38:13,556 - root - INFO - Person matching: HISTORY | Score: 0.971 | Person ID: 1 | Status: RE_IDENTIFIED
2025-07-09 00:38:13,558 - root - INFO - Person matching: HISTORY | Score: 0.993 | Person ID: 2 | Status: RE_IDENTIFIED
2025-07-09 00:38:14,507 - root - INFO - Person matching: HISTORY | Score: 0.967 | Person ID: 1 | Status: RE_IDENTIFIED
2025-07-09 00:38:14,515 - root - INFO - Person matching: HISTORY | Score: 0.993 | Person ID: 2 | Status: RE_IDENTIFIED
2025-07-09 00:38:15,618 - root - INFO - Person matching: HISTORY | Score: 0.947 | Person ID: 1 | Status: RE_IDENTIFIED
2025-07-09 00:38:15,620 - root - INFO - Person matching: HISTORY | Score: 0.993 | Person ID: 2 | Status: RE_IDENTIFIED
2025-07-09 00:38:16,406 - root - INFO - Person matching: HISTORY | Score: 0.945 | Person ID: 1 | Status: RE_IDENTIFIED
2025-07-09 00:38:17,067 - root - INFO - Person matching: HISTORY | Score: 0.956 | Person ID: 1 | Status: RE_IDENTIFIED
2025-07-09 00:38:17,685 - root - INFO - Person matching: HISTORY | Score: 0.959 | Person ID: 1 | Status: RE_IDENTIFIED
2025-07-09 00:38:18,388 - root - INFO - Person matching: HISTORY | Score: 0.964 | Person ID: 1 | Status: RE_IDENTIFIED
2025-07-09 00:38:19,079 - root - INFO - Person matching: HISTORY | Score: 0.968 | Person ID: 1 | Status: RE_IDENTIFIED
2025-07-09 00:38:19,709 - root - INFO - Person matching: HISTORY | Score: 0.970 | Person ID: 1 | Status: RE_IDENTIFIED
2025-07-09 00:38:20,224 - root - INFO - Person matching: HISTORY | Score: 0.969 | Person ID: 1 | Status: RE_IDENTIFIED
2025-07-09 00:38:20,748 - root - INFO - Person matching: HISTORY | Score: 0.971 | Person ID: 1 | Status: RE_IDENTIFIED
2025-07-09 00:38:21,233 - root - INFO - Person matching: HISTORY | Score: 0.970 | Person ID: 1 | Status: RE_IDENTIFIED
2025-07-09 00:38:21,741 - root - INFO - Person matching: HISTORY | Score: 0.973 | Person ID: 1 | Status: RE_IDENTIFIED
2025-07-09 00:38:22,325 - root - INFO - Person matching: HISTORY | Score: 0.973 | Person ID: 1 | Status: RE_IDENTIFIED
2025-07-09 00:38:22,881 - root - INFO - Person matching: HISTORY | Score: 0.974 | Person ID: 1 | Status: RE_IDENTIFIED
2025-07-09 00:38:23,334 - root - INFO - Person matching: HISTORY | Score: 0.976 | Person ID: 1 | Status: RE_IDENTIFIED
2025-07-09 00:38:23,884 - root - INFO - Person matching: HISTORY | Score: 0.978 | Person ID: 1 | Status: RE_IDENTIFIED
2025-07-09 00:38:24,528 - root - INFO - Person matching: HISTORY | Score: 0.981 | Person ID: 1 | Status: RE_IDENTIFIED
2025-07-09 00:38:25,227 - root - INFO - Person matching: HISTORY | Score: 0.978 | Person ID: 1 | Status: RE_IDENTIFIED
2025-07-09 00:38:25,921 - root - INFO - Person matching: HISTORY | Score: 0.981 | Person ID: 1 | Status: RE_IDENTIFIED
2025-07-09 00:38:26,928 - root - INFO - Person matching: HISTORY | Score: 0.982 | Person ID: 1 | Status: RE_IDENTIFIED
2025-07-09 00:38:26,934 - root - INFO - Person matching: HISTORY | Score: 0.669 | Person ID: 0 | Status: RE_IDENTIFIED
2025-07-09 00:38:27,869 - root - INFO - Person matching: HISTORY | Score: 0.983 | Person ID: 1 | Status: RE_IDENTIFIED
2025-07-09 00:38:27,873 - root - INFO - Person matching: HISTORY | Score: 0.687 | Person ID: 0 | Status: RE_IDENTIFIED
2025-07-09 00:38:28,449 - root - INFO - Person matching: HISTORY | Score: 0.982 | Person ID: 1 | Status: RE_IDENTIFIED
2025-07-09 00:38:28,458 - root - INFO - Person matching: HISTORY | Score: 0.734 | Person ID: 0 | Status: RE_IDENTIFIED
2025-07-09 00:38:29,039 - root - INFO - Person matching: HISTORY | Score: 0.839 | Person ID: 1 | Status: RE_IDENTIFIED
2025-07-09 00:38:29,047 - root - INFO - Person matching: HISTORY | Score: 0.803 | Person ID: 0 | Status: RE_IDENTIFIED
2025-07-09 00:38:29,671 - root - INFO - Person matching: HISTORY | Score: 0.847 | Person ID: 1 | Status: RE_IDENTIFIED
2025-07-09 00:38:29,674 - root - INFO - Person matching: HISTORY | Score: 0.812 | Person ID: 0 | Status: RE_IDENTIFIED
2025-07-09 00:38:30,227 - root - INFO - Person matching: HISTORY | Score: 0.859 | Person ID: 1 | Status: RE_IDENTIFIED
2025-07-09 00:38:30,231 - root - INFO - Person matching: HISTORY | Score: 0.812 | Person ID: 0 | Status: RE_IDENTIFIED
2025-07-09 00:38:30,945 - root - INFO - Person matching: HISTORY | Score: 0.872 | Person ID: 1 | Status: RE_IDENTIFIED
2025-07-09 00:38:30,947 - root - INFO - Person matching: HISTORY | Score: 0.815 | Person ID: 0 | Status: RE_IDENTIFIED
2025-07-09 00:38:31,533 - root - INFO - Person matching: HISTORY | Score: 0.887 | Person ID: 1 | Status: RE_IDENTIFIED
2025-07-09 00:38:31,536 - root - INFO - Person matching: HISTORY | Score: 0.820 | Person ID: 0 | Status: RE_IDENTIFIED
2025-07-09 00:38:32,142 - root - INFO - Person matching: HISTORY | Score: 0.887 | Person ID: 1 | Status: RE_IDENTIFIED
2025-07-09 00:38:32,146 - root - INFO - Person matching: HISTORY | Score: 0.829 | Person ID: 0 | Status: RE_IDENTIFIED
2025-07-09 00:38:32,767 - root - INFO - Person matching: HISTORY | Score: 0.898 | Person ID: 1 | Status: RE_IDENTIFIED
2025-07-09 00:38:32,770 - root - INFO - Person matching: HISTORY | Score: 0.835 | Person ID: 0 | Status: RE_IDENTIFIED
2025-07-09 00:38:33,309 - root - INFO - Person matching: HISTORY | Score: 0.898 | Person ID: 1 | Status: RE_IDENTIFIED
2025-07-09 00:38:33,313 - root - INFO - Person matching: HISTORY | Score: 0.849 | Person ID: 0 | Status: RE_IDENTIFIED
2025-07-09 00:38:34,003 - root - INFO - Person matching: HISTORY | Score: 0.898 | Person ID: 1 | Status: RE_IDENTIFIED
2025-07-09 00:38:34,017 - root - INFO - Person matching: HISTORY | Score: 0.848 | Person ID: 0 | Status: RE_IDENTIFIED
2025-07-09 00:38:34,822 - root - INFO - Person matching: HISTORY | Score: 0.904 | Person ID: 1 | Status: RE_IDENTIFIED
2025-07-09 00:38:34,827 - root - INFO - Person matching: HISTORY | Score: 0.858 | Person ID: 0 | Status: RE_IDENTIFIED
2025-07-09 00:38:35,405 - root - INFO - Person matching: HISTORY | Score: 0.905 | Person ID: 1 | Status: RE_IDENTIFIED
2025-07-09 00:38:35,409 - root - INFO - Person matching: HISTORY | Score: 0.855 | Person ID: 0 | Status: RE_IDENTIFIED
2025-07-09 00:38:36,456 - root - INFO - Person matching: HISTORY | Score: 0.912 | Person ID: 1 | Status: RE_IDENTIFIED
2025-07-09 00:38:36,466 - root - INFO - Person matching: HISTORY | Score: 0.869 | Person ID: 0 | Status: RE_IDENTIFIED
2025-07-09 00:38:37,150 - root - INFO - Person matching: HISTORY | Score: 0.914 | Person ID: 1 | Status: RE_IDENTIFIED
2025-07-09 00:38:37,153 - root - INFO - Person matching: HISTORY | Score: 0.905 | Person ID: 0 | Status: RE_IDENTIFIED
2025-07-09 00:38:37,757 - root - INFO - Person matching: HISTORY | Score: 0.923 | Person ID: 1 | Status: RE_IDENTIFIED
2025-07-09 00:38:37,759 - root - INFO - Person matching: HISTORY | Score: 0.915 | Person ID: 0 | Status: RE_IDENTIFIED
2025-07-09 00:38:38,384 - root - INFO - Person matching: HISTORY | Score: 0.943 | Person ID: 1 | Status: RE_IDENTIFIED
2025-07-09 00:38:38,386 - root - INFO - Person matching: HISTORY | Score: 0.839 | Person ID: 0 | Status: RE_IDENTIFIED
2025-07-09 00:38:38,924 - root - INFO - Person matching: HISTORY | Score: 0.937 | Person ID: 1 | Status: RE_IDENTIFIED
2025-07-09 00:38:38,926 - root - INFO - Person matching: HISTORY | Score: 0.853 | Person ID: 0 | Status: RE_IDENTIFIED
2025-07-09 00:38:39,513 - root - INFO - Person matching: HISTORY | Score: 0.943 | Person ID: 1 | Status: RE_IDENTIFIED
2025-07-09 00:38:39,515 - root - INFO - Person matching: HISTORY | Score: 0.858 | Person ID: 0 | Status: RE_IDENTIFIED
2025-07-09 00:38:40,209 - root - INFO - Person matching: HISTORY | Score: 0.916 | Person ID: 1 | Status: RE_IDENTIFIED
2025-07-09 00:38:40,217 - root - INFO - Person matching: HISTORY | Score: 0.932 | Person ID: 0 | Status: RE_IDENTIFIED
2025-07-09 00:38:41,168 - root - INFO - Person matching: HISTORY | Score: 0.918 | Person ID: 1 | Status: RE_IDENTIFIED
2025-07-09 00:38:41,176 - root - INFO - Person matching: HISTORY | Score: 0.937 | Person ID: 0 | Status: RE_IDENTIFIED
2025-07-09 00:38:42,177 - root - INFO - Person matching: HISTORY | Score: 0.919 | Person ID: 1 | Status: RE_IDENTIFIED
2025-07-09 00:38:42,178 - root - INFO - Person matching: HISTORY | Score: 0.939 | Person ID: 0 | Status: RE_IDENTIFIED
2025-07-09 00:38:43,058 - root - INFO - Person matching: HISTORY | Score: 0.920 | Person ID: 1 | Status: RE_IDENTIFIED
2025-07-09 00:38:43,069 - root - INFO - Person matching: HISTORY | Score: 0.940 | Person ID: 0 | Status: RE_IDENTIFIED
2025-07-09 00:38:43,641 - root - INFO - Person matching: HISTORY | Score: 0.919 | Person ID: 1 | Status: RE_IDENTIFIED
2025-07-09 00:38:43,646 - root - INFO - Person matching: HISTORY | Score: 0.945 | Person ID: 0 | Status: RE_IDENTIFIED
2025-07-09 00:38:44,463 - root - INFO - Person matching: HISTORY | Score: 0.920 | Person ID: 1 | Status: RE_IDENTIFIED
2025-07-09 00:38:44,475 - root - INFO - Person matching: HISTORY | Score: 0.940 | Person ID: 0 | Status: RE_IDENTIFIED
2025-07-09 00:38:46,277 - root - INFO - Person matching: HISTORY | Score: 0.917 | Person ID: 1 | Status: RE_IDENTIFIED
2025-07-09 00:38:46,290 - root - INFO - Person matching: HISTORY | Score: 0.944 | Person ID: 0 | Status: RE_IDENTIFIED
2025-07-09 00:38:48,079 - root - INFO - Person matching: HISTORY | Score: 0.918 | Person ID: 1 | Status: RE_IDENTIFIED
2025-07-09 00:38:48,084 - root - INFO - Person matching: HISTORY | Score: 0.944 | Person ID: 0 | Status: RE_IDENTIFIED
2025-07-09 00:38:48,878 - root - INFO - Person matching: HISTORY | Score: 0.917 | Person ID: 1 | Status: RE_IDENTIFIED
2025-07-09 00:38:48,880 - root - INFO - Person matching: HISTORY | Score: 0.944 | Person ID: 0 | Status: RE_IDENTIFIED
2025-07-09 00:38:49,863 - root - INFO - Person matching: HISTORY | Score: 0.949 | Person ID: 0 | Status: RE_IDENTIFIED
2025-07-09 00:38:49,866 - root - INFO - Person matching: HISTORY | Score: 0.917 | Person ID: 1 | Status: RE_IDENTIFIED
2025-07-09 00:38:50,776 - root - INFO - Person matching: HISTORY | Score: 0.948 | Person ID: 0 | Status: RE_IDENTIFIED
2025-07-09 00:38:50,779 - root - INFO - Person matching: HISTORY | Score: 0.915 | Person ID: 1 | Status: RE_IDENTIFIED
2025-07-09 00:38:51,790 - root - INFO - Person matching: HISTORY | Score: 0.951 | Person ID: 0 | Status: RE_IDENTIFIED
2025-07-09 00:38:51,795 - root - INFO - Person matching: HISTORY | Score: 0.915 | Person ID: 1 | Status: RE_IDENTIFIED
2025-07-09 00:38:52,757 - root - INFO - Person matching: HISTORY | Score: 0.952 | Person ID: 0 | Status: RE_IDENTIFIED
2025-07-09 00:38:52,765 - root - INFO - Person matching: HISTORY | Score: 0.914 | Person ID: 1 | Status: RE_IDENTIFIED
2025-07-09 00:38:54,276 - root - INFO - Person matching: HISTORY | Score: 0.955 | Person ID: 0 | Status: RE_IDENTIFIED
2025-07-09 00:38:54,313 - root - INFO - Person matching: HISTORY | Score: 0.910 | Person ID: 1 | Status: RE_IDENTIFIED
2025-07-09 00:38:56,673 - root - INFO - Person matching: HISTORY | Score: 0.957 | Person ID: 0 | Status: RE_IDENTIFIED
2025-07-09 00:38:56,690 - root - INFO - Person matching: HISTORY | Score: 0.911 | Person ID: 1 | Status: RE_IDENTIFIED
2025-07-09 00:38:57,854 - root - INFO - Person matching: HISTORY | Score: 0.957 | Person ID: 0 | Status: RE_IDENTIFIED
2025-07-09 00:38:57,859 - root - INFO - Person matching: HISTORY | Score: 0.908 | Person ID: 1 | Status: RE_IDENTIFIED
2025-07-09 00:38:59,159 - root - INFO - Person matching: HISTORY | Score: 0.959 | Person ID: 0 | Status: RE_IDENTIFIED
2025-07-09 00:38:59,166 - root - INFO - Person matching: HISTORY | Score: 0.909 | Person ID: 1 | Status: RE_IDENTIFIED
2025-07-09 00:39:00,647 - root - INFO - Person matching: HISTORY | Score: 0.960 | Person ID: 0 | Status: RE_IDENTIFIED
2025-07-09 00:39:00,655 - root - INFO - Person matching: HISTORY | Score: 0.905 | Person ID: 1 | Status: RE_IDENTIFIED
2025-07-09 00:39:01,958 - root - INFO - Person matching: HISTORY | Score: 0.962 | Person ID: 0 | Status: RE_IDENTIFIED
2025-07-09 00:39:01,996 - root - INFO - Person matching: HISTORY | Score: 0.900 | Person ID: 1 | Status: RE_IDENTIFIED
2025-07-09 00:39:02,834 - root - INFO - Person matching: HISTORY | Score: 0.954 | Person ID: 0 | Status: RE_IDENTIFIED
2025-07-09 00:39:02,837 - root - INFO - Person matching: HISTORY | Score: 0.920 | Person ID: 1 | Status: RE_IDENTIFIED
2025-07-09 00:39:03,528 - root - INFO - Person matching: HISTORY | Score: 0.954 | Person ID: 0 | Status: RE_IDENTIFIED
2025-07-09 00:39:03,533 - root - INFO - Person matching: HISTORY | Score: 0.926 | Person ID: 1 | Status: RE_IDENTIFIED
2025-07-09 00:39:04,046 - root - INFO - Person matching: HISTORY | Score: 0.955 | Person ID: 0 | Status: RE_IDENTIFIED
2025-07-09 00:39:04,049 - root - INFO - Person matching: HISTORY | Score: 0.929 | Person ID: 1 | Status: RE_IDENTIFIED
2025-07-09 00:39:04,622 - root - INFO - Person matching: HISTORY | Score: 0.953 | Person ID: 0 | Status: RE_IDENTIFIED
2025-07-09 00:39:04,624 - root - INFO - Person matching: HISTORY | Score: 0.936 | Person ID: 1 | Status: RE_IDENTIFIED
2025-07-09 00:39:05,325 - root - INFO - Person matching: HISTORY | Score: 0.950 | Person ID: 0 | Status: RE_IDENTIFIED
2025-07-09 00:39:05,330 - root - INFO - Person matching: HISTORY | Score: 0.933 | Person ID: 1 | Status: RE_IDENTIFIED
2025-07-09 00:39:06,161 - root - INFO - Person matching: HISTORY | Score: 0.955 | Person ID: 0 | Status: RE_IDENTIFIED
2025-07-09 00:39:06,165 - root - INFO - Person matching: HISTORY | Score: 0.932 | Person ID: 1 | Status: RE_IDENTIFIED
2025-07-09 00:39:06,935 - root - INFO - Person matching: HISTORY | Score: 0.960 | Person ID: 0 | Status: RE_IDENTIFIED
2025-07-09 00:39:06,939 - root - INFO - Person matching: HISTORY | Score: 0.933 | Person ID: 1 | Status: RE_IDENTIFIED
2025-07-09 00:39:07,740 - root - INFO - Person matching: HISTORY | Score: 0.962 | Person ID: 0 | Status: RE_IDENTIFIED
2025-07-09 00:39:07,746 - root - INFO - Person matching: HISTORY | Score: 0.933 | Person ID: 1 | Status: RE_IDENTIFIED
2025-07-09 00:39:08,415 - root - INFO - Person matching: HISTORY | Score: 0.962 | Person ID: 0 | Status: RE_IDENTIFIED
2025-07-09 00:39:08,420 - root - INFO - Person matching: HISTORY | Score: 0.934 | Person ID: 1 | Status: RE_IDENTIFIED
2025-07-09 00:39:09,056 - root - INFO - Person matching: HISTORY | Score: 0.966 | Person ID: 0 | Status: RE_IDENTIFIED
2025-07-09 00:39:09,059 - root - INFO - Person matching: HISTORY | Score: 0.852 | Person ID: 1 | Status: RE_IDENTIFIED
2025-07-09 00:39:09,773 - root - INFO - Person matching: HISTORY | Score: 0.967 | Person ID: 0 | Status: RE_IDENTIFIED
2025-07-09 00:39:09,776 - root - INFO - Person matching: HISTORY | Score: 0.854 | Person ID: 1 | Status: RE_IDENTIFIED
2025-07-09 00:39:10,606 - root - INFO - Person matching: HISTORY | Score: 0.973 | Person ID: 0 | Status: RE_IDENTIFIED
2025-07-09 00:39:10,610 - root - INFO - Person matching: HISTORY | Score: 0.854 | Person ID: 1 | Status: RE_IDENTIFIED
2025-07-09 00:39:11,711 - root - INFO - Person matching: HISTORY | Score: 0.966 | Person ID: 0 | Status: RE_IDENTIFIED
2025-07-09 00:39:11,720 - root - INFO - Person matching: HISTORY | Score: 0.938 | Person ID: 1 | Status: RE_IDENTIFIED
2025-07-09 00:39:12,758 - root - INFO - Person matching: HISTORY | Score: 0.968 | Person ID: 0 | Status: RE_IDENTIFIED
2025-07-09 00:39:12,769 - root - INFO - Person matching: HISTORY | Score: 0.941 | Person ID: 1 | Status: RE_IDENTIFIED
2025-07-09 00:39:13,707 - root - INFO - Person matching: HISTORY | Score: 0.965 | Person ID: 0 | Status: RE_IDENTIFIED
2025-07-09 00:39:13,712 - root - INFO - Person matching: HISTORY | Score: 0.939 | Person ID: 1 | Status: RE_IDENTIFIED
2025-07-09 00:39:14,286 - root - INFO - Person matching: HISTORY | Score: 0.964 | Person ID: 0 | Status: RE_IDENTIFIED
2025-07-09 00:39:14,289 - root - INFO - Person matching: HISTORY | Score: 0.941 | Person ID: 1 | Status: RE_IDENTIFIED
2025-07-09 00:39:14,875 - root - INFO - Person matching: HISTORY | Score: 0.964 | Person ID: 0 | Status: RE_IDENTIFIED
2025-07-09 00:39:14,884 - root - INFO - Person matching: HISTORY | Score: 0.945 | Person ID: 1 | Status: RE_IDENTIFIED
2025-07-09 00:39:15,500 - root - INFO - Person matching: HISTORY | Score: 0.961 | Person ID: 0 | Status: RE_IDENTIFIED
2025-07-09 00:39:15,505 - root - INFO - Person matching: HISTORY | Score: 0.948 | Person ID: 1 | Status: RE_IDENTIFIED
2025-07-09 00:39:16,188 - root - INFO - Person matching: HISTORY | Score: 0.959 | Person ID: 0 | Status: RE_IDENTIFIED
2025-07-09 00:39:16,195 - root - INFO - Person matching: HISTORY | Score: 0.951 | Person ID: 1 | Status: RE_IDENTIFIED
2025-07-09 00:39:17,128 - root - INFO - Person matching: HISTORY | Score: 0.959 | Person ID: 0 | Status: RE_IDENTIFIED
2025-07-09 00:39:17,130 - root - INFO - Person matching: HISTORY | Score: 0.954 | Person ID: 1 | Status: RE_IDENTIFIED
2025-07-09 00:39:17,821 - root - INFO - Person matching: HISTORY | Score: 0.956 | Person ID: 0 | Status: RE_IDENTIFIED
2025-07-09 00:39:17,828 - root - INFO - Person matching: HISTORY | Score: 0.957 | Person ID: 1 | Status: RE_IDENTIFIED
2025-07-09 00:39:18,506 - root - INFO - Person matching: HISTORY | Score: 0.957 | Person ID: 0 | Status: RE_IDENTIFIED
2025-07-09 00:39:18,513 - root - INFO - Person matching: HISTORY | Score: 0.957 | Person ID: 1 | Status: RE_IDENTIFIED
2025-07-09 00:39:19,230 - root - INFO - Person matching: HISTORY | Score: 0.953 | Person ID: 0 | Status: RE_IDENTIFIED
2025-07-09 00:39:19,233 - root - INFO - Person matching: HISTORY | Score: 0.959 | Person ID: 1 | Status: RE_IDENTIFIED
2025-07-09 00:39:19,835 - root - INFO - Person matching: HISTORY | Score: 0.950 | Person ID: 0 | Status: RE_IDENTIFIED
2025-07-09 00:39:19,837 - root - INFO - Person matching: HISTORY | Score: 0.957 | Person ID: 1 | Status: RE_IDENTIFIED
2025-07-09 00:39:20,382 - root - INFO - Person matching: HISTORY | Score: 0.950 | Person ID: 0 | Status: RE_IDENTIFIED
2025-07-09 00:39:20,385 - root - INFO - Person matching: HISTORY | Score: 0.956 | Person ID: 1 | Status: RE_IDENTIFIED
2025-07-09 00:39:21,315 - root - INFO - Person matching: HISTORY | Score: 0.947 | Person ID: 0 | Status: RE_IDENTIFIED
2025-07-09 00:39:21,329 - root - INFO - Person matching: HISTORY | Score: 0.956 | Person ID: 1 | Status: RE_IDENTIFIED
2025-07-09 00:39:22,964 - root - INFO - Person matching: HISTORY | Score: 0.945 | Person ID: 0 | Status: RE_IDENTIFIED
2025-07-09 00:39:22,972 - root - INFO - Person matching: HISTORY | Score: 0.957 | Person ID: 1 | Status: RE_IDENTIFIED
2025-07-09 00:39:24,192 - root - INFO - Person matching: HISTORY | Score: 0.946 | Person ID: 0 | Status: RE_IDENTIFIED
2025-07-09 00:39:24,195 - root - INFO - Person matching: HISTORY | Score: 0.957 | Person ID: 1 | Status: RE_IDENTIFIED
2025-07-09 00:39:24,907 - root - INFO - Person matching: HISTORY | Score: 0.941 | Person ID: 0 | Status: RE_IDENTIFIED
2025-07-09 00:39:24,912 - root - INFO - Person matching: HISTORY | Score: 0.957 | Person ID: 1 | Status: RE_IDENTIFIED
2025-07-09 00:39:25,679 - root - INFO - Person matching: HISTORY | Score: 0.938 | Person ID: 0 | Status: RE_IDENTIFIED
2025-07-09 00:39:25,684 - root - INFO - Person matching: HISTORY | Score: 0.958 | Person ID: 1 | Status: RE_IDENTIFIED
2025-07-09 00:39:26,603 - root - INFO - Person matching: HISTORY | Score: 0.939 | Person ID: 0 | Status: RE_IDENTIFIED
2025-07-09 00:39:26,619 - root - INFO - Person matching: HISTORY | Score: 0.960 | Person ID: 1 | Status: RE_IDENTIFIED
2025-07-09 00:39:27,712 - root - INFO - Person matching: HISTORY | Score: 0.935 | Person ID: 0 | Status: RE_IDENTIFIED
2025-07-09 00:39:27,717 - root - INFO - Person matching: HISTORY | Score: 0.960 | Person ID: 1 | Status: RE_IDENTIFIED
2025-07-09 00:39:29,002 - root - INFO - Person matching: HISTORY | Score: 0.930 | Person ID: 0 | Status: RE_IDENTIFIED
2025-07-09 00:39:29,008 - root - INFO - Person matching: HISTORY | Score: 0.961 | Person ID: 1 | Status: RE_IDENTIFIED
2025-07-09 00:39:29,928 - root - INFO - Person matching: HISTORY | Score: 0.926 | Person ID: 0 | Status: RE_IDENTIFIED
2025-07-09 00:39:29,930 - root - INFO - Person matching: HISTORY | Score: 0.961 | Person ID: 1 | Status: RE_IDENTIFIED
2025-07-09 00:39:30,772 - root - INFO - Person matching: HISTORY | Score: 0.924 | Person ID: 0 | Status: RE_IDENTIFIED
2025-07-09 00:39:30,778 - root - INFO - Person matching: HISTORY | Score: 0.963 | Person ID: 1 | Status: RE_IDENTIFIED
2025-07-09 00:39:32,386 - root - INFO - Person matching: HISTORY | Score: 0.921 | Person ID: 0 | Status: RE_IDENTIFIED
2025-07-09 00:39:32,403 - root - INFO - Person matching: HISTORY | Score: 0.964 | Person ID: 1 | Status: RE_IDENTIFIED
2025-07-09 00:39:35,618 - root - INFO - Person matching: HISTORY | Score: 0.919 | Person ID: 0 | Status: RE_IDENTIFIED
2025-07-09 00:39:35,648 - root - INFO - Person matching: HISTORY | Score: 0.966 | Person ID: 1 | Status: RE_IDENTIFIED
2025-07-09 00:39:37,578 - root - INFO - Person matching: HISTORY | Score: 0.981 | Person ID: 0 | Status: RE_IDENTIFIED
2025-07-09 00:39:37,590 - root - INFO - Person matching: HISTORY | Score: 0.762 | Person ID: 1 | Status: RE_IDENTIFIED
2025-07-09 00:39:39,497 - root - INFO - Person matching: HISTORY | Score: 0.910 | Person ID: 0 | Status: RE_IDENTIFIED
2025-07-09 00:39:39,503 - root - INFO - Person matching: HISTORY | Score: 0.974 | Person ID: 1 | Status: RE_IDENTIFIED
2025-07-09 00:39:41,312 - root - INFO - Person matching: HISTORY | Score: 0.909 | Person ID: 0 | Status: RE_IDENTIFIED
2025-07-09 00:39:41,321 - root - INFO - Person matching: HISTORY | Score: 0.977 | Person ID: 1 | Status: RE_IDENTIFIED
2025-07-09 00:39:43,178 - root - INFO - Person matching: HISTORY | Score: 0.901 | Person ID: 0 | Status: RE_IDENTIFIED
2025-07-09 00:39:43,185 - root - INFO - Person matching: HISTORY | Score: 0.973 | Person ID: 1 | Status: RE_IDENTIFIED
2025-07-09 00:39:44,812 - root - INFO - Person matching: HISTORY | Score: 0.895 | Person ID: 0 | Status: RE_IDENTIFIED
2025-07-09 00:39:44,819 - root - INFO - Person matching: HISTORY | Score: 0.972 | Person ID: 1 | Status: RE_IDENTIFIED
2025-07-09 00:39:45,992 - root - INFO - Person matching: HISTORY | Score: 0.889 | Person ID: 0 | Status: RE_IDENTIFIED
2025-07-09 00:39:45,997 - root - INFO - Person matching: HISTORY | Score: 0.972 | Person ID: 1 | Status: RE_IDENTIFIED
2025-07-09 00:39:47,127 - root - INFO - Person matching: HISTORY | Score: 0.884 | Person ID: 0 | Status: RE_IDENTIFIED
2025-07-09 00:39:47,133 - root - INFO - Person matching: HISTORY | Score: 0.972 | Person ID: 1 | Status: RE_IDENTIFIED
2025-07-09 00:39:48,465 - root - INFO - Person matching: HISTORY | Score: 0.875 | Person ID: 0 | Status: RE_IDENTIFIED
2025-07-09 00:39:48,471 - root - INFO - Person matching: HISTORY | Score: 0.971 | Person ID: 1 | Status: RE_IDENTIFIED
2025-07-09 00:39:49,771 - root - INFO - Person matching: HISTORY | Score: 0.861 | Person ID: 0 | Status: RE_IDENTIFIED
2025-07-09 00:39:49,779 - root - INFO - Person matching: HISTORY | Score: 0.971 | Person ID: 1 | Status: RE_IDENTIFIED
2025-07-09 00:39:50,953 - root - INFO - Person matching: HISTORY | Score: 0.842 | Person ID: 0 | Status: RE_IDENTIFIED
2025-07-09 00:39:50,958 - root - INFO - Person matching: HISTORY | Score: 0.971 | Person ID: 1 | Status: RE_IDENTIFIED
2025-07-09 00:39:52,123 - root - INFO - Person matching: HISTORY | Score: 0.845 | Person ID: 0 | Status: RE_IDENTIFIED
2025-07-09 00:39:52,125 - root - INFO - Person matching: HISTORY | Score: 0.970 | Person ID: 1 | Status: RE_IDENTIFIED
2025-07-09 00:39:53,106 - root - INFO - Person matching: HISTORY | Score: 0.989 | Person ID: 0 | Status: RE_IDENTIFIED
2025-07-09 00:39:53,110 - root - INFO - Person matching: HISTORY | Score: 0.785 | Person ID: 2 | Status: RE_IDENTIFIED
2025-07-09 00:39:54,088 - root - INFO - Person matching: HISTORY | Score: 0.990 | Person ID: 0 | Status: RE_IDENTIFIED
2025-07-09 00:39:54,093 - root - INFO - Person matching: HISTORY | Score: 0.839 | Person ID: 2 | Status: RE_IDENTIFIED
2025-07-09 00:39:55,203 - root - INFO - Person matching: HISTORY | Score: 0.989 | Person ID: 0 | Status: RE_IDENTIFIED
2025-07-09 00:39:55,220 - root - INFO - Person matching: HISTORY | Score: 0.874 | Person ID: 2 | Status: RE_IDENTIFIED
2025-07-09 00:39:55,284 - root - INFO - Saved person history to data\persistent\person_history.pkl
2025-07-09 00:39:55,315 - root - INFO - Ended tracking session at 1752039595.2292676
